0:0:0:0:0:0:0:1 - - [11/May/2026:17:51:48 +0200] "GET /front/index.html HTTP/1.1" 200 5521
0:0:0:0:0:0:0:1 - - [11/May/2026:17:51:48 +0200] "GET /front/styles.css?v=2 HTTP/1.1" 200 8091
0:0:0:0:0:0:0:1 - - [11/May/2026:17:51:48 +0200] "GET /front/assets/images/Red_Skip.png HTTP/1.1" 200 26495
0:0:0:0:0:0:0:1 - - [11/May/2026:17:51:48 +0200] "GET /front/assets/images/Deck.png HTTP/1.1" 200 19276
0:0:0:0:0:0:0:1 - - [11/May/2026:17:51:48 +0200] "GET /front/assets/images/Wild_Draw.png HTTP/1.1" 200 25475
0:0:0:0:0:0:0:1 - - [11/May/2026:17:51:48 +0200] "GET /front/script.js?v=5 HTTP/1.1" 200 29583
0:0:0:0:0:0:0:1 - - [11/May/2026:17:51:48 +0200] "GET /front/assets/sons/background.mp3 HTTP/1.1" 206 5572814
0:0:0:0:0:0:0:1 - - [11/May/2026:17:51:49 +0200] "GET /favicon.ico HTTP/1.1" 200 21630
0:0:0:0:0:0:0:1 - - [11/May/2026:17:51:55 +0200] "GET /front/game.html HTTP/1.1" 200 4386
0:0:0:0:0:0:0:1 - - [11/May/2026:17:51:55 +0200] "GET /front/styles.css HTTP/1.1" 200 8091
0:0:0:0:0:0:0:1 - - [11/May/2026:17:51:55 +0200] "GET /front/game.css HTTP/1.1" 200 6636
0:0:0:0:0:0:0:1 - - [11/May/2026:17:51:55 +0200] "GET /front/game.js?v=5 HTTP/1.1" 200 13121
0:0:0:0:0:0:0:1 - - [11/May/2026:17:52:35 +0200] "GET /front/assets/sons/background.mp3 HTTP/1.1" 304 -
0:0:0:0:0:0:0:1 - - [11/May/2026:17:52:47 +0200] "POST /front/api/joueurs HTTP/1.1" 500 3839
127.0.0.1 - - [11/May/2026:17:54:14 +0200] "HEAD /front/index.html HTTP/1.1" 200 -
127.0.0.1 - - [11/May/2026:17:54:14 +0200] "GET /front/index.html HTTP/1.1" 200 5521
0:0:0:0:0:0:0:1 - - [11/May/2026:17:58:05 +0200] "POST /front/api/joueurs HTTP/1.1" 404 604
0:0:0:0:0:0:0:1 - - [11/May/2026:17:58:44 +0200] "GET /front/index.html HTTP/1.1" 304 -
0:0:0:0:0:0:0:1 - - [11/May/2026:17:58:44 +0200] "GET /front/styles.css?v=2 HTTP/1.1" 304 -
0:0:0:0:0:0:0:1 - - [11/May/2026:17:58:44 +0200] "GET /front/assets/images/Red_Skip.png HTTP/1.1" 304 -
0:0:0:0:0:0:0:1 - - [11/May/2026:17:58:44 +0200] "GET /front/assets/images/Deck.png HTTP/1.1" 304 -
0:0:0:0:0:0:0:1 - - [11/May/2026:17:58:44 +0200] "GET /front/assets/images/Wild_Draw.png HTTP/1.1" 304 -
0:0:0:0:0:0:0:1 - - [11/May/2026:17:58:44 +0200] "GET /front/assets/sons/background.mp3 HTTP/1.1" 304 -
0:0:0:0:0:0:0:1 - - [11/May/2026:17:58:44 +0200] "GET /front/script.js?v=5 HTTP/1.1" 304 -
0:0:0:0:0:0:0:1 - - [11/May/2026:17:58:54 +0200] "GET /favicon.ico HTTP/1.1" 304 -
0:0:0:0:0:0:0:1 - - [11/May/2026:17:59:09 +0200] "POST /front/api/joueurs HTTP/1.1" 404 604
0:0:0:0:0:0:0:1 - - [11/May/2026:17:59:29 +0200] "GET /back/api/joueurs HTTP/1.1" 404 276
0:0:0:0:0:0:0:1 - - [11/May/2026:17:59:41 +0200] "GET /back/ HTTP/1.1" 404 276
127.0.0.1 - - [11/May/2026:18:02:45 +0200] "GET /back/api/games/active HTTP/1.1" 404 116
127.0.0.1 - - [11/May/2026:18:03:47 +0200] "GET /back/games HTTP/1.1" 500 117
127.0.0.1 - - [11/May/2026:18:04:24 +0200] "GET /back/games HTTP/1.1" 200 1080
0:0:0:0:0:0:0:1 - - [11/May/2026:18:04:55 +0200] "GET /front/game.html HTTP/1.1" 200 4386
0:0:0:0:0:0:0:1 - - [11/May/2026:18:04:55 +0200] "GET /front/styles.css HTTP/1.1" 200 8091
0:0:0:0:0:0:0:1 - - [11/May/2026:18:04:55 +0200] "GET /front/game.css HTTP/1.1" 200 6636
0:0:0:0:0:0:0:1 - - [11/May/2026:18:04:55 +0200] "GET /front/game.js?v=5 HTTP/1.1" 200 13121
0:0:0:0:0:0:0:1 - - [11/May/2026:18:04:55 +0200] "GET /front/assets/sons/background.mp3 HTTP/1.1" 206 5572814
0:0:0:0:0:0:0:1 - - [11/May/2026:18:04:55 +0200] "GET /front/index.html HTTP/1.1" 200 5521
0:0:0:0:0:0:0:1 - - [11/May/2026:18:04:55 +0200] "GET /front/assets/sons/background.mp3 HTTP/1.1" 206 5572814
0:0:0:0:0:0:0:1 - - [11/May/2026:18:04:55 +0200] "GET /front/styles.css?v=2 HTTP/1.1" 200 8091
0:0:0:0:0:0:0:1 - - [11/May/2026:18:04:55 +0200] "GET /front/assets/images/Red_Skip.png HTTP/1.1" 200 26495
0:0:0:0:0:0:0:1 - - [11/May/2026:18:04:55 +0200] "GET /front/assets/images/Wild_Draw.png HTTP/1.1" 200 25475
0:0:0:0:0:0:0:1 - - [11/May/2026:18:04:55 +0200] "GET /front/script.js?v=5 HTTP/1.1" 200 29583
0:0:0:0:0:0:0:1 - - [11/May/2026:18:04:55 +0200] "GET /front/assets/images/Deck.png HTTP/1.1" 200 19276
0:0:0:0:0:0:0:1 - - [11/May/2026:18:05:00 +0200] "GET /favicon.ico HTTP/1.1" 304 -
0:0:0:0:0:0:0:1 - - [11/May/2026:18:05:14 +0200] "GET /front/index.html HTTP/1.1" 304 -
0:0:0:0:0:0:0:1 - - [11/May/2026:18:05:14 +0200] "GET /front/styles.css?v=2 HTTP/1.1" 304 -
0:0:0:0:0:0:0:1 - - [11/May/2026:18:05:14 +0200] "GET /front/assets/images/Wild_Draw.png HTTP/1.1" 304 -
0:0:0:0:0:0:0:1 - - [11/May/2026:18:05:14 +0200] "GET /front/assets/images/Deck.png HTTP/1.1" 304 -
0:0:0:0:0:0:0:1 - - [11/May/2026:18:05:14 +0200] "GET /front/assets/images/Red_Skip.png HTTP/1.1" 304 -
0:0:0:0:0:0:0:1 - - [11/May/2026:18:05:14 +0200] "GET /front/script.js?v=5 HTTP/1.1" 304 -
0:0:0:0:0:0:0:1 - - [11/May/2026:18:05:14 +0200] "GET /front/assets/sons/background.mp3 HTTP/1.1" 206 5572814
0:0:0:0:0:0:0:1 - - [11/May/2026:18:05:19 +0200] "GET /front/assets/sons/background.mp3 HTTP/1.1" 206 5572814
0:0:0:0:0:0:0:1 - - [11/May/2026:18:05:28 +0200] "POST /front/api/joueurs HTTP/1.1" 500 3839
0:0:0:0:0:0:0:1 - - [11/May/2026:18:06:37 +0200] "GET /front/index.html HTTP/1.1" 404 701
0:0:0:0:0:0:0:1 - - [11/May/2026:18:06:37 +0200] "GET /front/assets/sons/background.mp3 HTTP/1.1" 404 725
0:0:0:0:0:0:0:1 - - [11/May/2026:18:06:38 +0200] "GET /front/index.html HTTP/1.1" 404 701
0:0:0:0:0:0:0:1 - - [11/May/2026:18:06:38 +0200] "GET /front/index.html HTTP/1.1" 404 701
0:0:0:0:0:0:0:1 - - [11/May/2026:18:06:38 +0200] "GET /front/index.html HTTP/1.1" 404 701
0:0:0:0:0:0:0:1 - - [11/May/2026:18:06:38 +0200] "GET /front/index.html HTTP/1.1" 404 701
0:0:0:0:0:0:0:1 - - [11/May/2026:18:06:39 +0200] "GET /front/index.html HTTP/1.1" 404 701
0:0:0:0:0:0:0:1 - - [11/May/2026:18:06:39 +0200] "GET /front/index.html HTTP/1.1" 404 701
0:0:0:0:0:0:0:1 - - [11/May/2026:18:06:39 +0200] "GET /front/index.html HTTP/1.1" 404 701
0:0:0:0:0:0:0:1 - - [11/May/2026:18:06:40 +0200] "GET /front/index.html HTTP/1.1" 404 701
0:0:0:0:0:0:0:1 - - [11/May/2026:18:06:40 +0200] "GET /front/index.html HTTP/1.1" 404 701
0:0:0:0:0:0:0:1 - - [11/May/2026:18:06:40 +0200] "GET /front/index.html HTTP/1.1" 404 701
0:0:0:0:0:0:0:1 - - [11/May/2026:18:06:41 +0200] "GET /front/index.html HTTP/1.1" 404 701
0:0:0:0:0:0:0:1 - - [11/May/2026:18:06:41 +0200] "GET /front/index.html HTTP/1.1" 404 701
0:0:0:0:0:0:0:1 - - [11/May/2026:18:06:41 +0200] "GET /front/index.html HTTP/1.1" 404 701
0:0:0:0:0:0:0:1 - - [11/May/2026:18:06:41 +0200] "GET /front/index.html HTTP/1.1" 404 701
0:0:0:0:0:0:0:1 - - [11/May/2026:18:06:42 +0200] "GET /front/index.html HTTP/1.1" 404 701
0:0:0:0:0:0:0:1 - - [11/May/2026:18:06:42 +0200] "GET /front/index.html HTTP/1.1" 404 701
0:0:0:0:0:0:0:1 - - [11/May/2026:18:06:42 +0200] "GET /front/index.html HTTP/1.1" 404 701
0:0:0:0:0:0:0:1 - - [11/May/2026:18:06:43 +0200] "GET /front/index.html HTTP/1.1" 404 701
0:0:0:0:0:0:0:1 - - [11/May/2026:18:06:43 +0200] "GET /front/index.html HTTP/1.1" 404 701
0:0:0:0:0:0:0:1 - - [11/May/2026:18:06:43 +0200] "GET /front/index.html HTTP/1.1" 404 701
0:0:0:0:0:0:0:1 - - [11/May/2026:18:06:43 +0200] "GET /front/index.html HTTP/1.1" 404 701
0:0:0:0:0:0:0:1 - - [11/May/2026:18:06:44 +0200] "GET /front/index.html HTTP/1.1" 404 701
0:0:0:0:0:0:0:1 - - [11/May/2026:18:06:44 +0200] "GET /front/index.html HTTP/1.1" 404 701
0:0:0:0:0:0:0:1 - - [11/May/2026:18:06:45 +0200] "GET /front/index.html HTTP/1.1" 404 701
0:0:0:0:0:0:0:1 - - [11/May/2026:18:06:45 +0200] "GET /front/index.html HTTP/1.1" 200 5521
0:0:0:0:0:0:0:1 - - [11/May/2026:18:06:45 +0200] "GET /front/styles.css?v=2 HTTP/1.1" 200 8091
0:0:0:0:0:0:0:1 - - [11/May/2026:18:06:45 +0200] "GET /front/assets/images/Deck.png HTTP/1.1" 200 19276
0:0:0:0:0:0:0:1 - - [11/May/2026:18:06:45 +0200] "GET /front/assets/sons/background.mp3 HTTP/1.1" 206 5572814
0:0:0:0:0:0:0:1 - - [11/May/2026:18:06:45 +0200] "GET /front/assets/images/Red_Skip.png HTTP/1.1" 200 26495
0:0:0:0:0:0:0:1 - - [11/May/2026:18:06:45 +0200] "GET /front/assets/images/Wild_Draw.png HTTP/1.1" 200 25475
0:0:0:0:0:0:0:1 - - [11/May/2026:18:06:45 +0200] "GET /front/script.js?v=5 HTTP/1.1" 200 29583
0:0:0:0:0:0:0:1 - - [11/May/2026:18:06:48 +0200] "GET /front/index.html HTTP/1.1" 304 -
0:0:0:0:0:0:0:1 - - [11/May/2026:18:06:48 +0200] "GET /front/styles.css?v=2 HTTP/1.1" 200 8091
0:0:0:0:0:0:0:1 - - [11/May/2026:18:06:48 +0200] "GET /front/assets/sons/background.mp3 HTTP/1.1" 206 5572814
0:0:0:0:0:0:0:1 - - [11/May/2026:18:06:48 +0200] "GET /front/assets/images/Deck.png HTTP/1.1" 200 19276
0:0:0:0:0:0:0:1 - - [11/May/2026:18:06:48 +0200] "GET /front/assets/images/Red_Skip.png HTTP/1.1" 200 26495
0:0:0:0:0:0:0:1 - - [11/May/2026:18:06:48 +0200] "GET /front/assets/images/Wild_Draw.png HTTP/1.1" 200 25475
0:0:0:0:0:0:0:1 - - [11/May/2026:18:06:48 +0200] "GET /front/script.js?v=5 HTTP/1.1" 200 29583
0:0:0:0:0:0:0:1 - - [11/May/2026:18:06:48 +0200] "GET /front/index.html HTTP/1.1" 304 -
0:0:0:0:0:0:0:1 - - [11/May/2026:18:06:48 +0200] "GET /front/assets/sons/background.mp3 HTTP/1.1" 206 5572814
0:0:0:0:0:0:0:1 - - [11/May/2026:18:06:50 +0200] "GET /front/index.html HTTP/1.1" 304 -
0:0:0:0:0:0:0:1 - - [11/May/2026:18:06:50 +0200] "GET /front/styles.css?v=2 HTTP/1.1" 200 8091
0:0:0:0:0:0:0:1 - - [11/May/2026:18:06:50 +0200] "GET /front/assets/sons/background.mp3 HTTP/1.1" 206 5572814
0:0:0:0:0:0:0:1 - - [11/May/2026:18:06:50 +0200] "GET /front/assets/images/Deck.png HTTP/1.1" 200 19276
0:0:0:0:0:0:0:1 - - [11/May/2026:18:06:50 +0200] "GET /front/assets/images/Red_Skip.png HTTP/1.1" 200 26495
0:0:0:0:0:0:0:1 - - [11/May/2026:18:06:50 +0200] "GET /front/assets/images/Wild_Draw.png HTTP/1.1" 200 25475
0:0:0:0:0:0:0:1 - - [11/May/2026:18:06:50 +0200] "GET /front/script.js?v=5 HTTP/1.1" 200 29583
0:0:0:0:0:0:0:1 - - [11/May/2026:18:06:50 +0200] "GET /front/index.html HTTP/1.1" 304 -
0:0:0:0:0:0:0:1 - - [11/May/2026:18:06:50 +0200] "GET /front/assets/sons/background.mp3 HTTP/1.1" 206 5572814
0:0:0:0:0:0:0:1 - - [11/May/2026:18:06:58 +0200] "POST /front/api/joueurs HTTP/1.1" 500 3839
0:0:0:0:0:0:0:1 - - [11/May/2026:18:23:41 +0200] "GET /front/index.html HTTP/1.1" 200 5521
0:0:0:0:0:0:0:1 - - [11/May/2026:18:23:41 +0200] "GET /front/styles.css?v=2 HTTP/1.1" 200 8091
0:0:0:0:0:0:0:1 - - [11/May/2026:18:23:41 +0200] "GET /front/assets/images/Red_Skip.png HTTP/1.1" 200 26495
0:0:0:0:0:0:0:1 - - [11/May/2026:18:23:41 +0200] "GET /front/assets/images/Deck.png HTTP/1.1" 200 19276
0:0:0:0:0:0:0:1 - - [11/May/2026:18:23:41 +0200] "GET /front/script.js?v=5 HTTP/1.1" 200 29583
0:0:0:0:0:0:0:1 - - [11/May/2026:18:23:41 +0200] "GET /front/assets/images/Wild_Draw.png HTTP/1.1" 200 25475
0:0:0:0:0:0:0:1 - - [11/May/2026:18:23:41 +0200] "GET /front/assets/sons/background.mp3 HTTP/1.1" 206 5572814
0:0:0:0:0:0:0:1 - - [11/May/2026:18:23:41 +0200] "GET /favicon.ico HTTP/1.1" 304 -
0:0:0:0:0:0:0:1 - - [11/May/2026:18:23:41 +0200] "GET /front/index.html HTTP/1.1" 304 -
0:0:0:0:0:0:0:1 - - [11/May/2026:18:23:41 +0200] "GET /front/assets/sons/background.mp3 HTTP/1.1" 206 657614
0:0:0:0:0:0:0:1 - - [11/May/2026:18:23:41 +0200] "GET /front/index.html HTTP/1.1" 304 -
0:0:0:0:0:0:0:1 - - [11/May/2026:18:23:44 +0200] "GET /front/index.html HTTP/1.1" 304 -
0:0:0:0:0:0:0:1 - - [11/May/2026:18:23:44 +0200] "GET /front/styles.css?v=2 HTTP/1.1" 200 8091
0:0:0:0:0:0:0:1 - - [11/May/2026:18:23:44 +0200] "GET /front/assets/images/Red_Skip.png HTTP/1.1" 200 26495
0:0:0:0:0:0:0:1 - - [11/May/2026:18:23:44 +0200] "GET /front/assets/sons/background.mp3 HTTP/1.1" 206 5572814
0:0:0:0:0:0:0:1 - - [11/May/2026:18:23:44 +0200] "GET /front/assets/images/Deck.png HTTP/1.1" 200 19276
0:0:0:0:0:0:0:1 - - [11/May/2026:18:23:44 +0200] "GET /front/assets/images/Wild_Draw.png HTTP/1.1" 200 25475
0:0:0:0:0:0:0:1 - - [11/May/2026:18:23:44 +0200] "GET /front/script.js?v=5 HTTP/1.1" 200 29583
0:0:0:0:0:0:0:1 - - [11/May/2026:18:23:44 +0200] "GET /front/index.html HTTP/1.1" 304 -
0:0:0:0:0:0:0:1 - - [11/May/2026:18:23:44 +0200] "GET /front/index.html HTTP/1.1" 304 -
0:0:0:0:0:0:0:1 - - [11/May/2026:18:23:47 +0200] "GET /front/index.html HTTP/1.1" 304 -
0:0:0:0:0:0:0:1 - - [11/May/2026:18:23:47 +0200] "GET /front/assets/images/Deck.png HTTP/1.1" 200 19276
0:0:0:0:0:0:0:1 - - [11/May/2026:18:23:47 +0200] "GET /front/script.js?v=5 HTTP/1.1" 200 29583
0:0:0:0:0:0:0:1 - - [11/May/2026:18:23:47 +0200] "GET /front/assets/images/Wild_Draw.png HTTP/1.1" 200 25475
0:0:0:0:0:0:0:1 - - [11/May/2026:18:23:47 +0200] "GET /front/assets/images/Red_Skip.png HTTP/1.1" 200 26495
0:0:0:0:0:0:0:1 - - [11/May/2026:18:23:47 +0200] "GET /front/index.html HTTP/1.1" 304 -
0:0:0:0:0:0:0:1 - - [11/May/2026:18:23:47 +0200] "GET /front/index.html HTTP/1.1" 304 -
127.0.0.1 - - [11/May/2026:18:23:54 +0200] "POST /back/joueurs HTTP/1.1" 409 106
127.0.0.1 - - [11/May/2026:18:23:54 +0200] "POST /back/joueurs HTTP/1.1" 409 106
0:0:0:0:0:0:0:1 - - [11/May/2026:18:23:54 +0200] "POST /front/api/joueurs HTTP/1.1" 409 95
0:0:0:0:0:0:0:1 - - [11/May/2026:18:23:54 +0200] "POST /front/api/joueurs HTTP/1.1" 409 95
127.0.0.1 - - [11/May/2026:18:23:58 +0200] "POST /back/joueurs HTTP/1.1" 409 106
0:0:0:0:0:0:0:1 - - [11/May/2026:18:23:58 +0200] "POST /front/api/joueurs HTTP/1.1" 409 95
127.0.0.1 - - [11/May/2026:18:24:00 +0200] "POST /back/joueurs HTTP/1.1" 409 106
0:0:0:0:0:0:0:1 - - [11/May/2026:18:24:00 +0200] "POST /front/api/joueurs HTTP/1.1" 409 95
127.0.0.1 - - [11/May/2026:18:24:00 +0200] "POST /back/joueurs HTTP/1.1" 409 106
0:0:0:0:0:0:0:1 - - [11/May/2026:18:24:00 +0200] "POST /front/api/joueurs HTTP/1.1" 409 95
127.0.0.1 - - [11/May/2026:18:24:00 +0200] "POST /back/joueurs HTTP/1.1" 409 106
0:0:0:0:0:0:0:1 - - [11/May/2026:18:24:00 +0200] "POST /front/api/joueurs HTTP/1.1" 409 95
127.0.0.1 - - [11/May/2026:18:24:05 +0200] "POST /back/joueurs HTTP/1.1" 201 60
0:0:0:0:0:0:0:1 - - [11/May/2026:18:24:05 +0200] "POST /front/api/joueurs HTTP/1.1" 201 49
0:0:0:0:0:0:0:1 - - [11/May/2026:18:24:05 +0200] "GET /back/ws/info?t=1778516645033 HTTP/1.1" 200 87
0:0:0:0:0:0:0:1 - - [11/May/2026:18:24:05 +0200] "GET /back/ws/838/pi1c2fq4/websocket HTTP/1.1" 101 -
127.0.0.1 - - [11/May/2026:18:24:05 +0200] "GET /back/games HTTP/1.1" 200 1080
0:0:0:0:0:0:0:1 - - [11/May/2026:18:24:05 +0200] "GET /front/api/games HTTP/1.1" 200 1068
127.0.0.1 - - [11/May/2026:18:24:05 +0200] "GET /back/games HTTP/1.1" 200 1080
0:0:0:0:0:0:0:1 - - [11/May/2026:18:24:05 +0200] "GET /front/api/games HTTP/1.1" 200 1068
127.0.0.1 - - [11/May/2026:18:24:26 +0200] "POST /back/games HTTP/1.1" 201 156
0:0:0:0:0:0:0:1 - - [11/May/2026:18:24:26 +0200] "POST /front/api/games HTTP/1.1" 201 145
0:0:0:0:0:0:0:1 - - [11/May/2026:18:24:26 +0200] "GET /front/api/games/8 HTTP/1.1" 502 19
0:0:0:0:0:0:0:1 - - [11/May/2026:18:24:26 +0200] "GET /back/games/8 HTTP/1.1" 200 153
127.0.0.1 - - [11/May/2026:18:24:26 +0200] "GET /back/games HTTP/1.1" 200 1223
0:0:0:0:0:0:0:1 - - [11/May/2026:18:24:26 +0200] "GET /front/api/games HTTP/1.1" 200 1211
127.0.0.1 - - [11/May/2026:18:24:36 +0200] "POST /back/joueurs HTTP/1.1" 201 54
0:0:0:0:0:0:0:1 - - [11/May/2026:18:24:36 +0200] "POST /front/api/joueurs HTTP/1.1" 201 43
0:0:0:0:0:0:0:1 - - [11/May/2026:18:24:36 +0200] "GET /back/ws/info?t=1778516676532 HTTP/1.1" 200 89
0:0:0:0:0:0:0:1 - - [11/May/2026:18:24:36 +0200] "GET /back/ws/078/zneitthq/websocket HTTP/1.1" 101 -
127.0.0.1 - - [11/May/2026:18:24:36 +0200] "GET /back/games HTTP/1.1" 200 1223
0:0:0:0:0:0:0:1 - - [11/May/2026:18:24:36 +0200] "GET /front/api/games HTTP/1.1" 200 1211
127.0.0.1 - - [11/May/2026:18:24:36 +0200] "GET /back/games HTTP/1.1" 200 1223
0:0:0:0:0:0:0:1 - - [11/May/2026:18:24:36 +0200] "GET /front/api/games HTTP/1.1" 200 1211
127.0.0.1 - - [11/May/2026:18:24:42 +0200] "POST /back/games/8/join?joueurId=20 HTTP/1.1" 201 72
0:0:0:0:0:0:0:1 - - [11/May/2026:18:24:42 +0200] "POST /front/api/games/8/join?joueurId=20 HTTP/1.1" 201 61
0:0:0:0:0:0:0:1 - - [11/May/2026:18:24:42 +0200] "GET /front/api/games/8 HTTP/1.1" 502 19
0:0:0:0:0:0:0:1 - - [11/May/2026:18:24:42 +0200] "GET /back/games/8 HTTP/1.1" 200 160
127.0.0.1 - - [11/May/2026:18:24:42 +0200] "GET /back/games HTTP/1.1" 200 1230
0:0:0:0:0:0:0:1 - - [11/May/2026:18:24:42 +0200] "GET /front/api/games HTTP/1.1" 200 1218
0:0:0:0:0:0:0:1 - - [11/May/2026:18:24:44 +0200] "GET /front/assets/sons/background.mp3 HTTP/1.1" 304 -
127.0.0.1 - - [11/May/2026:18:24:50 +0200] "POST /back/joueurs HTTP/1.1" 201 54
0:0:0:0:0:0:0:1 - - [11/May/2026:18:24:50 +0200] "POST /front/api/joueurs HTTP/1.1" 201 43
0:0:0:0:0:0:0:1 - - [11/May/2026:18:24:50 +0200] "GET /back/ws/info?t=1778516690933 HTTP/1.1" 200 89
0:0:0:0:0:0:0:1 - - [11/May/2026:18:24:50 +0200] "GET /back/ws/553/llq2unhn/websocket HTTP/1.1" 101 -
127.0.0.1 - - [11/May/2026:18:24:51 +0200] "GET /back/games HTTP/1.1" 200 1230
0:0:0:0:0:0:0:1 - - [11/May/2026:18:24:51 +0200] "GET /front/api/games HTTP/1.1" 200 1218
127.0.0.1 - - [11/May/2026:18:24:51 +0200] "GET /back/games HTTP/1.1" 200 1230
0:0:0:0:0:0:0:1 - - [11/May/2026:18:24:51 +0200] "GET /front/api/games HTTP/1.1" 200 1218
127.0.0.1 - - [11/May/2026:18:24:56 +0200] "POST /back/games/8/join?joueurId=21 HTTP/1.1" 201 72
0:0:0:0:0:0:0:1 - - [11/May/2026:18:24:56 +0200] "POST /front/api/games/8/join?joueurId=21 HTTP/1.1" 201 61
0:0:0:0:0:0:0:1 - - [11/May/2026:18:24:56 +0200] "GET /front/api/games HTTP/1.1" 502 19
127.0.0.1 - - [11/May/2026:18:24:56 +0200] "GET /back/games/8 HTTP/1.1" 200 167
0:0:0:0:0:0:0:1 - - [11/May/2026:18:24:56 +0200] "GET /front/api/games/8 HTTP/1.1" 200 156
0:0:0:0:0:0:0:1 - - [11/May/2026:18:25:00 +0200] "GET /front/game.html?gameId=8&joueurId=20&pseudo=malo HTTP/1.1" 200 4386
0:0:0:0:0:0:0:1 - - [11/May/2026:18:25:00 +0200] "GET /front/game.html?gameId=8&joueurId=19&pseudo=lilian1234 HTTP/1.1" 200 4386
0:0:0:0:0:0:0:1 - - [11/May/2026:18:25:00 +0200] "GET /front/game.html?gameId=8&joueurId=21&pseudo=coco HTTP/1.1" 200 4386
0:0:0:0:0:0:0:1 - - [11/May/2026:18:25:00 +0200] "GET /front/styles.css HTTP/1.1" 200 8091
0:0:0:0:0:0:0:1 - - [11/May/2026:18:25:00 +0200] "GET /front/game.css HTTP/1.1" 200 6636
0:0:0:0:0:0:0:1 - - [11/May/2026:18:25:00 +0200] "GET /front/game.js?v=5 HTTP/1.1" 200 13121
127.0.0.1 - - [11/May/2026:18:25:00 +0200] "POST /back/games/8/start?joueurId=19 HTTP/1.1" 200 173
0:0:0:0:0:0:0:1 - - [11/May/2026:18:25:00 +0200] "GET /front/assets/sons/background.mp3 HTTP/1.1" 206 5572814
0:0:0:0:0:0:0:1 - - [11/May/2026:18:25:00 +0200] "GET /front/assets/sons/background.mp3 HTTP/1.1" 206 5572814
0:0:0:0:0:0:0:1 - - [11/May/2026:18:25:00 +0200] "POST /front/api/games/8/start?joueurId=19 HTTP/1.1" 200 162
0:0:0:0:0:0:0:1 - - [11/May/2026:18:25:00 +0200] "GET /back/ws/info?t=1778516700658 HTTP/1.1" 200 89
0:0:0:0:0:0:0:1 - - [11/May/2026:18:25:00 +0200] "GET /back/ws/info?t=1778516700654 HTTP/1.1" 200 90
0:0:0:0:0:0:0:1 - - [11/May/2026:18:25:00 +0200] "GET /back/ws/info?t=1778516700681 HTTP/1.1" 200 90
0:0:0:0:0:0:0:1 - - [11/May/2026:18:25:00 +0200] "GET /back/ws/286/tb5n4qrb/websocket HTTP/1.1" 101 -
0:0:0:0:0:0:0:1 - - [11/May/2026:18:25:00 +0200] "GET /back/ws/605/2qwfmyi2/websocket HTTP/1.1" 101 -
0:0:0:0:0:0:0:1 - - [11/May/2026:18:25:00 +0200] "GET /back/ws/305/04zpwbrf/websocket HTTP/1.1" 101 -
0:0:0:0:0:0:0:1 - - [11/May/2026:18:25:00 +0200] "GET /front/api/games/8/state?joueurId=19 HTTP/1.1" 502 19
127.0.0.1 - - [11/May/2026:18:25:00 +0200] "GET /back/games/8/state?joueurId=21 HTTP/1.1" 200 912
0:0:0:0:0:0:0:1 - - [11/May/2026:18:25:00 +0200] "GET /front/api/games/8/state?joueurId=21 HTTP/1.1" 200 900
127.0.0.1 - - [11/May/2026:18:25:00 +0200] "GET /back/games/8/state?joueurId=20 HTTP/1.1" 200 908
0:0:0:0:0:0:0:1 - - [11/May/2026:18:25:00 +0200] "GET /front/api/games/8/state?joueurId=20 HTTP/1.1" 200 896
127.0.0.1 - - [11/May/2026:18:25:37 +0200] "POST /back/games/8/play?joueurId=20&cardId=67 HTTP/1.1" 200 1204
0:0:0:0:0:0:0:1 - - [11/May/2026:18:25:37 +0200] "POST /front/api/games/8/play?joueurId=20&cardId=67 HTTP/1.1" 200 1192
127.0.0.1 - - [11/May/2026:18:25:41 +0200] "POST /back/games/8/play?joueurId=21&cardId=64 HTTP/1.1" 200 1213
0:0:0:0:0:0:0:1 - - [11/May/2026:18:25:41 +0200] "POST /front/api/games/8/play?joueurId=21&cardId=64 HTTP/1.1" 200 1201
127.0.0.1 - - [11/May/2026:18:25:44 +0200] "POST /back/games/8/play?joueurId=19&cardId=68 HTTP/1.1" 200 1198
0:0:0:0:0:0:0:1 - - [11/May/2026:18:25:44 +0200] "POST /front/api/games/8/play?joueurId=19&cardId=68 HTTP/1.1" 200 1186
127.0.0.1 - - [11/May/2026:18:25:49 +0200] "POST /back/games/8/play?joueurId=20&cardId=106&chosenColor=RED HTTP/1.1" 200 1157
0:0:0:0:0:0:0:1 - - [11/May/2026:18:25:49 +0200] "POST /front/api/games/8/play?joueurId=20&cardId=106&chosenColor=RED HTTP/1.1" 200 1145
127.0.0.1 - - [11/May/2026:18:25:53 +0200] "POST /back/games/8/play?joueurId=19&cardId=14 HTTP/1.1" 200 1145
0:0:0:0:0:0:0:1 - - [11/May/2026:18:25:53 +0200] "POST /front/api/games/8/play?joueurId=19&cardId=14 HTTP/1.1" 200 1133
127.0.0.1 - - [11/May/2026:18:26:06 +0200] "POST /back/games/8/play?joueurId=20&cardId=104&chosenColor=GREEN HTTP/1.1" 200 1092
0:0:0:0:0:0:0:1 - - [11/May/2026:18:26:06 +0200] "POST /front/api/games/8/play?joueurId=20&cardId=104&chosenColor=GREEN HTTP/1.1" 200 1080
0:0:0:0:0:0:0:1 - - [11/May/2026:18:26:27 +0200] "GET /front/index.html HTTP/1.1" 304 -
0:0:0:0:0:0:0:1 - - [11/May/2026:18:26:27 +0200] "GET /front/styles.css?v=2 HTTP/1.1" 304 -
0:0:0:0:0:0:0:1 - - [11/May/2026:18:26:27 +0200] "GET /front/assets/images/Red_Skip.png HTTP/1.1" 304 -
0:0:0:0:0:0:0:1 - - [11/May/2026:18:26:27 +0200] "GET /front/assets/images/Deck.png HTTP/1.1" 304 -
0:0:0:0:0:0:0:1 - - [11/May/2026:18:26:27 +0200] "GET /front/assets/images/Wild_Draw.png HTTP/1.1" 304 -
0:0:0:0:0:0:0:1 - - [11/May/2026:18:26:27 +0200] "GET /front/script.js?v=5 HTTP/1.1" 304 -
0:0:0:0:0:0:0:1 - - [11/May/2026:18:26:27 +0200] "GET /front/assets/sons/background.mp3 HTTP/1.1" 304 -
