127.0.0.1 - - [15/Apr/2026:14:08:57 +0200] "GET /back/games/4/state?joueurId=7 HTTP/1.1" 200 787
0:0:0:0:0:0:0:1 - - [15/Apr/2026:14:08:57 +0200] "GET /front/api/games/4/state?joueurId=7 HTTP/1.1" 200 775
127.0.0.1 - - [15/Apr/2026:14:08:59 +0200] "GET /back/games/4/state?joueurId=8 HTTP/1.1" 200 842
0:0:0:0:0:0:0:1 - - [15/Apr/2026:14:08:59 +0200] "GET /front/api/games/4/state?joueurId=8 HTTP/1.1" 200 830
127.0.0.1 - - [15/Apr/2026:14:08:59 +0200] "GET /back/games/4/state?joueurId=9 HTTP/1.1" 200 948
0:0:0:0:0:0:0:1 - - [15/Apr/2026:14:08:59 +0200] "GET /front/api/games/4/state?joueurId=9 HTTP/1.1" 200 936
127.0.0.1 - - [15/Apr/2026:14:08:59 +0200] "GET /back/games/4/state?joueurId=7 HTTP/1.1" 200 787
0:0:0:0:0:0:0:1 - - [15/Apr/2026:14:08:59 +0200] "GET /front/api/games/4/state?joueurId=7 HTTP/1.1" 200 775
127.0.0.1 - - [15/Apr/2026:14:09:01 +0200] "GET /back/games/4/state?joueurId=8 HTTP/1.1" 200 842
0:0:0:0:0:0:0:1 - - [15/Apr/2026:14:09:01 +0200] "GET /front/api/games/4/state?joueurId=8 HTTP/1.1" 200 830
127.0.0.1 - - [15/Apr/2026:14:09:01 +0200] "GET /back/games/4/state?joueurId=9 HTTP/1.1" 200 948
0:0:0:0:0:0:0:1 - - [15/Apr/2026:14:09:01 +0200] "GET /front/api/games/4/state?joueurId=9 HTTP/1.1" 200 936
127.0.0.1 - - [15/Apr/2026:14:09:01 +0200] "GET /back/games/4/state?joueurId=7 HTTP/1.1" 200 787
0:0:0:0:0:0:0:1 - - [15/Apr/2026:14:09:01 +0200] "GET /front/api/games/4/state?joueurId=7 HTTP/1.1" 200 775
127.0.0.1 - - [15/Apr/2026:14:09:03 +0200] "GET /back/games/4/state?joueurId=8 HTTP/1.1" 200 842
0:0:0:0:0:0:0:1 - - [15/Apr/2026:14:09:03 +0200] "GET /front/api/games/4/state?joueurId=8 HTTP/1.1" 200 830
127.0.0.1 - - [15/Apr/2026:14:09:03 +0200] "GET /back/games/4/state?joueurId=9 HTTP/1.1" 200 948
0:0:0:0:0:0:0:1 - - [15/Apr/2026:14:09:03 +0200] "GET /front/api/games/4/state?joueurId=9 HTTP/1.1" 200 936
127.0.0.1 - - [15/Apr/2026:14:09:03 +0200] "GET /back/games/4/state?joueurId=7 HTTP/1.1" 200 787
0:0:0:0:0:0:0:1 - - [15/Apr/2026:14:09:03 +0200] "GET /front/api/games/4/state?joueurId=7 HTTP/1.1" 200 775
127.0.0.1 - - [15/Apr/2026:14:09:05 +0200] "GET /back/games/4/state?joueurId=8 HTTP/1.1" 200 842
0:0:0:0:0:0:0:1 - - [15/Apr/2026:14:09:05 +0200] "GET /front/api/games/4/state?joueurId=8 HTTP/1.1" 200 830
127.0.0.1 - - [15/Apr/2026:14:09:05 +0200] "GET /back/games/4/state?joueurId=9 HTTP/1.1" 200 948
0:0:0:0:0:0:0:1 - - [15/Apr/2026:14:09:05 +0200] "GET /front/api/games/4/state?joueurId=9 HTTP/1.1" 200 936
127.0.0.1 - - [15/Apr/2026:14:09:05 +0200] "GET /back/games/4/state?joueurId=7 HTTP/1.1" 200 787
0:0:0:0:0:0:0:1 - - [15/Apr/2026:14:09:05 +0200] "GET /front/api/games/4/state?joueurId=7 HTTP/1.1" 200 775
127.0.0.1 - - [15/Apr/2026:14:09:07 +0200] "GET /back/games/4/state?joueurId=8 HTTP/1.1" 200 842
0:0:0:0:0:0:0:1 - - [15/Apr/2026:14:09:07 +0200] "GET /front/api/games/4/state?joueurId=8 HTTP/1.1" 200 830
127.0.0.1 - - [15/Apr/2026:14:09:07 +0200] "GET /back/games/4/state?joueurId=9 HTTP/1.1" 200 948
0:0:0:0:0:0:0:1 - - [15/Apr/2026:14:09:07 +0200] "GET /front/api/games/4/state?joueurId=9 HTTP/1.1" 200 936
127.0.0.1 - - [15/Apr/2026:14:09:07 +0200] "GET /back/games/4/state?joueurId=7 HTTP/1.1" 200 787
0:0:0:0:0:0:0:1 - - [15/Apr/2026:14:09:07 +0200] "GET /front/api/games/4/state?joueurId=7 HTTP/1.1" 200 775
0:0:0:0:0:0:0:1 - - [15/Apr/2026:14:09:08 +0200] "GET /front/index.html HTTP/1.1" 200 5075
0:0:0:0:0:0:0:1 - - [15/Apr/2026:14:09:08 +0200] "GET /front/styles.css?v=2 HTTP/1.1" 304 -
0:0:0:0:0:0:0:1 - - [15/Apr/2026:14:09:08 +0200] "GET /front/assets/images/Red_Skip.png HTTP/1.1" 304 -
0:0:0:0:0:0:0:1 - - [15/Apr/2026:14:09:08 +0200] "GET /front/assets/images/Deck.png HTTP/1.1" 304 -
0:0:0:0:0:0:0:1 - - [15/Apr/2026:14:09:08 +0200] "GET /front/assets/sons/background.mp3 HTTP/1.1" 304 -
0:0:0:0:0:0:0:1 - - [15/Apr/2026:14:09:08 +0200] "GET /front/assets/images/Wild_Draw.png HTTP/1.1" 304 -
0:0:0:0:0:0:0:1 - - [15/Apr/2026:14:09:08 +0200] "GET /front/script.js?v=2 HTTP/1.1" 304 -
127.0.0.1 - - [15/Apr/2026:14:09:09 +0200] "GET /back/games/4/state?joueurId=8 HTTP/1.1" 200 842
0:0:0:0:0:0:0:1 - - [15/Apr/2026:14:09:09 +0200] "GET /front/api/games/4/state?joueurId=8 HTTP/1.1" 200 830
127.0.0.1 - - [15/Apr/2026:14:09:09 +0200] "GET /back/games/4/state?joueurId=9 HTTP/1.1" 200 948
0:0:0:0:0:0:0:1 - - [15/Apr/2026:14:09:09 +0200] "GET /front/api/games/4/state?joueurId=9 HTTP/1.1" 200 936
127.0.0.1 - - [15/Apr/2026:14:09:11 +0200] "GET /back/games/4/state?joueurId=8 HTTP/1.1" 200 842
0:0:0:0:0:0:0:1 - - [15/Apr/2026:14:09:11 +0200] "GET /front/api/games/4/state?joueurId=8 HTTP/1.1" 200 830
127.0.0.1 - - [15/Apr/2026:14:09:11 +0200] "GET /back/games/4/state?joueurId=9 HTTP/1.1" 200 948
0:0:0:0:0:0:0:1 - - [15/Apr/2026:14:09:11 +0200] "GET /front/api/games/4/state?joueurId=9 HTTP/1.1" 200 936
127.0.0.1 - - [15/Apr/2026:14:09:12 +0200] "POST /back/joueurs HTTP/1.1" 201 38
0:0:0:0:0:0:0:1 - - [15/Apr/2026:14:09:12 +0200] "POST /front/api/joueurs HTTP/1.1" 201 27
127.0.0.1 - - [15/Apr/2026:14:09:12 +0200] "GET /back/games HTTP/1.1" 200 629
0:0:0:0:0:0:0:1 - - [15/Apr/2026:14:09:12 +0200] "GET /front/api/games HTTP/1.1" 200 617
127.0.0.1 - - [15/Apr/2026:14:09:13 +0200] "GET /back/games/4/state?joueurId=8 HTTP/1.1" 200 842
0:0:0:0:0:0:0:1 - - [15/Apr/2026:14:09:13 +0200] "GET /front/api/games/4/state?joueurId=8 HTTP/1.1" 200 830
127.0.0.1 - - [15/Apr/2026:14:09:13 +0200] "GET /back/games/4/state?joueurId=9 HTTP/1.1" 200 948
0:0:0:0:0:0:0:1 - - [15/Apr/2026:14:09:13 +0200] "GET /front/api/games/4/state?joueurId=9 HTTP/1.1" 200 936
127.0.0.1 - - [15/Apr/2026:14:09:15 +0200] "GET /back/games/4/state?joueurId=8 HTTP/1.1" 200 842
0:0:0:0:0:0:0:1 - - [15/Apr/2026:14:09:15 +0200] "GET /front/api/games/4/state?joueurId=8 HTTP/1.1" 200 830
127.0.0.1 - - [15/Apr/2026:14:09:15 +0200] "GET /back/games/4/state?joueurId=9 HTTP/1.1" 200 948
0:0:0:0:0:0:0:1 - - [15/Apr/2026:14:09:15 +0200] "GET /front/api/games/4/state?joueurId=9 HTTP/1.1" 200 936
127.0.0.1 - - [15/Apr/2026:14:09:17 +0200] "GET /back/games/4/state?joueurId=8 HTTP/1.1" 200 842
0:0:0:0:0:0:0:1 - - [15/Apr/2026:14:09:17 +0200] "GET /front/api/games/4/state?joueurId=8 HTTP/1.1" 200 830
127.0.0.1 - - [15/Apr/2026:14:09:17 +0200] "GET /back/games/4/state?joueurId=9 HTTP/1.1" 200 948
0:0:0:0:0:0:0:1 - - [15/Apr/2026:14:09:17 +0200] "GET /front/api/games/4/state?joueurId=9 HTTP/1.1" 200 936
127.0.0.1 - - [15/Apr/2026:14:09:19 +0200] "GET /back/games/4/state?joueurId=8 HTTP/1.1" 200 842
0:0:0:0:0:0:0:1 - - [15/Apr/2026:14:09:19 +0200] "GET /front/api/games/4/state?joueurId=8 HTTP/1.1" 200 830
127.0.0.1 - - [15/Apr/2026:14:09:19 +0200] "GET /back/games/4/state?joueurId=9 HTTP/1.1" 200 948
0:0:0:0:0:0:0:1 - - [15/Apr/2026:14:09:19 +0200] "GET /front/api/games/4/state?joueurId=9 HTTP/1.1" 200 936
127.0.0.1 - - [15/Apr/2026:14:09:21 +0200] "GET /back/games/4/state?joueurId=8 HTTP/1.1" 200 842
0:0:0:0:0:0:0:1 - - [15/Apr/2026:14:09:21 +0200] "GET /front/api/games/4/state?joueurId=8 HTTP/1.1" 200 830
127.0.0.1 - - [15/Apr/2026:14:09:21 +0200] "GET /back/games/4/state?joueurId=9 HTTP/1.1" 200 948
0:0:0:0:0:0:0:1 - - [15/Apr/2026:14:09:21 +0200] "GET /front/api/games/4/state?joueurId=9 HTTP/1.1" 200 936
127.0.0.1 - - [15/Apr/2026:14:09:23 +0200] "GET /back/games/4/state?joueurId=8 HTTP/1.1" 200 842
0:0:0:0:0:0:0:1 - - [15/Apr/2026:14:09:23 +0200] "GET /front/api/games/4/state?joueurId=8 HTTP/1.1" 200 830
127.0.0.1 - - [15/Apr/2026:14:09:23 +0200] "GET /back/games/4/state?joueurId=9 HTTP/1.1" 200 948
0:0:0:0:0:0:0:1 - - [15/Apr/2026:14:09:23 +0200] "GET /front/api/games/4/state?joueurId=9 HTTP/1.1" 200 936
127.0.0.1 - - [15/Apr/2026:14:09:25 +0200] "GET /back/games/4/state?joueurId=8 HTTP/1.1" 200 842
0:0:0:0:0:0:0:1 - - [15/Apr/2026:14:09:25 +0200] "GET /front/api/games/4/state?joueurId=8 HTTP/1.1" 200 830
127.0.0.1 - - [15/Apr/2026:14:09:25 +0200] "GET /back/games/4/state?joueurId=9 HTTP/1.1" 200 948
0:0:0:0:0:0:0:1 - - [15/Apr/2026:14:09:25 +0200] "GET /front/api/games/4/state?joueurId=9 HTTP/1.1" 200 936
127.0.0.1 - - [15/Apr/2026:14:09:27 +0200] "GET /back/games/4/state?joueurId=8 HTTP/1.1" 200 842
0:0:0:0:0:0:0:1 - - [15/Apr/2026:14:09:27 +0200] "GET /front/api/games/4/state?joueurId=8 HTTP/1.1" 200 830
127.0.0.1 - - [15/Apr/2026:14:09:27 +0200] "GET /back/games/4/state?joueurId=9 HTTP/1.1" 200 948
0:0:0:0:0:0:0:1 - - [15/Apr/2026:14:09:27 +0200] "GET /front/api/games/4/state?joueurId=9 HTTP/1.1" 200 936
127.0.0.1 - - [15/Apr/2026:14:09:29 +0200] "GET /back/games/4/state?joueurId=8 HTTP/1.1" 200 842
0:0:0:0:0:0:0:1 - - [15/Apr/2026:14:09:29 +0200] "GET /front/api/games/4/state?joueurId=8 HTTP/1.1" 200 830
127.0.0.1 - - [15/Apr/2026:14:09:29 +0200] "GET /back/games/4/state?joueurId=9 HTTP/1.1" 200 948
0:0:0:0:0:0:0:1 - - [15/Apr/2026:14:09:29 +0200] "GET /front/api/games/4/state?joueurId=9 HTTP/1.1" 200 936
127.0.0.1 - - [15/Apr/2026:14:09:31 +0200] "GET /back/games/4/state?joueurId=8 HTTP/1.1" 200 842
0:0:0:0:0:0:0:1 - - [15/Apr/2026:14:09:31 +0200] "GET /front/api/games/4/state?joueurId=8 HTTP/1.1" 200 830
127.0.0.1 - - [15/Apr/2026:14:09:31 +0200] "GET /back/games/4/state?joueurId=9 HTTP/1.1" 200 948
0:0:0:0:0:0:0:1 - - [15/Apr/2026:14:09:31 +0200] "GET /front/api/games/4/state?joueurId=9 HTTP/1.1" 200 936
127.0.0.1 - - [15/Apr/2026:14:09:33 +0200] "GET /back/games/4/state?joueurId=8 HTTP/1.1" 200 842
0:0:0:0:0:0:0:1 - - [15/Apr/2026:14:09:33 +0200] "GET /front/api/games/4/state?joueurId=8 HTTP/1.1" 200 830
127.0.0.1 - - [15/Apr/2026:14:09:33 +0200] "GET /back/games/4/state?joueurId=9 HTTP/1.1" 200 948
0:0:0:0:0:0:0:1 - - [15/Apr/2026:14:09:33 +0200] "GET /front/api/games/4/state?joueurId=9 HTTP/1.1" 200 936
127.0.0.1 - - [15/Apr/2026:14:09:35 +0200] "GET /back/games/4/state?joueurId=8 HTTP/1.1" 200 842
0:0:0:0:0:0:0:1 - - [15/Apr/2026:14:09:35 +0200] "GET /front/api/games/4/state?joueurId=8 HTTP/1.1" 200 830
127.0.0.1 - - [15/Apr/2026:14:09:35 +0200] "GET /back/games/4/state?joueurId=9 HTTP/1.1" 200 948
0:0:0:0:0:0:0:1 - - [15/Apr/2026:14:09:35 +0200] "GET /front/api/games/4/state?joueurId=9 HTTP/1.1" 200 936
127.0.0.1 - - [15/Apr/2026:14:09:37 +0200] "GET /back/games/4/state?joueurId=8 HTTP/1.1" 200 842
0:0:0:0:0:0:0:1 - - [15/Apr/2026:14:09:37 +0200] "GET /front/api/games/4/state?joueurId=8 HTTP/1.1" 200 830
0:0:0:0:0:0:0:1 - - [15/Apr/2026:14:09:37 +0200] "GET /front/index.html HTTP/1.1" 304 -
0:0:0:0:0:0:0:1 - - [15/Apr/2026:14:09:37 +0200] "GET /front/styles.css?v=2 HTTP/1.1" 304 -
0:0:0:0:0:0:0:1 - - [15/Apr/2026:14:09:37 +0200] "GET /front/assets/images/Red_Skip.png HTTP/1.1" 304 -
0:0:0:0:0:0:0:1 - - [15/Apr/2026:14:09:37 +0200] "GET /front/assets/images/Deck.png HTTP/1.1" 304 -
0:0:0:0:0:0:0:1 - - [15/Apr/2026:14:09:37 +0200] "GET /front/script.js?v=2 HTTP/1.1" 304 -
0:0:0:0:0:0:0:1 - - [15/Apr/2026:14:09:37 +0200] "GET /front/assets/images/Wild_Draw.png HTTP/1.1" 304 -
0:0:0:0:0:0:0:1 - - [15/Apr/2026:14:09:37 +0200] "GET /front/assets/sons/background.mp3 HTTP/1.1" 304 -
127.0.0.1 - - [15/Apr/2026:14:09:39 +0200] "GET /back/games/4/state?joueurId=8 HTTP/1.1" 200 842
0:0:0:0:0:0:0:1 - - [15/Apr/2026:14:09:39 +0200] "GET /front/api/games/4/state?joueurId=8 HTTP/1.1" 200 830
0:0:0:0:0:0:0:1 - - [15/Apr/2026:14:09:40 +0200] "GET /front/styles.css?v=2 HTTP/1.1" 304 -
0:0:0:0:0:0:0:1 - - [15/Apr/2026:14:09:40 +0200] "GET /front/assets/images/Red_Skip.png HTTP/1.1" 304 -
0:0:0:0:0:0:0:1 - - [15/Apr/2026:14:09:40 +0200] "GET /front/assets/images/Deck.png HTTP/1.1" 304 -
0:0:0:0:0:0:0:1 - - [15/Apr/2026:14:09:40 +0200] "GET /front/assets/images/Wild_Draw.png HTTP/1.1" 304 -
0:0:0:0:0:0:0:1 - - [15/Apr/2026:14:09:40 +0200] "GET /front/script.js?v=2 HTTP/1.1" 304 -
127.0.0.1 - - [15/Apr/2026:14:09:44 +0200] "POST /back/joueurs HTTP/1.1" 201 40
0:0:0:0:0:0:0:1 - - [15/Apr/2026:14:09:44 +0200] "POST /front/api/joueurs HTTP/1.1" 201 29
127.0.0.1 - - [15/Apr/2026:14:09:44 +0200] "GET /back/games HTTP/1.1" 200 629
0:0:0:0:0:0:0:1 - - [15/Apr/2026:14:09:44 +0200] "GET /front/api/games HTTP/1.1" 200 617
127.0.0.1 - - [15/Apr/2026:14:09:50 +0200] "POST /back/joueurs HTTP/1.1" 201 42
0:0:0:0:0:0:0:1 - - [15/Apr/2026:14:09:50 +0200] "POST /front/api/joueurs HTTP/1.1" 201 31
127.0.0.1 - - [15/Apr/2026:14:09:50 +0200] "GET /back/games HTTP/1.1" 200 629
0:0:0:0:0:0:0:1 - - [15/Apr/2026:14:09:50 +0200] "GET /front/api/games HTTP/1.1" 200 617
0:0:0:0:0:0:0:1 - - [15/Apr/2026:14:10:00 +0200] "GET /front/assets/sons/background.mp3 HTTP/1.1" 206 5572814
127.0.0.1 - - [15/Apr/2026:14:10:02 +0200] "POST /back/games HTTP/1.1" 201 158
0:0:0:0:0:0:0:1 - - [15/Apr/2026:14:10:02 +0200] "POST /front/api/games HTTP/1.1" 201 147
0:0:0:0:0:0:0:1 - - [15/Apr/2026:14:10:02 +0200] "GET /front/api/games/5 HTTP/1.1" 502 19
0:0:0:0:0:0:0:1 - - [15/Apr/2026:14:10:02 +0200] "GET /back/games/5 HTTP/1.1" 200 155
127.0.0.1 - - [15/Apr/2026:14:10:02 +0200] "GET /back/games HTTP/1.1" 200 774
0:0:0:0:0:0:0:1 - - [15/Apr/2026:14:10:02 +0200] "GET /front/api/games HTTP/1.1" 200 762
127.0.0.1 - - [15/Apr/2026:14:10:04 +0200] "GET /back/games/5 HTTP/1.1" 200 155
0:0:0:0:0:0:0:1 - - [15/Apr/2026:14:10:04 +0200] "GET /front/api/games/5 HTTP/1.1" 200 144
127.0.0.1 - - [15/Apr/2026:14:10:06 +0200] "GET /back/games/5 HTTP/1.1" 200 155
0:0:0:0:0:0:0:1 - - [15/Apr/2026:14:10:06 +0200] "GET /front/api/games/5 HTTP/1.1" 200 144
127.0.0.1 - - [15/Apr/2026:14:10:08 +0200] "GET /back/games/5 HTTP/1.1" 200 155
0:0:0:0:0:0:0:1 - - [15/Apr/2026:14:10:08 +0200] "GET /front/api/games/5 HTTP/1.1" 200 144
127.0.0.1 - - [15/Apr/2026:14:10:10 +0200] "GET /back/games/5 HTTP/1.1" 200 155
0:0:0:0:0:0:0:1 - - [15/Apr/2026:14:10:10 +0200] "GET /front/api/games/5 HTTP/1.1" 200 144
127.0.0.1 - - [15/Apr/2026:14:10:12 +0200] "GET /back/games/5 HTTP/1.1" 200 155
0:0:0:0:0:0:0:1 - - [15/Apr/2026:14:10:12 +0200] "GET /front/api/games/5 HTTP/1.1" 200 144
127.0.0.1 - - [15/Apr/2026:14:10:14 +0200] "GET /back/games/5 HTTP/1.1" 200 155
0:0:0:0:0:0:0:1 - - [15/Apr/2026:14:10:14 +0200] "GET /front/api/games/5 HTTP/1.1" 200 144
127.0.0.1 - - [15/Apr/2026:14:10:16 +0200] "GET /back/games/5 HTTP/1.1" 200 155
0:0:0:0:0:0:0:1 - - [15/Apr/2026:14:10:16 +0200] "GET /front/api/games/5 HTTP/1.1" 200 144
127.0.0.1 - - [15/Apr/2026:14:10:18 +0200] "GET /back/games/5 HTTP/1.1" 200 155
0:0:0:0:0:0:0:1 - - [15/Apr/2026:14:10:18 +0200] "GET /front/api/games/5 HTTP/1.1" 200 144
127.0.0.1 - - [15/Apr/2026:14:10:18 +0200] "GET /back/joueurs HTTP/1.1" 200 339
0:0:0:0:0:0:0:1 - - [15/Apr/2026:14:10:18 +0200] "GET /front/api/joueurs HTTP/1.1" 200 327
127.0.0.1 - - [15/Apr/2026:14:10:20 +0200] "GET /back/games/5 HTTP/1.1" 200 155
0:0:0:0:0:0:0:1 - - [15/Apr/2026:14:10:20 +0200] "GET /front/api/games/5 HTTP/1.1" 200 144
127.0.0.1 - - [15/Apr/2026:14:10:22 +0200] "GET /back/games/5 HTTP/1.1" 200 155
0:0:0:0:0:0:0:1 - - [15/Apr/2026:14:10:22 +0200] "GET /front/api/games/5 HTTP/1.1" 200 144
127.0.0.1 - - [15/Apr/2026:14:10:24 +0200] "GET /back/games/5 HTTP/1.1" 200 155
0:0:0:0:0:0:0:1 - - [15/Apr/2026:14:10:24 +0200] "GET /front/api/games/5 HTTP/1.1" 200 144
127.0.0.1 - - [15/Apr/2026:14:10:26 +0200] "GET /back/games/5 HTTP/1.1" 200 155
0:0:0:0:0:0:0:1 - - [15/Apr/2026:14:10:26 +0200] "GET /front/api/games/5 HTTP/1.1" 200 144
127.0.0.1 - - [15/Apr/2026:14:10:28 +0200] "GET /back/games/5 HTTP/1.1" 200 155
0:0:0:0:0:0:0:1 - - [15/Apr/2026:14:10:28 +0200] "GET /front/api/games/5 HTTP/1.1" 200 144
127.0.0.1 - - [15/Apr/2026:14:10:30 +0200] "GET /back/joueurs HTTP/1.1" 200 339
0:0:0:0:0:0:0:1 - - [15/Apr/2026:14:10:30 +0200] "GET /front/api/joueurs HTTP/1.1" 200 327
127.0.0.1 - - [15/Apr/2026:14:10:30 +0200] "GET /back/games HTTP/1.1" 200 774
0:0:0:0:0:0:0:1 - - [15/Apr/2026:14:10:30 +0200] "GET /front/api/games HTTP/1.1" 200 762
127.0.0.1 - - [15/Apr/2026:14:10:30 +0200] "GET /back/games/5 HTTP/1.1" 200 155
0:0:0:0:0:0:0:1 - - [15/Apr/2026:14:10:30 +0200] "GET /front/api/games/5 HTTP/1.1" 200 144
127.0.0.1 - - [15/Apr/2026:14:10:32 +0200] "GET /back/games/5 HTTP/1.1" 200 155
0:0:0:0:0:0:0:1 - - [15/Apr/2026:14:10:32 +0200] "GET /front/api/games/5 HTTP/1.1" 200 144
127.0.0.1 - - [15/Apr/2026:14:10:34 +0200] "GET /back/games/5 HTTP/1.1" 200 155
0:0:0:0:0:0:0:1 - - [15/Apr/2026:14:10:34 +0200] "GET /front/api/games/5 HTTP/1.1" 200 144
127.0.0.1 - - [15/Apr/2026:14:10:36 +0200] "GET /back/games/5 HTTP/1.1" 200 155
0:0:0:0:0:0:0:1 - - [15/Apr/2026:14:10:36 +0200] "GET /front/api/games/5 HTTP/1.1" 200 144
127.0.0.1 - - [15/Apr/2026:14:10:38 +0200] "GET /back/games/5 HTTP/1.1" 200 155
0:0:0:0:0:0:0:1 - - [15/Apr/2026:14:10:38 +0200] "GET /front/api/games/5 HTTP/1.1" 200 144
127.0.0.1 - - [15/Apr/2026:14:10:40 +0200] "GET /back/games/5 HTTP/1.1" 200 155
0:0:0:0:0:0:0:1 - - [15/Apr/2026:14:10:40 +0200] "GET /front/api/games/5 HTTP/1.1" 200 144
127.0.0.1 - - [15/Apr/2026:14:10:42 +0200] "GET /back/games/5 HTTP/1.1" 200 155
0:0:0:0:0:0:0:1 - - [15/Apr/2026:14:10:42 +0200] "GET /front/api/games/5 HTTP/1.1" 200 144
127.0.0.1 - - [15/Apr/2026:14:10:44 +0200] "GET /back/games/5 HTTP/1.1" 200 155
0:0:0:0:0:0:0:1 - - [15/Apr/2026:14:10:44 +0200] "GET /front/api/games/5 HTTP/1.1" 200 144
127.0.0.1 - - [15/Apr/2026:14:10:46 +0200] "GET /back/games/5 HTTP/1.1" 200 155
0:0:0:0:0:0:0:1 - - [15/Apr/2026:14:10:46 +0200] "GET /front/api/games/5 HTTP/1.1" 200 144
127.0.0.1 - - [15/Apr/2026:14:10:48 +0200] "GET /back/games/5 HTTP/1.1" 200 155
0:0:0:0:0:0:0:1 - - [15/Apr/2026:14:10:48 +0200] "GET /front/api/games/5 HTTP/1.1" 200 144
127.0.0.1 - - [15/Apr/2026:14:10:50 +0200] "GET /back/games/5 HTTP/1.1" 200 155
0:0:0:0:0:0:0:1 - - [15/Apr/2026:14:10:50 +0200] "GET /front/api/games/5 HTTP/1.1" 200 144
127.0.0.1 - - [15/Apr/2026:14:10:52 +0200] "GET /back/games/5 HTTP/1.1" 200 155
0:0:0:0:0:0:0:1 - - [15/Apr/2026:14:10:52 +0200] "GET /front/api/games/5 HTTP/1.1" 200 144
127.0.0.1 - - [15/Apr/2026:14:10:54 +0200] "GET /back/games/5 HTTP/1.1" 200 155
0:0:0:0:0:0:0:1 - - [15/Apr/2026:14:10:54 +0200] "GET /front/api/games/5 HTTP/1.1" 200 144
127.0.0.1 - - [15/Apr/2026:14:10:56 +0200] "GET /back/games/5 HTTP/1.1" 200 155
0:0:0:0:0:0:0:1 - - [15/Apr/2026:14:10:56 +0200] "GET /front/api/games/5 HTTP/1.1" 200 144
127.0.0.1 - - [15/Apr/2026:14:10:58 +0200] "GET /back/games/5 HTTP/1.1" 200 155
0:0:0:0:0:0:0:1 - - [15/Apr/2026:14:10:58 +0200] "GET /front/api/games/5 HTTP/1.1" 200 144
127.0.0.1 - - [15/Apr/2026:14:11:00 +0200] "GET /back/games/5 HTTP/1.1" 200 155
0:0:0:0:0:0:0:1 - - [15/Apr/2026:14:11:00 +0200] "GET /front/api/games/5 HTTP/1.1" 200 144
127.0.0.1 - - [15/Apr/2026:14:11:02 +0200] "GET /back/games/5 HTTP/1.1" 200 155
0:0:0:0:0:0:0:1 - - [15/Apr/2026:14:11:02 +0200] "GET /front/api/games/5 HTTP/1.1" 200 144
127.0.0.1 - - [15/Apr/2026:14:11:04 +0200] "GET /back/games/5 HTTP/1.1" 200 155
0:0:0:0:0:0:0:1 - - [15/Apr/2026:14:11:04 +0200] "GET /front/api/games/5 HTTP/1.1" 200 144
127.0.0.1 - - [15/Apr/2026:14:11:06 +0200] "GET /back/games/5 HTTP/1.1" 200 155
0:0:0:0:0:0:0:1 - - [15/Apr/2026:14:11:06 +0200] "GET /front/api/games/5 HTTP/1.1" 200 144
127.0.0.1 - - [15/Apr/2026:14:11:08 +0200] "GET /back/games/5 HTTP/1.1" 200 155
0:0:0:0:0:0:0:1 - - [15/Apr/2026:14:11:08 +0200] "GET /front/api/games/5 HTTP/1.1" 200 144
127.0.0.1 - - [15/Apr/2026:14:11:10 +0200] "GET /back/games/5 HTTP/1.1" 200 155
0:0:0:0:0:0:0:1 - - [15/Apr/2026:14:11:10 +0200] "GET /front/api/games/5 HTTP/1.1" 200 144
127.0.0.1 - - [15/Apr/2026:14:11:12 +0200] "GET /back/games/5 HTTP/1.1" 200 155
0:0:0:0:0:0:0:1 - - [15/Apr/2026:14:11:12 +0200] "GET /front/api/games/5 HTTP/1.1" 200 144
127.0.0.1 - - [15/Apr/2026:14:11:14 +0200] "GET /back/games/5 HTTP/1.1" 200 155
0:0:0:0:0:0:0:1 - - [15/Apr/2026:14:11:14 +0200] "GET /front/api/games/5 HTTP/1.1" 200 144
127.0.0.1 - - [15/Apr/2026:14:11:16 +0200] "GET /back/games/5 HTTP/1.1" 200 155
0:0:0:0:0:0:0:1 - - [15/Apr/2026:14:11:16 +0200] "GET /front/api/games/5 HTTP/1.1" 200 144
127.0.0.1 - - [15/Apr/2026:14:11:18 +0200] "GET /back/games/5 HTTP/1.1" 200 155
0:0:0:0:0:0:0:1 - - [15/Apr/2026:14:11:18 +0200] "GET /front/api/games/5 HTTP/1.1" 200 144
127.0.0.1 - - [15/Apr/2026:14:11:20 +0200] "GET /back/games/5 HTTP/1.1" 200 155
0:0:0:0:0:0:0:1 - - [15/Apr/2026:14:11:20 +0200] "GET /front/api/games/5 HTTP/1.1" 200 144
127.0.0.1 - - [15/Apr/2026:14:11:22 +0200] "GET /back/games/5 HTTP/1.1" 200 155
0:0:0:0:0:0:0:1 - - [15/Apr/2026:14:11:22 +0200] "GET /front/api/games/5 HTTP/1.1" 200 144
127.0.0.1 - - [15/Apr/2026:14:11:24 +0200] "GET /back/games/5 HTTP/1.1" 200 155
0:0:0:0:0:0:0:1 - - [15/Apr/2026:14:11:24 +0200] "GET /front/api/games/5 HTTP/1.1" 200 144
127.0.0.1 - - [15/Apr/2026:14:11:26 +0200] "GET /back/games/5 HTTP/1.1" 200 155
0:0:0:0:0:0:0:1 - - [15/Apr/2026:14:11:26 +0200] "GET /front/api/games/5 HTTP/1.1" 200 144
127.0.0.1 - - [15/Apr/2026:14:11:28 +0200] "GET /back/games/5 HTTP/1.1" 200 155
0:0:0:0:0:0:0:1 - - [15/Apr/2026:14:11:28 +0200] "GET /front/api/games/5 HTTP/1.1" 200 144
127.0.0.1 - - [15/Apr/2026:14:11:30 +0200] "GET /back/games/5 HTTP/1.1" 200 155
0:0:0:0:0:0:0:1 - - [15/Apr/2026:14:11:30 +0200] "GET /front/api/games/5 HTTP/1.1" 200 144
127.0.0.1 - - [15/Apr/2026:14:11:32 +0200] "GET /back/games/5 HTTP/1.1" 200 155
0:0:0:0:0:0:0:1 - - [15/Apr/2026:14:11:32 +0200] "GET /front/api/games/5 HTTP/1.1" 200 144
127.0.0.1 - - [15/Apr/2026:14:11:34 +0200] "GET /back/games/5 HTTP/1.1" 200 155
0:0:0:0:0:0:0:1 - - [15/Apr/2026:14:11:34 +0200] "GET /front/api/games/5 HTTP/1.1" 200 144
127.0.0.1 - - [15/Apr/2026:14:11:36 +0200] "GET /back/games/5 HTTP/1.1" 200 155
0:0:0:0:0:0:0:1 - - [15/Apr/2026:14:11:36 +0200] "GET /front/api/games/5 HTTP/1.1" 200 144
127.0.0.1 - - [15/Apr/2026:14:11:38 +0200] "GET /back/games/5 HTTP/1.1" 200 155
0:0:0:0:0:0:0:1 - - [15/Apr/2026:14:11:38 +0200] "GET /front/api/games/5 HTTP/1.1" 200 144
127.0.0.1 - - [15/Apr/2026:14:11:40 +0200] "GET /back/games/5 HTTP/1.1" 200 155
0:0:0:0:0:0:0:1 - - [15/Apr/2026:14:11:40 +0200] "GET /front/api/games/5 HTTP/1.1" 200 144
127.0.0.1 - - [15/Apr/2026:14:11:42 +0200] "GET /back/games/5 HTTP/1.1" 200 155
0:0:0:0:0:0:0:1 - - [15/Apr/2026:14:11:42 +0200] "GET /front/api/games/5 HTTP/1.1" 200 144
127.0.0.1 - - [15/Apr/2026:14:11:44 +0200] "GET /back/games/5 HTTP/1.1" 200 155
0:0:0:0:0:0:0:1 - - [15/Apr/2026:14:11:44 +0200] "GET /front/api/games/5 HTTP/1.1" 200 144
127.0.0.1 - - [15/Apr/2026:14:11:46 +0200] "GET /back/games/5 HTTP/1.1" 200 155
0:0:0:0:0:0:0:1 - - [15/Apr/2026:14:11:46 +0200] "GET /front/api/games/5 HTTP/1.1" 200 144
127.0.0.1 - - [15/Apr/2026:14:11:48 +0200] "GET /back/games/5 HTTP/1.1" 200 155
0:0:0:0:0:0:0:1 - - [15/Apr/2026:14:11:48 +0200] "GET /front/api/games/5 HTTP/1.1" 200 144
127.0.0.1 - - [15/Apr/2026:14:11:50 +0200] "GET /back/games/5 HTTP/1.1" 200 155
0:0:0:0:0:0:0:1 - - [15/Apr/2026:14:11:50 +0200] "GET /front/api/games/5 HTTP/1.1" 200 144
127.0.0.1 - - [15/Apr/2026:14:11:52 +0200] "GET /back/games/5 HTTP/1.1" 200 155
0:0:0:0:0:0:0:1 - - [15/Apr/2026:14:11:52 +0200] "GET /front/api/games/5 HTTP/1.1" 200 144
127.0.0.1 - - [15/Apr/2026:14:11:54 +0200] "GET /back/games/5 HTTP/1.1" 200 155
0:0:0:0:0:0:0:1 - - [15/Apr/2026:14:11:54 +0200] "GET /front/api/games/5 HTTP/1.1" 200 144
127.0.0.1 - - [15/Apr/2026:14:11:56 +0200] "GET /back/games/5 HTTP/1.1" 200 155
0:0:0:0:0:0:0:1 - - [15/Apr/2026:14:11:56 +0200] "GET /front/api/games/5 HTTP/1.1" 200 144
127.0.0.1 - - [15/Apr/2026:14:11:58 +0200] "GET /back/games/5 HTTP/1.1" 200 155
0:0:0:0:0:0:0:1 - - [15/Apr/2026:14:11:58 +0200] "GET /front/api/games/5 HTTP/1.1" 200 144
127.0.0.1 - - [15/Apr/2026:14:12:00 +0200] "GET /back/games/5 HTTP/1.1" 200 155
0:0:0:0:0:0:0:1 - - [15/Apr/2026:14:12:00 +0200] "GET /front/api/games/5 HTTP/1.1" 200 144
127.0.0.1 - - [15/Apr/2026:14:12:02 +0200] "GET /back/games/5 HTTP/1.1" 200 155
0:0:0:0:0:0:0:1 - - [15/Apr/2026:14:12:02 +0200] "GET /front/api/games/5 HTTP/1.1" 200 144
127.0.0.1 - - [15/Apr/2026:14:12:04 +0200] "GET /back/games/5 HTTP/1.1" 200 155
0:0:0:0:0:0:0:1 - - [15/Apr/2026:14:12:04 +0200] "GET /front/api/games/5 HTTP/1.1" 200 144
127.0.0.1 - - [15/Apr/2026:14:12:06 +0200] "GET /back/games/5 HTTP/1.1" 200 155
0:0:0:0:0:0:0:1 - - [15/Apr/2026:14:12:06 +0200] "GET /front/api/games/5 HTTP/1.1" 200 144
127.0.0.1 - - [15/Apr/2026:14:12:08 +0200] "GET /back/games/5 HTTP/1.1" 200 155
0:0:0:0:0:0:0:1 - - [15/Apr/2026:14:12:08 +0200] "GET /front/api/games/5 HTTP/1.1" 200 144
127.0.0.1 - - [15/Apr/2026:14:12:10 +0200] "GET /back/games/5 HTTP/1.1" 200 155
0:0:0:0:0:0:0:1 - - [15/Apr/2026:14:12:10 +0200] "GET /front/api/games/5 HTTP/1.1" 200 144
127.0.0.1 - - [15/Apr/2026:14:12:12 +0200] "GET /back/games/5 HTTP/1.1" 200 155
0:0:0:0:0:0:0:1 - - [15/Apr/2026:14:12:12 +0200] "GET /front/api/games/5 HTTP/1.1" 200 144
127.0.0.1 - - [15/Apr/2026:14:12:14 +0200] "GET /back/games/5 HTTP/1.1" 200 155
0:0:0:0:0:0:0:1 - - [15/Apr/2026:14:12:14 +0200] "GET /front/api/games/5 HTTP/1.1" 200 144
127.0.0.1 - - [15/Apr/2026:14:12:16 +0200] "GET /back/games/5 HTTP/1.1" 200 155
0:0:0:0:0:0:0:1 - - [15/Apr/2026:14:12:16 +0200] "GET /front/api/games/5 HTTP/1.1" 200 144
127.0.0.1 - - [15/Apr/2026:14:12:18 +0200] "GET /back/games/5 HTTP/1.1" 200 155
0:0:0:0:0:0:0:1 - - [15/Apr/2026:14:12:18 +0200] "GET /front/api/games/5 HTTP/1.1" 200 144
127.0.0.1 - - [15/Apr/2026:14:12:20 +0200] "GET /back/games/5 HTTP/1.1" 200 155
0:0:0:0:0:0:0:1 - - [15/Apr/2026:14:12:20 +0200] "GET /front/api/games/5 HTTP/1.1" 200 144
127.0.0.1 - - [15/Apr/2026:14:12:22 +0200] "GET /back/games/5 HTTP/1.1" 200 155
0:0:0:0:0:0:0:1 - - [15/Apr/2026:14:12:22 +0200] "GET /front/api/games/5 HTTP/1.1" 200 144
127.0.0.1 - - [15/Apr/2026:14:12:24 +0200] "GET /back/games/5 HTTP/1.1" 200 155
0:0:0:0:0:0:0:1 - - [15/Apr/2026:14:12:24 +0200] "GET /front/api/games/5 HTTP/1.1" 200 144
127.0.0.1 - - [15/Apr/2026:14:12:26 +0200] "GET /back/games/5 HTTP/1.1" 200 155
0:0:0:0:0:0:0:1 - - [15/Apr/2026:14:12:26 +0200] "GET /front/api/games/5 HTTP/1.1" 200 144
127.0.0.1 - - [15/Apr/2026:14:12:28 +0200] "GET /back/games/5 HTTP/1.1" 200 155
0:0:0:0:0:0:0:1 - - [15/Apr/2026:14:12:28 +0200] "GET /front/api/games/5 HTTP/1.1" 200 144
127.0.0.1 - - [15/Apr/2026:14:12:30 +0200] "GET /back/games/5 HTTP/1.1" 200 155
0:0:0:0:0:0:0:1 - - [15/Apr/2026:14:12:30 +0200] "GET /front/api/games/5 HTTP/1.1" 200 144
127.0.0.1 - - [15/Apr/2026:14:12:32 +0200] "GET /back/games/5 HTTP/1.1" 200 155
0:0:0:0:0:0:0:1 - - [15/Apr/2026:14:12:32 +0200] "GET /front/api/games/5 HTTP/1.1" 200 144
127.0.0.1 - - [15/Apr/2026:14:12:34 +0200] "GET /back/games/5 HTTP/1.1" 200 155
0:0:0:0:0:0:0:1 - - [15/Apr/2026:14:12:34 +0200] "GET /front/api/games/5 HTTP/1.1" 200 144
127.0.0.1 - - [15/Apr/2026:14:12:36 +0200] "GET /back/games/5 HTTP/1.1" 200 155
0:0:0:0:0:0:0:1 - - [15/Apr/2026:14:12:36 +0200] "GET /front/api/games/5 HTTP/1.1" 200 144
127.0.0.1 - - [15/Apr/2026:14:12:38 +0200] "GET /back/games/5 HTTP/1.1" 200 155
0:0:0:0:0:0:0:1 - - [15/Apr/2026:14:12:38 +0200] "GET /front/api/games/5 HTTP/1.1" 200 144
127.0.0.1 - - [15/Apr/2026:14:12:40 +0200] "GET /back/games/5 HTTP/1.1" 200 155
0:0:0:0:0:0:0:1 - - [15/Apr/2026:14:12:40 +0200] "GET /front/api/games/5 HTTP/1.1" 200 144
127.0.0.1 - - [15/Apr/2026:14:12:42 +0200] "GET /back/games/5 HTTP/1.1" 200 155
0:0:0:0:0:0:0:1 - - [15/Apr/2026:14:12:42 +0200] "GET /front/api/games/5 HTTP/1.1" 200 144
127.0.0.1 - - [15/Apr/2026:14:12:44 +0200] "GET /back/games/5 HTTP/1.1" 200 155
0:0:0:0:0:0:0:1 - - [15/Apr/2026:14:12:44 +0200] "GET /front/api/games/5 HTTP/1.1" 200 144
127.0.0.1 - - [15/Apr/2026:14:12:46 +0200] "GET /back/games/5 HTTP/1.1" 200 155
0:0:0:0:0:0:0:1 - - [15/Apr/2026:14:12:46 +0200] "GET /front/api/games/5 HTTP/1.1" 200 144
127.0.0.1 - - [15/Apr/2026:14:12:48 +0200] "GET /back/games/5 HTTP/1.1" 200 155
0:0:0:0:0:0:0:1 - - [15/Apr/2026:14:12:48 +0200] "GET /front/api/games/5 HTTP/1.1" 200 144
127.0.0.1 - - [15/Apr/2026:14:12:50 +0200] "GET /back/games/5 HTTP/1.1" 200 155
0:0:0:0:0:0:0:1 - - [15/Apr/2026:14:12:50 +0200] "GET /front/api/games/5 HTTP/1.1" 200 144
127.0.0.1 - - [15/Apr/2026:14:12:52 +0200] "GET /back/games/5 HTTP/1.1" 200 155
0:0:0:0:0:0:0:1 - - [15/Apr/2026:14:12:52 +0200] "GET /front/api/games/5 HTTP/1.1" 200 144
127.0.0.1 - - [15/Apr/2026:14:12:54 +0200] "GET /back/games/5 HTTP/1.1" 200 155
0:0:0:0:0:0:0:1 - - [15/Apr/2026:14:12:54 +0200] "GET /front/api/games/5 HTTP/1.1" 200 144
127.0.0.1 - - [15/Apr/2026:14:12:56 +0200] "GET /back/games/5 HTTP/1.1" 200 155
0:0:0:0:0:0:0:1 - - [15/Apr/2026:14:12:56 +0200] "GET /front/api/games/5 HTTP/1.1" 200 144
127.0.0.1 - - [15/Apr/2026:14:12:58 +0200] "GET /back/games/5 HTTP/1.1" 200 155
0:0:0:0:0:0:0:1 - - [15/Apr/2026:14:12:58 +0200] "GET /front/api/games/5 HTTP/1.1" 200 144
127.0.0.1 - - [15/Apr/2026:14:13:00 +0200] "GET /back/games/5 HTTP/1.1" 200 155
0:0:0:0:0:0:0:1 - - [15/Apr/2026:14:13:00 +0200] "GET /front/api/games/5 HTTP/1.1" 200 144
127.0.0.1 - - [15/Apr/2026:14:13:02 +0200] "GET /back/games/5 HTTP/1.1" 200 155
0:0:0:0:0:0:0:1 - - [15/Apr/2026:14:13:02 +0200] "GET /front/api/games/5 HTTP/1.1" 200 144
127.0.0.1 - - [15/Apr/2026:14:13:04 +0200] "GET /back/games/5 HTTP/1.1" 200 155
0:0:0:0:0:0:0:1 - - [15/Apr/2026:14:13:04 +0200] "GET /front/api/games/5 HTTP/1.1" 200 144
127.0.0.1 - - [15/Apr/2026:14:13:06 +0200] "GET /back/games/5 HTTP/1.1" 200 155
0:0:0:0:0:0:0:1 - - [15/Apr/2026:14:13:06 +0200] "GET /front/api/games/5 HTTP/1.1" 200 144
127.0.0.1 - - [15/Apr/2026:14:13:08 +0200] "GET /back/games/5 HTTP/1.1" 200 155
0:0:0:0:0:0:0:1 - - [15/Apr/2026:14:13:08 +0200] "GET /front/api/games/5 HTTP/1.1" 200 144
127.0.0.1 - - [15/Apr/2026:14:13:10 +0200] "GET /back/games/5 HTTP/1.1" 200 155
0:0:0:0:0:0:0:1 - - [15/Apr/2026:14:13:10 +0200] "GET /front/api/games/5 HTTP/1.1" 200 144
127.0.0.1 - - [15/Apr/2026:14:13:12 +0200] "GET /back/games/5 HTTP/1.1" 200 155
0:0:0:0:0:0:0:1 - - [15/Apr/2026:14:13:12 +0200] "GET /front/api/games/5 HTTP/1.1" 200 144
127.0.0.1 - - [15/Apr/2026:14:13:14 +0200] "GET /back/games/5 HTTP/1.1" 200 155
0:0:0:0:0:0:0:1 - - [15/Apr/2026:14:13:14 +0200] "GET /front/api/games/5 HTTP/1.1" 200 144
127.0.0.1 - - [15/Apr/2026:14:13:16 +0200] "GET /back/games/5 HTTP/1.1" 200 155
0:0:0:0:0:0:0:1 - - [15/Apr/2026:14:13:16 +0200] "GET /front/api/games/5 HTTP/1.1" 200 144
127.0.0.1 - - [15/Apr/2026:14:13:18 +0200] "GET /back/games/5 HTTP/1.1" 200 155
0:0:0:0:0:0:0:1 - - [15/Apr/2026:14:13:18 +0200] "GET /front/api/games/5 HTTP/1.1" 200 144
127.0.0.1 - - [15/Apr/2026:14:13:20 +0200] "GET /back/games/5 HTTP/1.1" 200 155
0:0:0:0:0:0:0:1 - - [15/Apr/2026:14:13:20 +0200] "GET /front/api/games/5 HTTP/1.1" 200 144
127.0.0.1 - - [15/Apr/2026:14:13:22 +0200] "GET /back/games/5 HTTP/1.1" 200 155
0:0:0:0:0:0:0:1 - - [15/Apr/2026:14:13:22 +0200] "GET /front/api/games/5 HTTP/1.1" 200 144
127.0.0.1 - - [15/Apr/2026:14:13:24 +0200] "GET /back/games/5 HTTP/1.1" 200 155
0:0:0:0:0:0:0:1 - - [15/Apr/2026:14:13:24 +0200] "GET /front/api/games/5 HTTP/1.1" 200 144
127.0.0.1 - - [15/Apr/2026:14:13:26 +0200] "GET /back/games/5 HTTP/1.1" 200 155
0:0:0:0:0:0:0:1 - - [15/Apr/2026:14:13:26 +0200] "GET /front/api/games/5 HTTP/1.1" 200 144
127.0.0.1 - - [15/Apr/2026:14:13:28 +0200] "GET /back/games/5 HTTP/1.1" 200 155
0:0:0:0:0:0:0:1 - - [15/Apr/2026:14:13:28 +0200] "GET /front/api/games/5 HTTP/1.1" 200 144
127.0.0.1 - - [15/Apr/2026:14:13:30 +0200] "GET /back/games/5 HTTP/1.1" 200 155
0:0:0:0:0:0:0:1 - - [15/Apr/2026:14:13:30 +0200] "GET /front/api/games/5 HTTP/1.1" 200 144
127.0.0.1 - - [15/Apr/2026:14:13:32 +0200] "GET /back/games/5 HTTP/1.1" 200 155
0:0:0:0:0:0:0:1 - - [15/Apr/2026:14:13:32 +0200] "GET /front/api/games/5 HTTP/1.1" 200 144
127.0.0.1 - - [15/Apr/2026:14:13:34 +0200] "GET /back/games/5 HTTP/1.1" 200 155
0:0:0:0:0:0:0:1 - - [15/Apr/2026:14:13:34 +0200] "GET /front/api/games/5 HTTP/1.1" 200 144
127.0.0.1 - - [15/Apr/2026:14:13:36 +0200] "GET /back/games/5 HTTP/1.1" 200 155
0:0:0:0:0:0:0:1 - - [15/Apr/2026:14:13:36 +0200] "GET /front/api/games/5 HTTP/1.1" 200 144
127.0.0.1 - - [15/Apr/2026:14:13:38 +0200] "GET /back/games/5 HTTP/1.1" 200 155
0:0:0:0:0:0:0:1 - - [15/Apr/2026:14:13:38 +0200] "GET /front/api/games/5 HTTP/1.1" 200 144
127.0.0.1 - - [15/Apr/2026:14:13:40 +0200] "GET /back/games/5 HTTP/1.1" 200 155
0:0:0:0:0:0:0:1 - - [15/Apr/2026:14:13:40 +0200] "GET /front/api/games/5 HTTP/1.1" 200 144
127.0.0.1 - - [15/Apr/2026:14:13:42 +0200] "GET /back/games/5 HTTP/1.1" 200 155
0:0:0:0:0:0:0:1 - - [15/Apr/2026:14:13:42 +0200] "GET /front/api/games/5 HTTP/1.1" 200 144
127.0.0.1 - - [15/Apr/2026:14:13:44 +0200] "GET /back/games/5 HTTP/1.1" 200 155
0:0:0:0:0:0:0:1 - - [15/Apr/2026:14:13:44 +0200] "GET /front/api/games/5 HTTP/1.1" 200 144
127.0.0.1 - - [15/Apr/2026:14:13:46 +0200] "GET /back/games/5 HTTP/1.1" 200 155
0:0:0:0:0:0:0:1 - - [15/Apr/2026:14:13:46 +0200] "GET /front/api/games/5 HTTP/1.1" 200 144
127.0.0.1 - - [15/Apr/2026:14:13:48 +0200] "GET /back/games/5 HTTP/1.1" 200 155
0:0:0:0:0:0:0:1 - - [15/Apr/2026:14:13:48 +0200] "GET /front/api/games/5 HTTP/1.1" 200 144
127.0.0.1 - - [15/Apr/2026:14:13:50 +0200] "GET /back/games/5 HTTP/1.1" 200 155
0:0:0:0:0:0:0:1 - - [15/Apr/2026:14:13:50 +0200] "GET /front/api/games/5 HTTP/1.1" 200 144
127.0.0.1 - - [15/Apr/2026:14:13:52 +0200] "GET /back/games/5 HTTP/1.1" 200 155
0:0:0:0:0:0:0:1 - - [15/Apr/2026:14:13:52 +0200] "GET /front/api/games/5 HTTP/1.1" 200 144
127.0.0.1 - - [15/Apr/2026:14:13:54 +0200] "GET /back/games/5 HTTP/1.1" 200 155
0:0:0:0:0:0:0:1 - - [15/Apr/2026:14:13:54 +0200] "GET /front/api/games/5 HTTP/1.1" 200 144
127.0.0.1 - - [15/Apr/2026:14:13:56 +0200] "GET /back/games/5 HTTP/1.1" 200 155
0:0:0:0:0:0:0:1 - - [15/Apr/2026:14:13:56 +0200] "GET /front/api/games/5 HTTP/1.1" 200 144
127.0.0.1 - - [15/Apr/2026:14:13:58 +0200] "GET /back/games/5 HTTP/1.1" 200 155
0:0:0:0:0:0:0:1 - - [15/Apr/2026:14:13:58 +0200] "GET /front/api/games/5 HTTP/1.1" 200 144
127.0.0.1 - - [15/Apr/2026:14:14:00 +0200] "GET /back/games/5 HTTP/1.1" 200 155
0:0:0:0:0:0:0:1 - - [15/Apr/2026:14:14:00 +0200] "GET /front/api/games/5 HTTP/1.1" 200 144
127.0.0.1 - - [15/Apr/2026:14:14:02 +0200] "GET /back/games/5 HTTP/1.1" 200 155
0:0:0:0:0:0:0:1 - - [15/Apr/2026:14:14:02 +0200] "GET /front/api/games/5 HTTP/1.1" 200 144
127.0.0.1 - - [15/Apr/2026:14:14:04 +0200] "GET /back/games/5 HTTP/1.1" 200 155
0:0:0:0:0:0:0:1 - - [15/Apr/2026:14:14:04 +0200] "GET /front/api/games/5 HTTP/1.1" 200 144
127.0.0.1 - - [15/Apr/2026:14:14:06 +0200] "GET /back/games/5 HTTP/1.1" 200 155
0:0:0:0:0:0:0:1 - - [15/Apr/2026:14:14:06 +0200] "GET /front/api/games/5 HTTP/1.1" 200 144
127.0.0.1 - - [15/Apr/2026:14:14:08 +0200] "GET /back/games/5 HTTP/1.1" 200 155
0:0:0:0:0:0:0:1 - - [15/Apr/2026:14:14:08 +0200] "GET /front/api/games/5 HTTP/1.1" 200 144
127.0.0.1 - - [15/Apr/2026:14:14:10 +0200] "GET /back/games/5 HTTP/1.1" 200 155
0:0:0:0:0:0:0:1 - - [15/Apr/2026:14:14:10 +0200] "GET /front/api/games/5 HTTP/1.1" 200 144
127.0.0.1 - - [15/Apr/2026:14:14:12 +0200] "GET /back/games/5 HTTP/1.1" 200 155
0:0:0:0:0:0:0:1 - - [15/Apr/2026:14:14:12 +0200] "GET /front/api/games/5 HTTP/1.1" 200 144
127.0.0.1 - - [15/Apr/2026:14:14:14 +0200] "GET /back/games/5 HTTP/1.1" 200 155
0:0:0:0:0:0:0:1 - - [15/Apr/2026:14:14:14 +0200] "GET /front/api/games/5 HTTP/1.1" 200 144
127.0.0.1 - - [15/Apr/2026:14:14:16 +0200] "GET /back/games/5 HTTP/1.1" 200 155
0:0:0:0:0:0:0:1 - - [15/Apr/2026:14:14:16 +0200] "GET /front/api/games/5 HTTP/1.1" 200 144
127.0.0.1 - - [15/Apr/2026:14:14:18 +0200] "GET /back/games/5 HTTP/1.1" 200 155
0:0:0:0:0:0:0:1 - - [15/Apr/2026:14:14:18 +0200] "GET /front/api/games/5 HTTP/1.1" 200 144
127.0.0.1 - - [15/Apr/2026:14:14:20 +0200] "GET /back/games/5 HTTP/1.1" 200 155
0:0:0:0:0:0:0:1 - - [15/Apr/2026:14:14:20 +0200] "GET /front/api/games/5 HTTP/1.1" 200 144
127.0.0.1 - - [15/Apr/2026:14:14:22 +0200] "GET /back/games/5 HTTP/1.1" 200 155
0:0:0:0:0:0:0:1 - - [15/Apr/2026:14:14:22 +0200] "GET /front/api/games/5 HTTP/1.1" 200 144
127.0.0.1 - - [15/Apr/2026:14:14:24 +0200] "GET /back/games/5 HTTP/1.1" 200 155
0:0:0:0:0:0:0:1 - - [15/Apr/2026:14:14:24 +0200] "GET /front/api/games/5 HTTP/1.1" 200 144
127.0.0.1 - - [15/Apr/2026:14:14:26 +0200] "GET /back/games/5 HTTP/1.1" 200 155
0:0:0:0:0:0:0:1 - - [15/Apr/2026:14:14:26 +0200] "GET /front/api/games/5 HTTP/1.1" 200 144
127.0.0.1 - - [15/Apr/2026:14:14:28 +0200] "GET /back/games/5 HTTP/1.1" 200 155
0:0:0:0:0:0:0:1 - - [15/Apr/2026:14:14:28 +0200] "GET /front/api/games/5 HTTP/1.1" 200 144
127.0.0.1 - - [15/Apr/2026:14:14:30 +0200] "GET /back/games/5 HTTP/1.1" 200 155
0:0:0:0:0:0:0:1 - - [15/Apr/2026:14:14:30 +0200] "GET /front/api/games/5 HTTP/1.1" 200 144
127.0.0.1 - - [15/Apr/2026:14:14:32 +0200] "GET /back/games/5 HTTP/1.1" 200 155
0:0:0:0:0:0:0:1 - - [15/Apr/2026:14:14:32 +0200] "GET /front/api/games/5 HTTP/1.1" 200 144
127.0.0.1 - - [15/Apr/2026:14:14:34 +0200] "GET /back/games/5 HTTP/1.1" 200 155
0:0:0:0:0:0:0:1 - - [15/Apr/2026:14:14:34 +0200] "GET /front/api/games/5 HTTP/1.1" 200 144
127.0.0.1 - - [15/Apr/2026:14:14:36 +0200] "GET /back/games/5 HTTP/1.1" 200 155
0:0:0:0:0:0:0:1 - - [15/Apr/2026:14:14:36 +0200] "GET /front/api/games/5 HTTP/1.1" 200 144
127.0.0.1 - - [15/Apr/2026:14:14:38 +0200] "GET /back/games/5 HTTP/1.1" 200 155
0:0:0:0:0:0:0:1 - - [15/Apr/2026:14:14:38 +0200] "GET /front/api/games/5 HTTP/1.1" 200 144
127.0.0.1 - - [15/Apr/2026:14:14:40 +0200] "GET /back/games/5 HTTP/1.1" 200 155
0:0:0:0:0:0:0:1 - - [15/Apr/2026:14:14:40 +0200] "GET /front/api/games/5 HTTP/1.1" 200 144
127.0.0.1 - - [15/Apr/2026:14:14:42 +0200] "GET /back/games/5 HTTP/1.1" 200 155
0:0:0:0:0:0:0:1 - - [15/Apr/2026:14:14:42 +0200] "GET /front/api/games/5 HTTP/1.1" 200 144
127.0.0.1 - - [15/Apr/2026:14:14:44 +0200] "GET /back/games/5 HTTP/1.1" 200 155
0:0:0:0:0:0:0:1 - - [15/Apr/2026:14:14:44 +0200] "GET /front/api/games/5 HTTP/1.1" 200 144
127.0.0.1 - - [15/Apr/2026:14:14:46 +0200] "GET /back/games/5 HTTP/1.1" 200 155
0:0:0:0:0:0:0:1 - - [15/Apr/2026:14:14:46 +0200] "GET /front/api/games/5 HTTP/1.1" 200 144
127.0.0.1 - - [15/Apr/2026:14:14:48 +0200] "GET /back/games/5 HTTP/1.1" 200 155
0:0:0:0:0:0:0:1 - - [15/Apr/2026:14:14:48 +0200] "GET /front/api/games/5 HTTP/1.1" 200 144
127.0.0.1 - - [15/Apr/2026:14:14:50 +0200] "GET /back/games/5 HTTP/1.1" 200 155
0:0:0:0:0:0:0:1 - - [15/Apr/2026:14:14:50 +0200] "GET /front/api/games/5 HTTP/1.1" 200 144
127.0.0.1 - - [15/Apr/2026:14:14:52 +0200] "GET /back/games/5 HTTP/1.1" 200 155
0:0:0:0:0:0:0:1 - - [15/Apr/2026:14:14:52 +0200] "GET /front/api/games/5 HTTP/1.1" 200 144
127.0.0.1 - - [15/Apr/2026:14:14:54 +0200] "GET /back/games/5 HTTP/1.1" 200 155
0:0:0:0:0:0:0:1 - - [15/Apr/2026:14:14:54 +0200] "GET /front/api/games/5 HTTP/1.1" 200 144
127.0.0.1 - - [15/Apr/2026:14:14:56 +0200] "GET /back/games/5 HTTP/1.1" 200 155
0:0:0:0:0:0:0:1 - - [15/Apr/2026:14:14:56 +0200] "GET /front/api/games/5 HTTP/1.1" 200 144
127.0.0.1 - - [15/Apr/2026:14:14:58 +0200] "GET /back/games/5 HTTP/1.1" 200 155
0:0:0:0:0:0:0:1 - - [15/Apr/2026:14:14:58 +0200] "GET /front/api/games/5 HTTP/1.1" 200 144
127.0.0.1 - - [15/Apr/2026:14:15:00 +0200] "GET /back/games/5 HTTP/1.1" 200 155
0:0:0:0:0:0:0:1 - - [15/Apr/2026:14:15:00 +0200] "GET /front/api/games/5 HTTP/1.1" 200 144
127.0.0.1 - - [15/Apr/2026:14:15:02 +0200] "GET /back/games/5 HTTP/1.1" 200 155
0:0:0:0:0:0:0:1 - - [15/Apr/2026:14:15:02 +0200] "GET /front/api/games/5 HTTP/1.1" 200 144
127.0.0.1 - - [15/Apr/2026:14:15:04 +0200] "GET /back/games/5 HTTP/1.1" 200 155
0:0:0:0:0:0:0:1 - - [15/Apr/2026:14:15:04 +0200] "GET /front/api/games/5 HTTP/1.1" 200 144
127.0.0.1 - - [15/Apr/2026:14:15:06 +0200] "GET /back/games/5 HTTP/1.1" 200 155
0:0:0:0:0:0:0:1 - - [15/Apr/2026:14:15:06 +0200] "GET /front/api/games/5 HTTP/1.1" 200 144
127.0.0.1 - - [15/Apr/2026:14:15:08 +0200] "GET /back/games/5 HTTP/1.1" 200 155
0:0:0:0:0:0:0:1 - - [15/Apr/2026:14:15:08 +0200] "GET /front/api/games/5 HTTP/1.1" 200 144
127.0.0.1 - - [15/Apr/2026:14:15:10 +0200] "GET /back/games/5 HTTP/1.1" 200 155
0:0:0:0:0:0:0:1 - - [15/Apr/2026:14:15:10 +0200] "GET /front/api/games/5 HTTP/1.1" 200 144
127.0.0.1 - - [15/Apr/2026:14:15:12 +0200] "GET /back/games/5 HTTP/1.1" 200 155
0:0:0:0:0:0:0:1 - - [15/Apr/2026:14:15:12 +0200] "GET /front/api/games/5 HTTP/1.1" 200 144
127.0.0.1 - - [15/Apr/2026:14:15:14 +0200] "GET /back/games/5 HTTP/1.1" 200 155
0:0:0:0:0:0:0:1 - - [15/Apr/2026:14:15:14 +0200] "GET /front/api/games/5 HTTP/1.1" 200 144
127.0.0.1 - - [15/Apr/2026:14:15:16 +0200] "GET /back/games/5 HTTP/1.1" 200 155
0:0:0:0:0:0:0:1 - - [15/Apr/2026:14:15:16 +0200] "GET /front/api/games/5 HTTP/1.1" 200 144
127.0.0.1 - - [15/Apr/2026:14:15:18 +0200] "GET /back/games/5 HTTP/1.1" 200 155
0:0:0:0:0:0:0:1 - - [15/Apr/2026:14:15:18 +0200] "GET /front/api/games/5 HTTP/1.1" 200 144
127.0.0.1 - - [15/Apr/2026:14:15:20 +0200] "GET /back/games/5 HTTP/1.1" 200 155
0:0:0:0:0:0:0:1 - - [15/Apr/2026:14:15:20 +0200] "GET /front/api/games/5 HTTP/1.1" 200 144
127.0.0.1 - - [15/Apr/2026:14:15:22 +0200] "GET /back/games/5 HTTP/1.1" 200 155
0:0:0:0:0:0:0:1 - - [15/Apr/2026:14:15:22 +0200] "GET /front/api/games/5 HTTP/1.1" 200 144
127.0.0.1 - - [15/Apr/2026:14:15:24 +0200] "GET /back/games/5 HTTP/1.1" 200 155
0:0:0:0:0:0:0:1 - - [15/Apr/2026:14:15:24 +0200] "GET /front/api/games/5 HTTP/1.1" 200 144
127.0.0.1 - - [15/Apr/2026:14:15:26 +0200] "GET /back/games/5 HTTP/1.1" 200 155
0:0:0:0:0:0:0:1 - - [15/Apr/2026:14:15:26 +0200] "GET /front/api/games/5 HTTP/1.1" 200 144
127.0.0.1 - - [15/Apr/2026:14:15:28 +0200] "GET /back/games/5 HTTP/1.1" 200 155
0:0:0:0:0:0:0:1 - - [15/Apr/2026:14:15:28 +0200] "GET /front/api/games/5 HTTP/1.1" 200 144
127.0.0.1 - - [15/Apr/2026:14:15:30 +0200] "GET /back/games/5 HTTP/1.1" 200 155
0:0:0:0:0:0:0:1 - - [15/Apr/2026:14:15:30 +0200] "GET /front/api/games/5 HTTP/1.1" 200 144
127.0.0.1 - - [15/Apr/2026:14:15:32 +0200] "GET /back/games/5 HTTP/1.1" 200 155
0:0:0:0:0:0:0:1 - - [15/Apr/2026:14:15:32 +0200] "GET /front/api/games/5 HTTP/1.1" 200 144
127.0.0.1 - - [15/Apr/2026:14:15:34 +0200] "GET /back/games/5 HTTP/1.1" 200 155
0:0:0:0:0:0:0:1 - - [15/Apr/2026:14:15:34 +0200] "GET /front/api/games/5 HTTP/1.1" 200 144
127.0.0.1 - - [15/Apr/2026:14:15:36 +0200] "GET /back/games/5 HTTP/1.1" 200 155
0:0:0:0:0:0:0:1 - - [15/Apr/2026:14:15:36 +0200] "GET /front/api/games/5 HTTP/1.1" 200 144
127.0.0.1 - - [15/Apr/2026:14:15:38 +0200] "GET /back/games/5 HTTP/1.1" 200 155
0:0:0:0:0:0:0:1 - - [15/Apr/2026:14:15:38 +0200] "GET /front/api/games/5 HTTP/1.1" 200 144
127.0.0.1 - - [15/Apr/2026:14:15:40 +0200] "GET /back/games/5 HTTP/1.1" 200 155
0:0:0:0:0:0:0:1 - - [15/Apr/2026:14:15:40 +0200] "GET /front/api/games/5 HTTP/1.1" 200 144
127.0.0.1 - - [15/Apr/2026:14:15:42 +0200] "GET /back/games/5 HTTP/1.1" 200 155
0:0:0:0:0:0:0:1 - - [15/Apr/2026:14:15:42 +0200] "GET /front/api/games/5 HTTP/1.1" 200 144
127.0.0.1 - - [15/Apr/2026:14:15:44 +0200] "GET /back/games/5 HTTP/1.1" 200 155
0:0:0:0:0:0:0:1 - - [15/Apr/2026:14:15:44 +0200] "GET /front/api/games/5 HTTP/1.1" 200 144
127.0.0.1 - - [15/Apr/2026:14:15:46 +0200] "GET /back/games/5 HTTP/1.1" 200 155
0:0:0:0:0:0:0:1 - - [15/Apr/2026:14:15:46 +0200] "GET /front/api/games/5 HTTP/1.1" 200 144
127.0.0.1 - - [15/Apr/2026:14:15:48 +0200] "GET /back/games/5 HTTP/1.1" 200 155
0:0:0:0:0:0:0:1 - - [15/Apr/2026:14:15:48 +0200] "GET /front/api/games/5 HTTP/1.1" 200 144
127.0.0.1 - - [15/Apr/2026:14:15:50 +0200] "GET /back/games/5 HTTP/1.1" 200 155
0:0:0:0:0:0:0:1 - - [15/Apr/2026:14:15:50 +0200] "GET /front/api/games/5 HTTP/1.1" 200 144
127.0.0.1 - - [15/Apr/2026:14:15:52 +0200] "GET /back/games/5 HTTP/1.1" 200 155
0:0:0:0:0:0:0:1 - - [15/Apr/2026:14:15:52 +0200] "GET /front/api/games/5 HTTP/1.1" 200 144
127.0.0.1 - - [15/Apr/2026:14:15:54 +0200] "GET /back/games/5 HTTP/1.1" 200 155
0:0:0:0:0:0:0:1 - - [15/Apr/2026:14:15:54 +0200] "GET /front/api/games/5 HTTP/1.1" 200 144
127.0.0.1 - - [15/Apr/2026:14:15:56 +0200] "GET /back/games/5 HTTP/1.1" 200 155
0:0:0:0:0:0:0:1 - - [15/Apr/2026:14:15:56 +0200] "GET /front/api/games/5 HTTP/1.1" 200 144
127.0.0.1 - - [15/Apr/2026:14:15:58 +0200] "GET /back/games/5 HTTP/1.1" 200 155
0:0:0:0:0:0:0:1 - - [15/Apr/2026:14:15:58 +0200] "GET /front/api/games/5 HTTP/1.1" 200 144
127.0.0.1 - - [15/Apr/2026:14:16:00 +0200] "GET /back/games/5 HTTP/1.1" 200 155
0:0:0:0:0:0:0:1 - - [15/Apr/2026:14:16:00 +0200] "GET /front/api/games/5 HTTP/1.1" 200 144
127.0.0.1 - - [15/Apr/2026:14:16:02 +0200] "GET /back/games/5 HTTP/1.1" 200 155
0:0:0:0:0:0:0:1 - - [15/Apr/2026:14:16:02 +0200] "GET /front/api/games/5 HTTP/1.1" 200 144
127.0.0.1 - - [15/Apr/2026:14:16:04 +0200] "GET /back/games/5 HTTP/1.1" 200 155
0:0:0:0:0:0:0:1 - - [15/Apr/2026:14:16:04 +0200] "GET /front/api/games/5 HTTP/1.1" 200 144
127.0.0.1 - - [15/Apr/2026:14:16:06 +0200] "GET /back/games/5 HTTP/1.1" 200 155
0:0:0:0:0:0:0:1 - - [15/Apr/2026:14:16:06 +0200] "GET /front/api/games/5 HTTP/1.1" 200 144
127.0.0.1 - - [15/Apr/2026:14:16:08 +0200] "GET /back/games/5 HTTP/1.1" 200 155
0:0:0:0:0:0:0:1 - - [15/Apr/2026:14:16:08 +0200] "GET /front/api/games/5 HTTP/1.1" 200 144
127.0.0.1 - - [15/Apr/2026:14:16:10 +0200] "GET /back/games/5 HTTP/1.1" 200 155
0:0:0:0:0:0:0:1 - - [15/Apr/2026:14:16:10 +0200] "GET /front/api/games/5 HTTP/1.1" 200 144
127.0.0.1 - - [15/Apr/2026:14:16:12 +0200] "GET /back/games/5 HTTP/1.1" 200 155
0:0:0:0:0:0:0:1 - - [15/Apr/2026:14:16:12 +0200] "GET /front/api/games/5 HTTP/1.1" 200 144
127.0.0.1 - - [15/Apr/2026:14:16:14 +0200] "GET /back/games/5 HTTP/1.1" 200 155
0:0:0:0:0:0:0:1 - - [15/Apr/2026:14:16:14 +0200] "GET /front/api/games/5 HTTP/1.1" 200 144
127.0.0.1 - - [15/Apr/2026:14:16:16 +0200] "GET /back/games/5 HTTP/1.1" 200 155
0:0:0:0:0:0:0:1 - - [15/Apr/2026:14:16:16 +0200] "GET /front/api/games/5 HTTP/1.1" 200 144
127.0.0.1 - - [15/Apr/2026:14:16:18 +0200] "GET /back/games/5 HTTP/1.1" 200 155
0:0:0:0:0:0:0:1 - - [15/Apr/2026:14:16:18 +0200] "GET /front/api/games/5 HTTP/1.1" 200 144
127.0.0.1 - - [15/Apr/2026:14:16:20 +0200] "GET /back/games/5 HTTP/1.1" 200 155
0:0:0:0:0:0:0:1 - - [15/Apr/2026:14:16:20 +0200] "GET /front/api/games/5 HTTP/1.1" 200 144
127.0.0.1 - - [15/Apr/2026:14:16:22 +0200] "GET /back/games/5 HTTP/1.1" 200 155
0:0:0:0:0:0:0:1 - - [15/Apr/2026:14:16:22 +0200] "GET /front/api/games/5 HTTP/1.1" 200 144
127.0.0.1 - - [15/Apr/2026:14:16:24 +0200] "GET /back/games/5 HTTP/1.1" 200 155
0:0:0:0:0:0:0:1 - - [15/Apr/2026:14:16:24 +0200] "GET /front/api/games/5 HTTP/1.1" 200 144
127.0.0.1 - - [15/Apr/2026:14:16:26 +0200] "GET /back/games/5 HTTP/1.1" 200 155
0:0:0:0:0:0:0:1 - - [15/Apr/2026:14:16:26 +0200] "GET /front/api/games/5 HTTP/1.1" 200 144
127.0.0.1 - - [15/Apr/2026:14:16:28 +0200] "GET /back/games/5 HTTP/1.1" 200 155
0:0:0:0:0:0:0:1 - - [15/Apr/2026:14:16:28 +0200] "GET /front/api/games/5 HTTP/1.1" 200 144
127.0.0.1 - - [15/Apr/2026:14:16:30 +0200] "GET /back/games/5 HTTP/1.1" 200 155
0:0:0:0:0:0:0:1 - - [15/Apr/2026:14:16:30 +0200] "GET /front/api/games/5 HTTP/1.1" 200 144
127.0.0.1 - - [15/Apr/2026:14:16:32 +0200] "GET /back/games/5 HTTP/1.1" 200 155
0:0:0:0:0:0:0:1 - - [15/Apr/2026:14:16:32 +0200] "GET /front/api/games/5 HTTP/1.1" 200 144
127.0.0.1 - - [15/Apr/2026:14:16:34 +0200] "GET /back/games/5 HTTP/1.1" 200 155
0:0:0:0:0:0:0:1 - - [15/Apr/2026:14:16:34 +0200] "GET /front/api/games/5 HTTP/1.1" 200 144
127.0.0.1 - - [15/Apr/2026:14:16:36 +0200] "GET /back/games/5 HTTP/1.1" 200 155
0:0:0:0:0:0:0:1 - - [15/Apr/2026:14:16:36 +0200] "GET /front/api/games/5 HTTP/1.1" 200 144
127.0.0.1 - - [15/Apr/2026:14:16:38 +0200] "GET /back/games/5 HTTP/1.1" 200 155
0:0:0:0:0:0:0:1 - - [15/Apr/2026:14:16:38 +0200] "GET /front/api/games/5 HTTP/1.1" 200 144
127.0.0.1 - - [15/Apr/2026:14:16:40 +0200] "GET /back/games/5 HTTP/1.1" 200 155
0:0:0:0:0:0:0:1 - - [15/Apr/2026:14:16:40 +0200] "GET /front/api/games/5 HTTP/1.1" 200 144
127.0.0.1 - - [15/Apr/2026:14:16:42 +0200] "GET /back/games/5 HTTP/1.1" 200 155
0:0:0:0:0:0:0:1 - - [15/Apr/2026:14:16:42 +0200] "GET /front/api/games/5 HTTP/1.1" 200 144
127.0.0.1 - - [15/Apr/2026:14:16:44 +0200] "GET /back/games/5 HTTP/1.1" 200 155
0:0:0:0:0:0:0:1 - - [15/Apr/2026:14:16:44 +0200] "GET /front/api/games/5 HTTP/1.1" 200 144
127.0.0.1 - - [15/Apr/2026:14:16:46 +0200] "GET /back/games/5 HTTP/1.1" 200 155
0:0:0:0:0:0:0:1 - - [15/Apr/2026:14:16:46 +0200] "GET /front/api/games/5 HTTP/1.1" 200 144
127.0.0.1 - - [15/Apr/2026:14:16:48 +0200] "GET /back/games/5 HTTP/1.1" 200 155
0:0:0:0:0:0:0:1 - - [15/Apr/2026:14:16:48 +0200] "GET /front/api/games/5 HTTP/1.1" 200 144
127.0.0.1 - - [15/Apr/2026:14:16:50 +0200] "GET /back/games/5 HTTP/1.1" 200 155
0:0:0:0:0:0:0:1 - - [15/Apr/2026:14:16:50 +0200] "GET /front/api/games/5 HTTP/1.1" 200 144
127.0.0.1 - - [15/Apr/2026:14:16:52 +0200] "GET /back/games/5 HTTP/1.1" 200 155
0:0:0:0:0:0:0:1 - - [15/Apr/2026:14:16:52 +0200] "GET /front/api/games/5 HTTP/1.1" 200 144
127.0.0.1 - - [15/Apr/2026:14:16:54 +0200] "GET /back/games/5 HTTP/1.1" 200 155
0:0:0:0:0:0:0:1 - - [15/Apr/2026:14:16:54 +0200] "GET /front/api/games/5 HTTP/1.1" 200 144
127.0.0.1 - - [15/Apr/2026:14:16:56 +0200] "GET /back/games/5 HTTP/1.1" 200 155
0:0:0:0:0:0:0:1 - - [15/Apr/2026:14:16:56 +0200] "GET /front/api/games/5 HTTP/1.1" 200 144
127.0.0.1 - - [15/Apr/2026:14:16:58 +0200] "GET /back/games/5 HTTP/1.1" 200 155
0:0:0:0:0:0:0:1 - - [15/Apr/2026:14:16:58 +0200] "GET /front/api/games/5 HTTP/1.1" 200 144
127.0.0.1 - - [15/Apr/2026:14:17:00 +0200] "GET /back/games/5 HTTP/1.1" 200 155
0:0:0:0:0:0:0:1 - - [15/Apr/2026:14:17:00 +0200] "GET /front/api/games/5 HTTP/1.1" 200 144
0:0:0:0:0:0:0:1 - - [15/Apr/2026:14:17:02 +0200] "GET /front/api/games/5 HTTP/1.1" 404 710
0:0:0:0:0:0:0:1 - - [15/Apr/2026:14:17:02 +0200] "GET /back/games/5 HTTP/1.1" 404 701
0:0:0:0:0:0:0:1 - - [15/Apr/2026:14:17:02 +0200] "GET /front/api/games HTTP/1.1" 404 704
0:0:0:0:0:0:0:1 - - [15/Apr/2026:14:17:25 +0200] "GET /front/index.html HTTP/1.1" 200 5075
0:0:0:0:0:0:0:1 - - [15/Apr/2026:14:17:25 +0200] "GET /front/styles.css?v=2 HTTP/1.1" 200 8091
0:0:0:0:0:0:0:1 - - [15/Apr/2026:14:17:25 +0200] "GET /front/assets/sons/background.mp3 HTTP/1.1" 206 5572814
0:0:0:0:0:0:0:1 - - [15/Apr/2026:14:17:25 +0200] "GET /front/assets/images/Deck.png HTTP/1.1" 200 19276
0:0:0:0:0:0:0:1 - - [15/Apr/2026:14:17:25 +0200] "GET /front/assets/images/Red_Skip.png HTTP/1.1" 200 26495
