0:0:0:0:0:0:0:1 - - [15/Apr/2026:14:49:51 +0200] "GET /front/api/games HTTP/1.1" 200 902
127.0.0.1 - - [15/Apr/2026:14:49:53 +0200] "GET /back/games HTTP/1.1" 200 914
0:0:0:0:0:0:0:1 - - [15/Apr/2026:14:49:53 +0200] "GET /front/api/games HTTP/1.1" 200 902
127.0.0.1 - - [15/Apr/2026:14:49:55 +0200] "GET /back/games HTTP/1.1" 200 914
0:0:0:0:0:0:0:1 - - [15/Apr/2026:14:49:55 +0200] "GET /front/api/games HTTP/1.1" 200 902
127.0.0.1 - - [15/Apr/2026:14:49:57 +0200] "GET /back/games HTTP/1.1" 200 914
0:0:0:0:0:0:0:1 - - [15/Apr/2026:14:49:57 +0200] "GET /front/api/games HTTP/1.1" 200 902
127.0.0.1 - - [15/Apr/2026:14:49:59 +0200] "GET /back/games HTTP/1.1" 200 914
0:0:0:0:0:0:0:1 - - [15/Apr/2026:14:49:59 +0200] "GET /front/api/games HTTP/1.1" 200 902
127.0.0.1 - - [15/Apr/2026:14:50:01 +0200] "GET /back/games HTTP/1.1" 200 914
0:0:0:0:0:0:0:1 - - [15/Apr/2026:14:50:01 +0200] "GET /front/api/games HTTP/1.1" 200 902
127.0.0.1 - - [15/Apr/2026:14:50:03 +0200] "GET /back/games HTTP/1.1" 200 914
0:0:0:0:0:0:0:1 - - [15/Apr/2026:14:50:03 +0200] "GET /front/api/games HTTP/1.1" 200 902
127.0.0.1 - - [15/Apr/2026:14:50:05 +0200] "GET /back/games HTTP/1.1" 200 914
0:0:0:0:0:0:0:1 - - [15/Apr/2026:14:50:05 +0200] "GET /front/api/games HTTP/1.1" 200 902
127.0.0.1 - - [15/Apr/2026:14:50:07 +0200] "GET /back/games HTTP/1.1" 200 914
0:0:0:0:0:0:0:1 - - [15/Apr/2026:14:50:07 +0200] "GET /front/api/games HTTP/1.1" 200 902
127.0.0.1 - - [15/Apr/2026:14:50:09 +0200] "GET /back/games HTTP/1.1" 200 914
0:0:0:0:0:0:0:1 - - [15/Apr/2026:14:50:09 +0200] "GET /front/api/games HTTP/1.1" 200 902
127.0.0.1 - - [15/Apr/2026:14:50:11 +0200] "GET /back/games HTTP/1.1" 200 914
0:0:0:0:0:0:0:1 - - [15/Apr/2026:14:50:11 +0200] "GET /front/api/games HTTP/1.1" 200 902
127.0.0.1 - - [15/Apr/2026:14:50:13 +0200] "GET /back/games HTTP/1.1" 200 914
0:0:0:0:0:0:0:1 - - [15/Apr/2026:14:50:13 +0200] "GET /front/api/games HTTP/1.1" 200 902
127.0.0.1 - - [15/Apr/2026:14:50:15 +0200] "GET /back/games HTTP/1.1" 200 914
0:0:0:0:0:0:0:1 - - [15/Apr/2026:14:50:15 +0200] "GET /front/api/games HTTP/1.1" 200 902
127.0.0.1 - - [15/Apr/2026:14:50:15 +0200] "GET /back/games HTTP/1.1" 200 914
0:0:0:0:0:0:0:1 - - [15/Apr/2026:14:50:15 +0200] "GET /front/api/games HTTP/1.1" 200 902
127.0.0.1 - - [15/Apr/2026:14:50:15 +0200] "GET /back/games HTTP/1.1" 200 914
0:0:0:0:0:0:0:1 - - [15/Apr/2026:14:50:15 +0200] "GET /front/api/games HTTP/1.1" 200 902
127.0.0.1 - - [15/Apr/2026:14:50:17 +0200] "GET /back/games HTTP/1.1" 200 914
0:0:0:0:0:0:0:1 - - [15/Apr/2026:14:50:17 +0200] "GET /front/api/games HTTP/1.1" 200 902
127.0.0.1 - - [15/Apr/2026:14:50:19 +0200] "GET /back/games HTTP/1.1" 200 914
0:0:0:0:0:0:0:1 - - [15/Apr/2026:14:50:19 +0200] "GET /front/api/games HTTP/1.1" 200 902
127.0.0.1 - - [15/Apr/2026:14:50:21 +0200] "GET /back/games HTTP/1.1" 200 914
0:0:0:0:0:0:0:1 - - [15/Apr/2026:14:50:21 +0200] "GET /front/api/games HTTP/1.1" 200 902
127.0.0.1 - - [15/Apr/2026:14:50:23 +0200] "GET /back/games HTTP/1.1" 200 914
0:0:0:0:0:0:0:1 - - [15/Apr/2026:14:50:23 +0200] "GET /front/api/games HTTP/1.1" 200 902
127.0.0.1 - - [15/Apr/2026:14:50:25 +0200] "GET /back/games HTTP/1.1" 200 914
0:0:0:0:0:0:0:1 - - [15/Apr/2026:14:50:25 +0200] "GET /front/api/games HTTP/1.1" 200 902
127.0.0.1 - - [15/Apr/2026:14:50:27 +0200] "GET /back/games HTTP/1.1" 200 914
0:0:0:0:0:0:0:1 - - [15/Apr/2026:14:50:27 +0200] "GET /front/api/games HTTP/1.1" 200 902
127.0.0.1 - - [15/Apr/2026:14:50:29 +0200] "GET /back/games HTTP/1.1" 200 914
0:0:0:0:0:0:0:1 - - [15/Apr/2026:14:50:29 +0200] "GET /front/api/games HTTP/1.1" 200 902
127.0.0.1 - - [15/Apr/2026:14:50:31 +0200] "GET /back/games HTTP/1.1" 200 914
0:0:0:0:0:0:0:1 - - [15/Apr/2026:14:50:31 +0200] "GET /front/api/games HTTP/1.1" 200 902
127.0.0.1 - - [15/Apr/2026:14:50:33 +0200] "GET /back/games HTTP/1.1" 200 914
0:0:0:0:0:0:0:1 - - [15/Apr/2026:14:50:33 +0200] "GET /front/api/games HTTP/1.1" 200 902
127.0.0.1 - - [15/Apr/2026:14:50:35 +0200] "GET /back/games HTTP/1.1" 200 914
0:0:0:0:0:0:0:1 - - [15/Apr/2026:14:50:35 +0200] "GET /front/api/games HTTP/1.1" 200 902
127.0.0.1 - - [15/Apr/2026:14:50:37 +0200] "GET /back/games HTTP/1.1" 200 914
0:0:0:0:0:0:0:1 - - [15/Apr/2026:14:50:37 +0200] "GET /front/api/games HTTP/1.1" 200 902
127.0.0.1 - - [15/Apr/2026:14:50:39 +0200] "GET /back/games HTTP/1.1" 200 914
0:0:0:0:0:0:0:1 - - [15/Apr/2026:14:50:39 +0200] "GET /front/api/games HTTP/1.1" 200 902
127.0.0.1 - - [15/Apr/2026:14:50:41 +0200] "GET /back/games HTTP/1.1" 200 914
0:0:0:0:0:0:0:1 - - [15/Apr/2026:14:50:41 +0200] "GET /front/api/games HTTP/1.1" 200 902
127.0.0.1 - - [15/Apr/2026:14:50:43 +0200] "GET /back/games HTTP/1.1" 200 914
0:0:0:0:0:0:0:1 - - [15/Apr/2026:14:50:43 +0200] "GET /front/api/games HTTP/1.1" 200 902
127.0.0.1 - - [15/Apr/2026:14:50:45 +0200] "GET /back/games HTTP/1.1" 200 914
0:0:0:0:0:0:0:1 - - [15/Apr/2026:14:50:45 +0200] "GET /front/api/games HTTP/1.1" 200 902
127.0.0.1 - - [15/Apr/2026:14:50:47 +0200] "GET /back/games HTTP/1.1" 200 914
0:0:0:0:0:0:0:1 - - [15/Apr/2026:14:50:47 +0200] "GET /front/api/games HTTP/1.1" 200 902
127.0.0.1 - - [15/Apr/2026:14:50:49 +0200] "GET /back/games HTTP/1.1" 200 914
0:0:0:0:0:0:0:1 - - [15/Apr/2026:14:50:49 +0200] "GET /front/api/games HTTP/1.1" 200 902
127.0.0.1 - - [15/Apr/2026:14:50:51 +0200] "GET /back/games HTTP/1.1" 200 914
0:0:0:0:0:0:0:1 - - [15/Apr/2026:14:50:51 +0200] "GET /front/api/games HTTP/1.1" 200 902
127.0.0.1 - - [15/Apr/2026:14:50:53 +0200] "GET /back/games HTTP/1.1" 200 914
0:0:0:0:0:0:0:1 - - [15/Apr/2026:14:50:53 +0200] "GET /front/api/games HTTP/1.1" 200 902
127.0.0.1 - - [15/Apr/2026:14:50:55 +0200] "GET /back/games HTTP/1.1" 200 914
0:0:0:0:0:0:0:1 - - [15/Apr/2026:14:50:55 +0200] "GET /front/api/games HTTP/1.1" 200 902
127.0.0.1 - - [15/Apr/2026:14:50:57 +0200] "GET /back/games HTTP/1.1" 200 914
0:0:0:0:0:0:0:1 - - [15/Apr/2026:14:50:57 +0200] "GET /front/api/games HTTP/1.1" 200 902
127.0.0.1 - - [15/Apr/2026:14:50:59 +0200] "GET /back/games HTTP/1.1" 200 914
0:0:0:0:0:0:0:1 - - [15/Apr/2026:14:50:59 +0200] "GET /front/api/games HTTP/1.1" 200 902
127.0.0.1 - - [15/Apr/2026:14:51:01 +0200] "GET /back/games HTTP/1.1" 200 914
0:0:0:0:0:0:0:1 - - [15/Apr/2026:14:51:01 +0200] "GET /front/api/games HTTP/1.1" 200 902
127.0.0.1 - - [15/Apr/2026:14:51:03 +0200] "GET /back/games HTTP/1.1" 200 914
0:0:0:0:0:0:0:1 - - [15/Apr/2026:14:51:03 +0200] "GET /front/api/games HTTP/1.1" 200 902
127.0.0.1 - - [15/Apr/2026:14:51:05 +0200] "GET /back/games HTTP/1.1" 200 914
0:0:0:0:0:0:0:1 - - [15/Apr/2026:14:51:05 +0200] "GET /front/api/games HTTP/1.1" 200 902
127.0.0.1 - - [15/Apr/2026:14:51:07 +0200] "GET /back/games HTTP/1.1" 200 914
0:0:0:0:0:0:0:1 - - [15/Apr/2026:14:51:07 +0200] "GET /front/api/games HTTP/1.1" 200 902
127.0.0.1 - - [15/Apr/2026:14:51:09 +0200] "GET /back/games HTTP/1.1" 200 914
0:0:0:0:0:0:0:1 - - [15/Apr/2026:14:51:09 +0200] "GET /front/api/games HTTP/1.1" 200 902
127.0.0.1 - - [15/Apr/2026:14:51:11 +0200] "GET /back/games HTTP/1.1" 200 914
0:0:0:0:0:0:0:1 - - [15/Apr/2026:14:51:11 +0200] "GET /front/api/games HTTP/1.1" 200 902
127.0.0.1 - - [15/Apr/2026:14:51:13 +0200] "GET /back/games HTTP/1.1" 200 914
0:0:0:0:0:0:0:1 - - [15/Apr/2026:14:51:13 +0200] "GET /front/api/games HTTP/1.1" 200 902
127.0.0.1 - - [15/Apr/2026:14:51:15 +0200] "GET /back/games HTTP/1.1" 200 914
0:0:0:0:0:0:0:1 - - [15/Apr/2026:14:51:15 +0200] "GET /front/api/games HTTP/1.1" 200 902
127.0.0.1 - - [15/Apr/2026:14:51:15 +0200] "GET /back/games HTTP/1.1" 200 914
0:0:0:0:0:0:0:1 - - [15/Apr/2026:14:51:15 +0200] "GET /front/api/games HTTP/1.1" 200 902
127.0.0.1 - - [15/Apr/2026:14:51:15 +0200] "GET /back/games HTTP/1.1" 200 914
0:0:0:0:0:0:0:1 - - [15/Apr/2026:14:51:15 +0200] "GET /front/api/games HTTP/1.1" 200 902
127.0.0.1 - - [15/Apr/2026:14:51:17 +0200] "GET /back/games HTTP/1.1" 200 914
0:0:0:0:0:0:0:1 - - [15/Apr/2026:14:51:17 +0200] "GET /front/api/games HTTP/1.1" 200 902
127.0.0.1 - - [15/Apr/2026:14:51:19 +0200] "GET /back/games HTTP/1.1" 200 914
0:0:0:0:0:0:0:1 - - [15/Apr/2026:14:51:19 +0200] "GET /front/api/games HTTP/1.1" 200 902
127.0.0.1 - - [15/Apr/2026:14:51:21 +0200] "GET /back/games HTTP/1.1" 200 914
0:0:0:0:0:0:0:1 - - [15/Apr/2026:14:51:21 +0200] "GET /front/api/games HTTP/1.1" 200 902
127.0.0.1 - - [15/Apr/2026:14:51:23 +0200] "GET /back/games HTTP/1.1" 200 914
0:0:0:0:0:0:0:1 - - [15/Apr/2026:14:51:23 +0200] "GET /front/api/games HTTP/1.1" 200 902
127.0.0.1 - - [15/Apr/2026:14:51:25 +0200] "GET /back/games HTTP/1.1" 200 914
0:0:0:0:0:0:0:1 - - [15/Apr/2026:14:51:25 +0200] "GET /front/api/games HTTP/1.1" 200 902
127.0.0.1 - - [15/Apr/2026:14:51:27 +0200] "GET /back/games HTTP/1.1" 200 914
0:0:0:0:0:0:0:1 - - [15/Apr/2026:14:51:27 +0200] "GET /front/api/games HTTP/1.1" 200 902
127.0.0.1 - - [15/Apr/2026:14:51:29 +0200] "GET /back/games HTTP/1.1" 200 914
0:0:0:0:0:0:0:1 - - [15/Apr/2026:14:51:29 +0200] "GET /front/api/games HTTP/1.1" 200 902
127.0.0.1 - - [15/Apr/2026:14:51:31 +0200] "GET /back/games HTTP/1.1" 200 914
0:0:0:0:0:0:0:1 - - [15/Apr/2026:14:51:31 +0200] "GET /front/api/games HTTP/1.1" 200 902
127.0.0.1 - - [15/Apr/2026:14:51:33 +0200] "GET /back/games HTTP/1.1" 200 914
0:0:0:0:0:0:0:1 - - [15/Apr/2026:14:51:33 +0200] "GET /front/api/games HTTP/1.1" 200 902
127.0.0.1 - - [15/Apr/2026:14:51:35 +0200] "GET /back/games HTTP/1.1" 200 914
0:0:0:0:0:0:0:1 - - [15/Apr/2026:14:51:35 +0200] "GET /front/api/games HTTP/1.1" 200 902
127.0.0.1 - - [15/Apr/2026:14:51:37 +0200] "GET /back/games HTTP/1.1" 200 914
0:0:0:0:0:0:0:1 - - [15/Apr/2026:14:51:37 +0200] "GET /front/api/games HTTP/1.1" 200 902
127.0.0.1 - - [15/Apr/2026:14:51:39 +0200] "GET /back/games HTTP/1.1" 200 914
0:0:0:0:0:0:0:1 - - [15/Apr/2026:14:51:39 +0200] "GET /front/api/games HTTP/1.1" 200 902
127.0.0.1 - - [15/Apr/2026:14:51:41 +0200] "GET /back/games HTTP/1.1" 200 914
0:0:0:0:0:0:0:1 - - [15/Apr/2026:14:51:41 +0200] "GET /front/api/games HTTP/1.1" 200 902
127.0.0.1 - - [15/Apr/2026:14:51:43 +0200] "GET /back/games HTTP/1.1" 200 914
0:0:0:0:0:0:0:1 - - [15/Apr/2026:14:51:43 +0200] "GET /front/api/games HTTP/1.1" 200 902
127.0.0.1 - - [15/Apr/2026:14:51:45 +0200] "GET /back/games HTTP/1.1" 200 914
0:0:0:0:0:0:0:1 - - [15/Apr/2026:14:51:45 +0200] "GET /front/api/games HTTP/1.1" 200 902
127.0.0.1 - - [15/Apr/2026:14:51:47 +0200] "GET /back/games HTTP/1.1" 200 914
0:0:0:0:0:0:0:1 - - [15/Apr/2026:14:51:47 +0200] "GET /front/api/games HTTP/1.1" 200 902
127.0.0.1 - - [15/Apr/2026:14:51:49 +0200] "GET /back/games HTTP/1.1" 200 914
0:0:0:0:0:0:0:1 - - [15/Apr/2026:14:51:49 +0200] "GET /front/api/games HTTP/1.1" 200 902
127.0.0.1 - - [15/Apr/2026:14:51:51 +0200] "GET /back/games HTTP/1.1" 200 914
0:0:0:0:0:0:0:1 - - [15/Apr/2026:14:51:51 +0200] "GET /front/api/games HTTP/1.1" 200 902
127.0.0.1 - - [15/Apr/2026:14:51:53 +0200] "GET /back/games HTTP/1.1" 200 914
0:0:0:0:0:0:0:1 - - [15/Apr/2026:14:51:53 +0200] "GET /front/api/games HTTP/1.1" 200 902
127.0.0.1 - - [15/Apr/2026:14:51:55 +0200] "GET /back/games HTTP/1.1" 200 914
0:0:0:0:0:0:0:1 - - [15/Apr/2026:14:51:55 +0200] "GET /front/api/games HTTP/1.1" 200 902
127.0.0.1 - - [15/Apr/2026:14:51:57 +0200] "GET /back/games HTTP/1.1" 200 914
0:0:0:0:0:0:0:1 - - [15/Apr/2026:14:51:57 +0200] "GET /front/api/games HTTP/1.1" 200 902
127.0.0.1 - - [15/Apr/2026:14:51:59 +0200] "GET /back/games HTTP/1.1" 200 914
0:0:0:0:0:0:0:1 - - [15/Apr/2026:14:51:59 +0200] "GET /front/api/games HTTP/1.1" 200 902
127.0.0.1 - - [15/Apr/2026:14:52:01 +0200] "GET /back/games HTTP/1.1" 200 914
0:0:0:0:0:0:0:1 - - [15/Apr/2026:14:52:01 +0200] "GET /front/api/games HTTP/1.1" 200 902
127.0.0.1 - - [15/Apr/2026:14:52:03 +0200] "GET /back/games HTTP/1.1" 200 914
0:0:0:0:0:0:0:1 - - [15/Apr/2026:14:52:03 +0200] "GET /front/api/games HTTP/1.1" 200 902
127.0.0.1 - - [15/Apr/2026:14:52:05 +0200] "GET /back/games HTTP/1.1" 200 914
0:0:0:0:0:0:0:1 - - [15/Apr/2026:14:52:05 +0200] "GET /front/api/games HTTP/1.1" 200 902
127.0.0.1 - - [15/Apr/2026:14:52:07 +0200] "GET /back/games HTTP/1.1" 200 914
0:0:0:0:0:0:0:1 - - [15/Apr/2026:14:52:07 +0200] "GET /front/api/games HTTP/1.1" 200 902
127.0.0.1 - - [15/Apr/2026:14:52:09 +0200] "GET /back/games HTTP/1.1" 200 914
0:0:0:0:0:0:0:1 - - [15/Apr/2026:14:52:09 +0200] "GET /front/api/games HTTP/1.1" 200 902
127.0.0.1 - - [15/Apr/2026:14:52:11 +0200] "GET /back/games HTTP/1.1" 200 914
0:0:0:0:0:0:0:1 - - [15/Apr/2026:14:52:11 +0200] "GET /front/api/games HTTP/1.1" 200 902
127.0.0.1 - - [15/Apr/2026:14:52:13 +0200] "GET /back/games HTTP/1.1" 200 914
0:0:0:0:0:0:0:1 - - [15/Apr/2026:14:52:13 +0200] "GET /front/api/games HTTP/1.1" 200 902
127.0.0.1 - - [15/Apr/2026:14:52:15 +0200] "GET /back/games HTTP/1.1" 200 914
0:0:0:0:0:0:0:1 - - [15/Apr/2026:14:52:15 +0200] "GET /front/api/games HTTP/1.1" 200 902
127.0.0.1 - - [15/Apr/2026:14:52:15 +0200] "GET /back/games HTTP/1.1" 200 914
0:0:0:0:0:0:0:1 - - [15/Apr/2026:14:52:15 +0200] "GET /front/api/games HTTP/1.1" 200 902
127.0.0.1 - - [15/Apr/2026:14:52:15 +0200] "GET /back/games HTTP/1.1" 200 914
0:0:0:0:0:0:0:1 - - [15/Apr/2026:14:52:15 +0200] "GET /front/api/games HTTP/1.1" 200 902
127.0.0.1 - - [15/Apr/2026:14:52:17 +0200] "GET /back/games HTTP/1.1" 200 914
0:0:0:0:0:0:0:1 - - [15/Apr/2026:14:52:17 +0200] "GET /front/api/games HTTP/1.1" 200 902
127.0.0.1 - - [15/Apr/2026:14:52:19 +0200] "GET /back/games HTTP/1.1" 200 914
0:0:0:0:0:0:0:1 - - [15/Apr/2026:14:52:19 +0200] "GET /front/api/games HTTP/1.1" 200 902
127.0.0.1 - - [15/Apr/2026:14:52:21 +0200] "GET /back/games HTTP/1.1" 200 914
0:0:0:0:0:0:0:1 - - [15/Apr/2026:14:52:21 +0200] "GET /front/api/games HTTP/1.1" 200 902
127.0.0.1 - - [15/Apr/2026:14:52:23 +0200] "GET /back/games HTTP/1.1" 200 914
0:0:0:0:0:0:0:1 - - [15/Apr/2026:14:52:23 +0200] "GET /front/api/games HTTP/1.1" 200 902
127.0.0.1 - - [15/Apr/2026:14:52:25 +0200] "GET /back/games HTTP/1.1" 200 914
0:0:0:0:0:0:0:1 - - [15/Apr/2026:14:52:25 +0200] "GET /front/api/games HTTP/1.1" 200 902
127.0.0.1 - - [15/Apr/2026:14:52:27 +0200] "GET /back/games HTTP/1.1" 200 914
0:0:0:0:0:0:0:1 - - [15/Apr/2026:14:52:27 +0200] "GET /front/api/games HTTP/1.1" 200 902
127.0.0.1 - - [15/Apr/2026:14:52:29 +0200] "GET /back/games HTTP/1.1" 200 914
0:0:0:0:0:0:0:1 - - [15/Apr/2026:14:52:29 +0200] "GET /front/api/games HTTP/1.1" 200 902
127.0.0.1 - - [15/Apr/2026:14:52:31 +0200] "GET /back/games HTTP/1.1" 200 914
0:0:0:0:0:0:0:1 - - [15/Apr/2026:14:52:31 +0200] "GET /front/api/games HTTP/1.1" 200 902
127.0.0.1 - - [15/Apr/2026:14:52:33 +0200] "GET /back/games HTTP/1.1" 200 914
0:0:0:0:0:0:0:1 - - [15/Apr/2026:14:52:33 +0200] "GET /front/api/games HTTP/1.1" 200 902
127.0.0.1 - - [15/Apr/2026:14:52:35 +0200] "GET /back/games HTTP/1.1" 200 914
0:0:0:0:0:0:0:1 - - [15/Apr/2026:14:52:35 +0200] "GET /front/api/games HTTP/1.1" 200 902
127.0.0.1 - - [15/Apr/2026:14:52:37 +0200] "GET /back/games HTTP/1.1" 200 914
0:0:0:0:0:0:0:1 - - [15/Apr/2026:14:52:37 +0200] "GET /front/api/games HTTP/1.1" 200 902
127.0.0.1 - - [15/Apr/2026:14:52:39 +0200] "GET /back/games HTTP/1.1" 200 914
0:0:0:0:0:0:0:1 - - [15/Apr/2026:14:52:39 +0200] "GET /front/api/games HTTP/1.1" 200 902
127.0.0.1 - - [15/Apr/2026:14:52:41 +0200] "GET /back/games HTTP/1.1" 200 914
0:0:0:0:0:0:0:1 - - [15/Apr/2026:14:52:41 +0200] "GET /front/api/games HTTP/1.1" 200 902
127.0.0.1 - - [15/Apr/2026:14:52:43 +0200] "GET /back/games HTTP/1.1" 200 914
0:0:0:0:0:0:0:1 - - [15/Apr/2026:14:52:43 +0200] "GET /front/api/games HTTP/1.1" 200 902
127.0.0.1 - - [15/Apr/2026:14:52:45 +0200] "GET /back/games HTTP/1.1" 200 914
0:0:0:0:0:0:0:1 - - [15/Apr/2026:14:52:45 +0200] "GET /front/api/games HTTP/1.1" 200 902
127.0.0.1 - - [15/Apr/2026:14:52:47 +0200] "GET /back/games HTTP/1.1" 200 914
0:0:0:0:0:0:0:1 - - [15/Apr/2026:14:52:47 +0200] "GET /front/api/games HTTP/1.1" 200 902
127.0.0.1 - - [15/Apr/2026:14:52:49 +0200] "GET /back/games HTTP/1.1" 200 914
0:0:0:0:0:0:0:1 - - [15/Apr/2026:14:52:49 +0200] "GET /front/api/games HTTP/1.1" 200 902
127.0.0.1 - - [15/Apr/2026:14:52:51 +0200] "GET /back/games HTTP/1.1" 200 914
0:0:0:0:0:0:0:1 - - [15/Apr/2026:14:52:51 +0200] "GET /front/api/games HTTP/1.1" 200 902
127.0.0.1 - - [15/Apr/2026:14:52:53 +0200] "GET /back/games HTTP/1.1" 200 914
0:0:0:0:0:0:0:1 - - [15/Apr/2026:14:52:53 +0200] "GET /front/api/games HTTP/1.1" 200 902
127.0.0.1 - - [15/Apr/2026:14:52:55 +0200] "GET /back/games HTTP/1.1" 200 914
0:0:0:0:0:0:0:1 - - [15/Apr/2026:14:52:55 +0200] "GET /front/api/games HTTP/1.1" 200 902
127.0.0.1 - - [15/Apr/2026:14:52:57 +0200] "GET /back/games HTTP/1.1" 200 914
0:0:0:0:0:0:0:1 - - [15/Apr/2026:14:52:57 +0200] "GET /front/api/games HTTP/1.1" 200 902
127.0.0.1 - - [15/Apr/2026:14:52:59 +0200] "GET /back/games HTTP/1.1" 200 914
0:0:0:0:0:0:0:1 - - [15/Apr/2026:14:52:59 +0200] "GET /front/api/games HTTP/1.1" 200 902
127.0.0.1 - - [15/Apr/2026:14:53:01 +0200] "GET /back/games HTTP/1.1" 200 914
0:0:0:0:0:0:0:1 - - [15/Apr/2026:14:53:01 +0200] "GET /front/api/games HTTP/1.1" 200 902
127.0.0.1 - - [15/Apr/2026:14:53:03 +0200] "GET /back/games HTTP/1.1" 200 914
0:0:0:0:0:0:0:1 - - [15/Apr/2026:14:53:03 +0200] "GET /front/api/games HTTP/1.1" 200 902
127.0.0.1 - - [15/Apr/2026:14:53:05 +0200] "GET /back/games HTTP/1.1" 200 914
0:0:0:0:0:0:0:1 - - [15/Apr/2026:14:53:05 +0200] "GET /front/api/games HTTP/1.1" 200 902
127.0.0.1 - - [15/Apr/2026:14:53:07 +0200] "GET /back/games HTTP/1.1" 200 914
0:0:0:0:0:0:0:1 - - [15/Apr/2026:14:53:07 +0200] "GET /front/api/games HTTP/1.1" 200 902
127.0.0.1 - - [15/Apr/2026:14:53:09 +0200] "GET /back/games HTTP/1.1" 200 914
0:0:0:0:0:0:0:1 - - [15/Apr/2026:14:53:09 +0200] "GET /front/api/games HTTP/1.1" 200 902
127.0.0.1 - - [15/Apr/2026:14:53:11 +0200] "GET /back/games HTTP/1.1" 200 914
0:0:0:0:0:0:0:1 - - [15/Apr/2026:14:53:11 +0200] "GET /front/api/games HTTP/1.1" 200 902
127.0.0.1 - - [15/Apr/2026:14:53:13 +0200] "GET /back/games HTTP/1.1" 200 914
0:0:0:0:0:0:0:1 - - [15/Apr/2026:14:53:13 +0200] "GET /front/api/games HTTP/1.1" 200 902
127.0.0.1 - - [15/Apr/2026:14:53:15 +0200] "GET /back/games HTTP/1.1" 200 914
0:0:0:0:0:0:0:1 - - [15/Apr/2026:14:53:15 +0200] "GET /front/api/games HTTP/1.1" 200 902
127.0.0.1 - - [15/Apr/2026:14:53:15 +0200] "GET /back/games HTTP/1.1" 200 914
0:0:0:0:0:0:0:1 - - [15/Apr/2026:14:53:15 +0200] "GET /front/api/games HTTP/1.1" 200 902
127.0.0.1 - - [15/Apr/2026:14:53:15 +0200] "GET /back/games HTTP/1.1" 200 914
0:0:0:0:0:0:0:1 - - [15/Apr/2026:14:53:15 +0200] "GET /front/api/games HTTP/1.1" 200 902
127.0.0.1 - - [15/Apr/2026:14:53:17 +0200] "GET /back/games HTTP/1.1" 200 914
0:0:0:0:0:0:0:1 - - [15/Apr/2026:14:53:17 +0200] "GET /front/api/games HTTP/1.1" 200 902
127.0.0.1 - - [15/Apr/2026:14:53:19 +0200] "GET /back/games HTTP/1.1" 200 914
0:0:0:0:0:0:0:1 - - [15/Apr/2026:14:53:19 +0200] "GET /front/api/games HTTP/1.1" 200 902
127.0.0.1 - - [15/Apr/2026:14:53:21 +0200] "GET /back/games HTTP/1.1" 200 914
0:0:0:0:0:0:0:1 - - [15/Apr/2026:14:53:21 +0200] "GET /front/api/games HTTP/1.1" 200 902
127.0.0.1 - - [15/Apr/2026:14:53:23 +0200] "GET /back/games HTTP/1.1" 200 914
0:0:0:0:0:0:0:1 - - [15/Apr/2026:14:53:23 +0200] "GET /front/api/games HTTP/1.1" 200 902
127.0.0.1 - - [15/Apr/2026:14:53:25 +0200] "GET /back/games HTTP/1.1" 200 914
0:0:0:0:0:0:0:1 - - [15/Apr/2026:14:53:25 +0200] "GET /front/api/games HTTP/1.1" 200 902
127.0.0.1 - - [15/Apr/2026:14:53:27 +0200] "GET /back/games HTTP/1.1" 200 914
0:0:0:0:0:0:0:1 - - [15/Apr/2026:14:53:27 +0200] "GET /front/api/games HTTP/1.1" 200 902
127.0.0.1 - - [15/Apr/2026:14:53:29 +0200] "GET /back/games HTTP/1.1" 200 914
0:0:0:0:0:0:0:1 - - [15/Apr/2026:14:53:29 +0200] "GET /front/api/games HTTP/1.1" 200 902
127.0.0.1 - - [15/Apr/2026:14:53:31 +0200] "GET /back/games HTTP/1.1" 200 914
0:0:0:0:0:0:0:1 - - [15/Apr/2026:14:53:31 +0200] "GET /front/api/games HTTP/1.1" 200 902
127.0.0.1 - - [15/Apr/2026:14:53:33 +0200] "GET /back/games HTTP/1.1" 200 914
0:0:0:0:0:0:0:1 - - [15/Apr/2026:14:53:33 +0200] "GET /front/api/games HTTP/1.1" 200 902
127.0.0.1 - - [15/Apr/2026:14:53:35 +0200] "GET /back/games HTTP/1.1" 200 914
0:0:0:0:0:0:0:1 - - [15/Apr/2026:14:53:35 +0200] "GET /front/api/games HTTP/1.1" 200 902
127.0.0.1 - - [15/Apr/2026:14:53:37 +0200] "GET /back/games HTTP/1.1" 200 914
0:0:0:0:0:0:0:1 - - [15/Apr/2026:14:53:37 +0200] "GET /front/api/games HTTP/1.1" 200 902
127.0.0.1 - - [15/Apr/2026:14:53:39 +0200] "GET /back/games HTTP/1.1" 200 914
0:0:0:0:0:0:0:1 - - [15/Apr/2026:14:53:39 +0200] "GET /front/api/games HTTP/1.1" 200 902
127.0.0.1 - - [15/Apr/2026:14:53:41 +0200] "GET /back/games HTTP/1.1" 200 914
0:0:0:0:0:0:0:1 - - [15/Apr/2026:14:53:41 +0200] "GET /front/api/games HTTP/1.1" 200 902
127.0.0.1 - - [15/Apr/2026:14:53:43 +0200] "GET /back/games HTTP/1.1" 200 914
0:0:0:0:0:0:0:1 - - [15/Apr/2026:14:53:43 +0200] "GET /front/api/games HTTP/1.1" 200 902
127.0.0.1 - - [15/Apr/2026:14:53:45 +0200] "GET /back/games HTTP/1.1" 200 914
0:0:0:0:0:0:0:1 - - [15/Apr/2026:14:53:45 +0200] "GET /front/api/games HTTP/1.1" 200 902
127.0.0.1 - - [15/Apr/2026:14:53:47 +0200] "GET /back/games HTTP/1.1" 200 914
0:0:0:0:0:0:0:1 - - [15/Apr/2026:14:53:47 +0200] "GET /front/api/games HTTP/1.1" 200 902
127.0.0.1 - - [15/Apr/2026:14:53:49 +0200] "GET /back/games HTTP/1.1" 200 914
0:0:0:0:0:0:0:1 - - [15/Apr/2026:14:53:49 +0200] "GET /front/api/games HTTP/1.1" 200 902
127.0.0.1 - - [15/Apr/2026:14:53:51 +0200] "GET /back/games HTTP/1.1" 200 914
0:0:0:0:0:0:0:1 - - [15/Apr/2026:14:53:51 +0200] "GET /front/api/games HTTP/1.1" 200 902
127.0.0.1 - - [15/Apr/2026:14:53:53 +0200] "GET /back/games HTTP/1.1" 200 914
0:0:0:0:0:0:0:1 - - [15/Apr/2026:14:53:53 +0200] "GET /front/api/games HTTP/1.1" 200 902
127.0.0.1 - - [15/Apr/2026:14:53:55 +0200] "GET /back/games HTTP/1.1" 200 914
0:0:0:0:0:0:0:1 - - [15/Apr/2026:14:53:55 +0200] "GET /front/api/games HTTP/1.1" 200 902
127.0.0.1 - - [15/Apr/2026:14:53:57 +0200] "GET /back/games HTTP/1.1" 200 914
0:0:0:0:0:0:0:1 - - [15/Apr/2026:14:53:57 +0200] "GET /front/api/games HTTP/1.1" 200 902
127.0.0.1 - - [15/Apr/2026:14:53:59 +0200] "GET /back/games HTTP/1.1" 200 914
0:0:0:0:0:0:0:1 - - [15/Apr/2026:14:53:59 +0200] "GET /front/api/games HTTP/1.1" 200 902
127.0.0.1 - - [15/Apr/2026:14:54:01 +0200] "GET /back/games HTTP/1.1" 200 914
0:0:0:0:0:0:0:1 - - [15/Apr/2026:14:54:01 +0200] "GET /front/api/games HTTP/1.1" 200 902
127.0.0.1 - - [15/Apr/2026:14:54:03 +0200] "GET /back/games HTTP/1.1" 200 914
0:0:0:0:0:0:0:1 - - [15/Apr/2026:14:54:03 +0200] "GET /front/api/games HTTP/1.1" 200 902
127.0.0.1 - - [15/Apr/2026:14:54:05 +0200] "GET /back/games HTTP/1.1" 200 914
0:0:0:0:0:0:0:1 - - [15/Apr/2026:14:54:05 +0200] "GET /front/api/games HTTP/1.1" 200 902
127.0.0.1 - - [15/Apr/2026:14:54:05 +0200] "GET /back/games HTTP/1.1" 200 914
0:0:0:0:0:0:0:1 - - [15/Apr/2026:14:54:05 +0200] "GET /front/api/games HTTP/1.1" 200 902
127.0.0.1 - - [15/Apr/2026:14:54:06 +0200] "GET /back/games HTTP/1.1" 200 914
0:0:0:0:0:0:0:1 - - [15/Apr/2026:14:54:06 +0200] "GET /front/api/games HTTP/1.1" 200 902
127.0.0.1 - - [15/Apr/2026:14:54:06 +0200] "GET /back/games HTTP/1.1" 200 914
0:0:0:0:0:0:0:1 - - [15/Apr/2026:14:54:06 +0200] "GET /front/api/games HTTP/1.1" 200 902
127.0.0.1 - - [15/Apr/2026:14:54:06 +0200] "GET /back/games HTTP/1.1" 200 914
0:0:0:0:0:0:0:1 - - [15/Apr/2026:14:54:06 +0200] "GET /front/api/games HTTP/1.1" 200 902
127.0.0.1 - - [15/Apr/2026:14:54:07 +0200] "GET /back/games HTTP/1.1" 200 914
0:0:0:0:0:0:0:1 - - [15/Apr/2026:14:54:07 +0200] "GET /front/api/games HTTP/1.1" 200 902
0:0:0:0:0:0:0:1 - - [15/Apr/2026:14:54:10 +0200] "GET /front HTTP/1.1" 302 -
0:0:0:0:0:0:0:1 - - [15/Apr/2026:14:54:10 +0200] "GET /front/ HTTP/1.1" 200 5075
0:0:0:0:0:0:0:1 - - [15/Apr/2026:14:54:10 +0200] "GET /front/styles.css?v=2 HTTP/1.1" 200 8091
0:0:0:0:0:0:0:1 - - [15/Apr/2026:14:54:10 +0200] "GET /front/assets/images/Red_Skip.png HTTP/1.1" 200 26495
0:0:0:0:0:0:0:1 - - [15/Apr/2026:14:54:10 +0200] "GET /front/assets/images/Deck.png HTTP/1.1" 200 19276
0:0:0:0:0:0:0:1 - - [15/Apr/2026:14:54:10 +0200] "GET /front/assets/sons/background.mp3 HTTP/1.1" 206 5572814
0:0:0:0:0:0:0:1 - - [15/Apr/2026:14:54:10 +0200] "GET /front/script.js?v=2 HTTP/1.1" 200 25953
0:0:0:0:0:0:0:1 - - [15/Apr/2026:14:54:10 +0200] "GET /front/assets/images/Wild_Draw.png HTTP/1.1" 200 25475
0:0:0:0:0:0:0:1 - - [15/Apr/2026:14:54:11 +0200] "GET /front/ HTTP/1.1" 304 -
0:0:0:0:0:0:0:1 - - [15/Apr/2026:14:54:16 +0200] "GET /front HTTP/1.1" 404 686
0:0:0:0:0:0:0:1 - - [15/Apr/2026:14:54:18 +0200] "GET /front HTTP/1.1" 404 686
0:0:0:0:0:0:0:1 - - [15/Apr/2026:14:54:18 +0200] "GET /front HTTP/1.1" 404 686
0:0:0:0:0:0:0:1 - - [15/Apr/2026:14:54:18 +0200] "GET /front HTTP/1.1" 404 686
0:0:0:0:0:0:0:1 - - [15/Apr/2026:14:54:18 +0200] "GET /front HTTP/1.1" 404 686
0:0:0:0:0:0:0:1 - - [15/Apr/2026:14:54:35 +0200] "GET /front HTTP/1.1" 302 -
0:0:0:0:0:0:0:1 - - [15/Apr/2026:14:54:35 +0200] "GET /front/ HTTP/1.1" 200 5075
0:0:0:0:0:0:0:1 - - [15/Apr/2026:14:54:35 +0200] "GET /front/assets/sons/background.mp3 HTTP/1.1" 206 5572814
0:0:0:0:0:0:0:1 - - [15/Apr/2026:14:54:35 +0200] "GET /front/ HTTP/1.1" 304 -
0:0:0:0:0:0:0:1 - - [15/Apr/2026:14:54:35 +0200] "GET /front/assets/sons/background.mp3 HTTP/1.1" 206 5572814
0:0:0:0:0:0:0:1 - - [15/Apr/2026:14:54:37 +0200] "GET /front/ HTTP/1.1" 304 -
0:0:0:0:0:0:0:1 - - [15/Apr/2026:14:54:37 +0200] "GET /front/assets/sons/background.mp3 HTTP/1.1" 206 5572814
0:0:0:0:0:0:0:1 - - [15/Apr/2026:14:54:37 +0200] "GET /front/ HTTP/1.1" 304 -
0:0:0:0:0:0:0:1 - - [15/Apr/2026:14:54:37 +0200] "GET /front/assets/sons/background.mp3 HTTP/1.1" 206 5572814
0:0:0:0:0:0:0:1 - - [15/Apr/2026:14:54:37 +0200] "GET /front/ HTTP/1.1" 304 -
0:0:0:0:0:0:0:1 - - [15/Apr/2026:14:54:37 +0200] "GET /front/assets/sons/background.mp3 HTTP/1.1" 206 5572814
0:0:0:0:0:0:0:1 - - [15/Apr/2026:14:54:40 +0200] "GET /front HTTP/1.1" 302 -
0:0:0:0:0:0:0:1 - - [15/Apr/2026:14:54:40 +0200] "GET /front/assets/sons/background.mp3 HTTP/1.1" 206 5572814
127.0.0.1 - - [15/Apr/2026:14:54:54 +0200] "POST /back/joueurs HTTP/1.1" 201 40
0:0:0:0:0:0:0:1 - - [15/Apr/2026:14:54:54 +0200] "POST /front/api/joueurs HTTP/1.1" 201 29
127.0.0.1 - - [15/Apr/2026:14:54:54 +0200] "GET /back/games HTTP/1.1" 200 914
0:0:0:0:0:0:0:1 - - [15/Apr/2026:14:54:54 +0200] "GET /front/api/games HTTP/1.1" 200 902
127.0.0.1 - - [15/Apr/2026:14:54:56 +0200] "GET /back/games HTTP/1.1" 200 914
0:0:0:0:0:0:0:1 - - [15/Apr/2026:14:54:56 +0200] "GET /front/api/games HTTP/1.1" 200 902
127.0.0.1 - - [15/Apr/2026:14:54:56 +0200] "GET /back/joueurs HTTP/1.1" 200 441
0:0:0:0:0:0:0:1 - - [15/Apr/2026:14:54:56 +0200] "GET /front/api/joueurs HTTP/1.1" 200 429
127.0.0.1 - - [15/Apr/2026:14:54:58 +0200] "GET /back/games HTTP/1.1" 200 914
0:0:0:0:0:0:0:1 - - [15/Apr/2026:14:54:58 +0200] "GET /front/api/games HTTP/1.1" 200 902
127.0.0.1 - - [15/Apr/2026:14:55:00 +0200] "GET /back/games HTTP/1.1" 200 914
0:0:0:0:0:0:0:1 - - [15/Apr/2026:14:55:00 +0200] "GET /front/api/games HTTP/1.1" 200 902
127.0.0.1 - - [15/Apr/2026:14:55:02 +0200] "GET /back/games HTTP/1.1" 200 914
0:0:0:0:0:0:0:1 - - [15/Apr/2026:14:55:02 +0200] "GET /front/api/games HTTP/1.1" 200 902
127.0.0.1 - - [15/Apr/2026:14:55:04 +0200] "GET /back/games HTTP/1.1" 200 914
0:0:0:0:0:0:0:1 - - [15/Apr/2026:14:55:04 +0200] "GET /front/api/games HTTP/1.1" 200 902
127.0.0.1 - - [15/Apr/2026:14:55:06 +0200] "GET /back/games HTTP/1.1" 200 914
0:0:0:0:0:0:0:1 - - [15/Apr/2026:14:55:06 +0200] "GET /front/api/games HTTP/1.1" 200 902
127.0.0.1 - - [15/Apr/2026:14:55:08 +0200] "GET /back/games HTTP/1.1" 200 914
0:0:0:0:0:0:0:1 - - [15/Apr/2026:14:55:08 +0200] "GET /front/api/games HTTP/1.1" 200 902
127.0.0.1 - - [15/Apr/2026:14:55:10 +0200] "GET /back/games HTTP/1.1" 200 914
0:0:0:0:0:0:0:1 - - [15/Apr/2026:14:55:10 +0200] "GET /front/api/games HTTP/1.1" 200 902
127.0.0.1 - - [15/Apr/2026:14:55:12 +0200] "GET /back/games HTTP/1.1" 200 914
0:0:0:0:0:0:0:1 - - [15/Apr/2026:14:55:12 +0200] "GET /front/api/games HTTP/1.1" 200 902
127.0.0.1 - - [15/Apr/2026:14:55:14 +0200] "GET /back/games HTTP/1.1" 200 914
0:0:0:0:0:0:0:1 - - [15/Apr/2026:14:55:14 +0200] "GET /front/api/games HTTP/1.1" 200 902
127.0.0.1 - - [15/Apr/2026:14:55:16 +0200] "GET /back/games HTTP/1.1" 200 914
0:0:0:0:0:0:0:1 - - [15/Apr/2026:14:55:16 +0200] "GET /front/api/games HTTP/1.1" 200 902
127.0.0.1 - - [15/Apr/2026:14:55:18 +0200] "GET /back/games HTTP/1.1" 200 914
0:0:0:0:0:0:0:1 - - [15/Apr/2026:14:55:18 +0200] "GET /front/api/games HTTP/1.1" 200 902
127.0.0.1 - - [15/Apr/2026:14:55:20 +0200] "GET /back/games HTTP/1.1" 200 914
0:0:0:0:0:0:0:1 - - [15/Apr/2026:14:55:20 +0200] "GET /front/api/games HTTP/1.1" 200 902
127.0.0.1 - - [15/Apr/2026:14:55:22 +0200] "GET /back/games HTTP/1.1" 200 914
0:0:0:0:0:0:0:1 - - [15/Apr/2026:14:55:22 +0200] "GET /front/api/games HTTP/1.1" 200 902
127.0.0.1 - - [15/Apr/2026:14:55:22 +0200] "POST /back/joueurs HTTP/1.1" 201 35
0:0:0:0:0:0:0:1 - - [15/Apr/2026:14:55:22 +0200] "POST /front/api/joueurs HTTP/1.1" 201 24
127.0.0.1 - - [15/Apr/2026:14:55:22 +0200] "GET /back/games HTTP/1.1" 200 914
0:0:0:0:0:0:0:1 - - [15/Apr/2026:14:55:22 +0200] "GET /front/api/games HTTP/1.1" 200 902
127.0.0.1 - - [15/Apr/2026:14:55:24 +0200] "GET /back/games HTTP/1.1" 200 914
0:0:0:0:0:0:0:1 - - [15/Apr/2026:14:55:24 +0200] "GET /front/api/games HTTP/1.1" 200 902
127.0.0.1 - - [15/Apr/2026:14:55:24 +0200] "GET /back/games HTTP/1.1" 200 914
0:0:0:0:0:0:0:1 - - [15/Apr/2026:14:55:24 +0200] "GET /front/api/games HTTP/1.1" 200 902
127.0.0.1 - - [15/Apr/2026:14:55:26 +0200] "GET /back/games HTTP/1.1" 200 914
0:0:0:0:0:0:0:1 - - [15/Apr/2026:14:55:26 +0200] "GET /front/api/games HTTP/1.1" 200 902
127.0.0.1 - - [15/Apr/2026:14:55:26 +0200] "GET /back/games HTTP/1.1" 200 914
0:0:0:0:0:0:0:1 - - [15/Apr/2026:14:55:26 +0200] "GET /front/api/games HTTP/1.1" 200 902
127.0.0.1 - - [15/Apr/2026:14:55:28 +0200] "GET /back/games HTTP/1.1" 200 914
0:0:0:0:0:0:0:1 - - [15/Apr/2026:14:55:28 +0200] "GET /front/api/games HTTP/1.1" 200 902
127.0.0.1 - - [15/Apr/2026:14:55:28 +0200] "POST /back/joueurs HTTP/1.1" 409 106
0:0:0:0:0:0:0:1 - - [15/Apr/2026:14:55:28 +0200] "POST /front/api/joueurs HTTP/1.1" 409 95
127.0.0.1 - - [15/Apr/2026:14:55:28 +0200] "GET /back/games HTTP/1.1" 200 914
0:0:0:0:0:0:0:1 - - [15/Apr/2026:14:55:28 +0200] "GET /front/api/games HTTP/1.1" 200 902
127.0.0.1 - - [15/Apr/2026:14:55:30 +0200] "GET /back/games HTTP/1.1" 200 914
0:0:0:0:0:0:0:1 - - [15/Apr/2026:14:55:30 +0200] "GET /front/api/games HTTP/1.1" 200 902
127.0.0.1 - - [15/Apr/2026:14:55:30 +0200] "GET /back/games HTTP/1.1" 200 914
0:0:0:0:0:0:0:1 - - [15/Apr/2026:14:55:30 +0200] "GET /front/api/games HTTP/1.1" 200 902
127.0.0.1 - - [15/Apr/2026:14:55:32 +0200] "GET /back/games HTTP/1.1" 200 914
0:0:0:0:0:0:0:1 - - [15/Apr/2026:14:55:32 +0200] "GET /front/api/games HTTP/1.1" 200 902
127.0.0.1 - - [15/Apr/2026:14:55:32 +0200] "POST /back/joueurs HTTP/1.1" 201 38
0:0:0:0:0:0:0:1 - - [15/Apr/2026:14:55:32 +0200] "POST /front/api/joueurs HTTP/1.1" 201 27
127.0.0.1 - - [15/Apr/2026:14:55:32 +0200] "GET /back/games HTTP/1.1" 200 914
0:0:0:0:0:0:0:1 - - [15/Apr/2026:14:55:32 +0200] "GET /front/api/games HTTP/1.1" 200 902
127.0.0.1 - - [15/Apr/2026:14:55:32 +0200] "GET /back/games HTTP/1.1" 200 914
0:0:0:0:0:0:0:1 - - [15/Apr/2026:14:55:32 +0200] "GET /front/api/games HTTP/1.1" 200 902
127.0.0.1 - - [15/Apr/2026:14:55:34 +0200] "GET /back/games HTTP/1.1" 200 914
0:0:0:0:0:0:0:1 - - [15/Apr/2026:14:55:34 +0200] "GET /front/api/games HTTP/1.1" 200 902
127.0.0.1 - - [15/Apr/2026:14:55:34 +0200] "GET /back/games HTTP/1.1" 200 914
0:0:0:0:0:0:0:1 - - [15/Apr/2026:14:55:34 +0200] "GET /front/api/games HTTP/1.1" 200 902
127.0.0.1 - - [15/Apr/2026:14:55:34 +0200] "GET /back/games HTTP/1.1" 200 914
0:0:0:0:0:0:0:1 - - [15/Apr/2026:14:55:34 +0200] "GET /front/api/games HTTP/1.1" 200 902
127.0.0.1 - - [15/Apr/2026:14:55:36 +0200] "GET /back/games HTTP/1.1" 200 914
0:0:0:0:0:0:0:1 - - [15/Apr/2026:14:55:36 +0200] "GET /front/api/games HTTP/1.1" 200 902
127.0.0.1 - - [15/Apr/2026:14:55:36 +0200] "GET /back/games HTTP/1.1" 200 914
0:0:0:0:0:0:0:1 - - [15/Apr/2026:14:55:36 +0200] "GET /front/api/games HTTP/1.1" 200 902
127.0.0.1 - - [15/Apr/2026:14:55:36 +0200] "GET /back/games HTTP/1.1" 200 914
0:0:0:0:0:0:0:1 - - [15/Apr/2026:14:55:36 +0200] "GET /front/api/games HTTP/1.1" 200 902
127.0.0.1 - - [15/Apr/2026:14:55:38 +0200] "GET /back/games HTTP/1.1" 200 914
0:0:0:0:0:0:0:1 - - [15/Apr/2026:14:55:38 +0200] "GET /front/api/games HTTP/1.1" 200 902
127.0.0.1 - - [15/Apr/2026:14:55:38 +0200] "GET /back/games HTTP/1.1" 200 914
0:0:0:0:0:0:0:1 - - [15/Apr/2026:14:55:38 +0200] "GET /front/api/games HTTP/1.1" 200 902
127.0.0.1 - - [15/Apr/2026:14:55:38 +0200] "GET /back/games HTTP/1.1" 200 914
0:0:0:0:0:0:0:1 - - [15/Apr/2026:14:55:38 +0200] "GET /front/api/games HTTP/1.1" 200 902
127.0.0.1 - - [15/Apr/2026:14:55:40 +0200] "GET /back/games HTTP/1.1" 200 914
0:0:0:0:0:0:0:1 - - [15/Apr/2026:14:55:40 +0200] "GET /front/api/games HTTP/1.1" 200 902
127.0.0.1 - - [15/Apr/2026:14:55:40 +0200] "GET /back/games HTTP/1.1" 200 914
0:0:0:0:0:0:0:1 - - [15/Apr/2026:14:55:40 +0200] "GET /front/api/games HTTP/1.1" 200 902
127.0.0.1 - - [15/Apr/2026:14:55:40 +0200] "GET /back/games HTTP/1.1" 200 914
0:0:0:0:0:0:0:1 - - [15/Apr/2026:14:55:40 +0200] "GET /front/api/games HTTP/1.1" 200 902
127.0.0.1 - - [15/Apr/2026:14:55:42 +0200] "GET /back/games HTTP/1.1" 200 914
0:0:0:0:0:0:0:1 - - [15/Apr/2026:14:55:42 +0200] "GET /front/api/games HTTP/1.1" 200 902
127.0.0.1 - - [15/Apr/2026:14:55:42 +0200] "GET /back/games HTTP/1.1" 200 914
0:0:0:0:0:0:0:1 - - [15/Apr/2026:14:55:42 +0200] "GET /front/api/games HTTP/1.1" 200 902
127.0.0.1 - - [15/Apr/2026:14:55:42 +0200] "GET /back/games HTTP/1.1" 200 914
0:0:0:0:0:0:0:1 - - [15/Apr/2026:14:55:42 +0200] "GET /front/api/games HTTP/1.1" 200 902
127.0.0.1 - - [15/Apr/2026:14:55:44 +0200] "GET /back/games HTTP/1.1" 200 914
0:0:0:0:0:0:0:1 - - [15/Apr/2026:14:55:44 +0200] "GET /front/api/games HTTP/1.1" 200 902
127.0.0.1 - - [15/Apr/2026:14:55:44 +0200] "GET /back/games HTTP/1.1" 200 914
0:0:0:0:0:0:0:1 - - [15/Apr/2026:14:55:44 +0200] "GET /front/api/games HTTP/1.1" 200 902
127.0.0.1 - - [15/Apr/2026:14:55:44 +0200] "GET /back/games HTTP/1.1" 200 914
0:0:0:0:0:0:0:1 - - [15/Apr/2026:14:55:44 +0200] "GET /front/api/games HTTP/1.1" 200 902
127.0.0.1 - - [15/Apr/2026:14:55:46 +0200] "GET /back/games HTTP/1.1" 200 914
0:0:0:0:0:0:0:1 - - [15/Apr/2026:14:55:46 +0200] "GET /front/api/games HTTP/1.1" 200 902
127.0.0.1 - - [15/Apr/2026:14:55:46 +0200] "GET /back/games HTTP/1.1" 200 914
0:0:0:0:0:0:0:1 - - [15/Apr/2026:14:55:46 +0200] "GET /front/api/games HTTP/1.1" 200 902
127.0.0.1 - - [15/Apr/2026:14:55:46 +0200] "POST /back/games HTTP/1.1" 201 156
0:0:0:0:0:0:0:1 - - [15/Apr/2026:14:55:46 +0200] "POST /front/api/games HTTP/1.1" 201 145
0:0:0:0:0:0:0:1 - - [15/Apr/2026:14:55:46 +0200] "GET /front/api/games/7 HTTP/1.1" 502 19
0:0:0:0:0:0:0:1 - - [15/Apr/2026:14:55:46 +0200] "GET /back/games/7 HTTP/1.1" 200 153
127.0.0.1 - - [15/Apr/2026:14:55:46 +0200] "GET /back/games HTTP/1.1" 200 1057
0:0:0:0:0:0:0:1 - - [15/Apr/2026:14:55:46 +0200] "GET /front/api/games HTTP/1.1" 200 1045
127.0.0.1 - - [15/Apr/2026:14:55:46 +0200] "GET /back/games HTTP/1.1" 200 1057
0:0:0:0:0:0:0:1 - - [15/Apr/2026:14:55:46 +0200] "GET /front/api/games HTTP/1.1" 200 1045
127.0.0.1 - - [15/Apr/2026:14:55:48 +0200] "GET /back/games HTTP/1.1" 200 1057
0:0:0:0:0:0:0:1 - - [15/Apr/2026:14:55:48 +0200] "GET /front/api/games HTTP/1.1" 200 1045
127.0.0.1 - - [15/Apr/2026:14:55:48 +0200] "GET /back/games HTTP/1.1" 200 1057
0:0:0:0:0:0:0:1 - - [15/Apr/2026:14:55:48 +0200] "GET /front/api/games HTTP/1.1" 200 1045
127.0.0.1 - - [15/Apr/2026:14:55:48 +0200] "GET /back/games/7 HTTP/1.1" 200 153
0:0:0:0:0:0:0:1 - - [15/Apr/2026:14:55:48 +0200] "GET /front/api/games/7 HTTP/1.1" 200 142
127.0.0.1 - - [15/Apr/2026:14:55:48 +0200] "GET /back/games HTTP/1.1" 200 1057
0:0:0:0:0:0:0:1 - - [15/Apr/2026:14:55:48 +0200] "GET /front/api/games HTTP/1.1" 200 1045
127.0.0.1 - - [15/Apr/2026:14:55:50 +0200] "GET /back/games HTTP/1.1" 200 1057
0:0:0:0:0:0:0:1 - - [15/Apr/2026:14:55:50 +0200] "GET /front/api/games HTTP/1.1" 200 1045
127.0.0.1 - - [15/Apr/2026:14:55:50 +0200] "GET /back/games HTTP/1.1" 200 1057
0:0:0:0:0:0:0:1 - - [15/Apr/2026:14:55:50 +0200] "GET /front/api/games HTTP/1.1" 200 1045
127.0.0.1 - - [15/Apr/2026:14:55:50 +0200] "GET /back/games/7 HTTP/1.1" 200 153
0:0:0:0:0:0:0:1 - - [15/Apr/2026:14:55:50 +0200] "GET /front/api/games/7 HTTP/1.1" 200 142
127.0.0.1 - - [15/Apr/2026:14:55:50 +0200] "GET /back/games HTTP/1.1" 200 1057
0:0:0:0:0:0:0:1 - - [15/Apr/2026:14:55:50 +0200] "GET /front/api/games HTTP/1.1" 200 1045
127.0.0.1 - - [15/Apr/2026:14:55:52 +0200] "GET /back/games HTTP/1.1" 200 1057
0:0:0:0:0:0:0:1 - - [15/Apr/2026:14:55:52 +0200] "GET /front/api/games HTTP/1.1" 200 1045
0:0:0:0:0:0:0:1 - - [15/Apr/2026:14:55:52 +0200] "GET /front/api/games HTTP/1.1" 502 19
127.0.0.1 - - [15/Apr/2026:14:55:52 +0200] "POST /back/games/7/join?joueurId=17 HTTP/1.1" 201 72
0:0:0:0:0:0:0:1 - - [15/Apr/2026:14:55:52 +0200] "POST /front/api/games/7/join?joueurId=17 HTTP/1.1" 201 61
0:0:0:0:0:0:0:1 - - [15/Apr/2026:14:55:52 +0200] "GET /front/api/games/7 HTTP/1.1" 502 19
0:0:0:0:0:0:0:1 - - [15/Apr/2026:14:55:52 +0200] "GET /back/games/7 HTTP/1.1" 200 159
127.0.0.1 - - [15/Apr/2026:14:55:52 +0200] "GET /back/games HTTP/1.1" 200 1063
0:0:0:0:0:0:0:1 - - [15/Apr/2026:14:55:52 +0200] "GET /front/api/games HTTP/1.1" 200 1051
127.0.0.1 - - [15/Apr/2026:14:55:52 +0200] "GET /back/games/7 HTTP/1.1" 200 159
0:0:0:0:0:0:0:1 - - [15/Apr/2026:14:55:52 +0200] "GET /front/api/games/7 HTTP/1.1" 200 148
127.0.0.1 - - [15/Apr/2026:14:55:52 +0200] "GET /back/games HTTP/1.1" 200 1063
0:0:0:0:0:0:0:1 - - [15/Apr/2026:14:55:52 +0200] "GET /front/api/games HTTP/1.1" 200 1051
127.0.0.1 - - [15/Apr/2026:14:55:54 +0200] "GET /back/games HTTP/1.1" 200 1063
0:0:0:0:0:0:0:1 - - [15/Apr/2026:14:55:54 +0200] "GET /front/api/games HTTP/1.1" 200 1051
127.0.0.1 - - [15/Apr/2026:14:55:54 +0200] "GET /back/games HTTP/1.1" 200 1063
0:0:0:0:0:0:0:1 - - [15/Apr/2026:14:55:54 +0200] "GET /front/api/games HTTP/1.1" 200 1051
127.0.0.1 - - [15/Apr/2026:14:55:54 +0200] "GET /back/games/7 HTTP/1.1" 200 159
0:0:0:0:0:0:0:1 - - [15/Apr/2026:14:55:54 +0200] "GET /front/api/games/7 HTTP/1.1" 200 148
127.0.0.1 - - [15/Apr/2026:14:55:54 +0200] "GET /back/games/7 HTTP/1.1" 200 159
0:0:0:0:0:0:0:1 - - [15/Apr/2026:14:55:54 +0200] "GET /front/api/games/7 HTTP/1.1" 200 148
127.0.0.1 - - [15/Apr/2026:14:55:54 +0200] "GET /back/games HTTP/1.1" 200 1063
0:0:0:0:0:0:0:1 - - [15/Apr/2026:14:55:54 +0200] "GET /front/api/games HTTP/1.1" 200 1051
127.0.0.1 - - [15/Apr/2026:14:55:55 +0200] "POST /back/games/7/join?joueurId=16 HTTP/1.1" 201 72
0:0:0:0:0:0:0:1 - - [15/Apr/2026:14:55:55 +0200] "POST /front/api/games/7/join?joueurId=16 HTTP/1.1" 201 61
0:0:0:0:0:0:0:1 - - [15/Apr/2026:14:55:55 +0200] "GET /front/api/games/7 HTTP/1.1" 502 19
0:0:0:0:0:0:0:1 - - [15/Apr/2026:14:55:55 +0200] "GET /back/games/7 HTTP/1.1" 200 170
127.0.0.1 - - [15/Apr/2026:14:55:55 +0200] "GET /back/games HTTP/1.1" 200 1074
0:0:0:0:0:0:0:1 - - [15/Apr/2026:14:55:55 +0200] "GET /front/api/games HTTP/1.1" 200 1062
127.0.0.1 - - [15/Apr/2026:14:55:56 +0200] "GET /back/games HTTP/1.1" 200 1074
0:0:0:0:0:0:0:1 - - [15/Apr/2026:14:55:56 +0200] "GET /front/api/games HTTP/1.1" 200 1062
127.0.0.1 - - [15/Apr/2026:14:55:56 +0200] "GET /back/games HTTP/1.1" 200 1074
0:0:0:0:0:0:0:1 - - [15/Apr/2026:14:55:56 +0200] "GET /front/api/games HTTP/1.1" 200 1062
127.0.0.1 - - [15/Apr/2026:14:55:56 +0200] "GET /back/games/7 HTTP/1.1" 200 170
0:0:0:0:0:0:0:1 - - [15/Apr/2026:14:55:56 +0200] "GET /front/api/games/7 HTTP/1.1" 200 159
127.0.0.1 - - [15/Apr/2026:14:55:56 +0200] "GET /back/games/7 HTTP/1.1" 200 170
0:0:0:0:0:0:0:1 - - [15/Apr/2026:14:55:56 +0200] "GET /front/api/games/7 HTTP/1.1" 200 159
127.0.0.1 - - [15/Apr/2026:14:55:56 +0200] "GET /back/games HTTP/1.1" 200 1074
0:0:0:0:0:0:0:1 - - [15/Apr/2026:14:55:56 +0200] "GET /front/api/games HTTP/1.1" 200 1062
127.0.0.1 - - [15/Apr/2026:14:55:57 +0200] "GET /back/games/7 HTTP/1.1" 200 170
0:0:0:0:0:0:0:1 - - [15/Apr/2026:14:55:57 +0200] "GET /front/api/games/7 HTTP/1.1" 200 159
127.0.0.1 - - [15/Apr/2026:14:55:58 +0200] "GET /back/games HTTP/1.1" 200 1074
0:0:0:0:0:0:0:1 - - [15/Apr/2026:14:55:58 +0200] "GET /front/api/games HTTP/1.1" 200 1062
127.0.0.1 - - [15/Apr/2026:14:55:58 +0200] "GET /back/games HTTP/1.1" 200 1074
0:0:0:0:0:0:0:1 - - [15/Apr/2026:14:55:58 +0200] "GET /front/api/games HTTP/1.1" 200 1062
127.0.0.1 - - [15/Apr/2026:14:55:58 +0200] "GET /back/games/7 HTTP/1.1" 200 170
0:0:0:0:0:0:0:1 - - [15/Apr/2026:14:55:58 +0200] "GET /front/api/games/7 HTTP/1.1" 200 159
127.0.0.1 - - [15/Apr/2026:14:55:58 +0200] "GET /back/games/7 HTTP/1.1" 200 170
0:0:0:0:0:0:0:1 - - [15/Apr/2026:14:55:58 +0200] "GET /front/api/games/7 HTTP/1.1" 200 159
127.0.0.1 - - [15/Apr/2026:14:55:58 +0200] "GET /back/games HTTP/1.1" 200 1074
0:0:0:0:0:0:0:1 - - [15/Apr/2026:14:55:58 +0200] "GET /front/api/games HTTP/1.1" 200 1062
127.0.0.1 - - [15/Apr/2026:14:55:59 +0200] "GET /back/games/7 HTTP/1.1" 200 170
0:0:0:0:0:0:0:1 - - [15/Apr/2026:14:55:59 +0200] "GET /front/api/games/7 HTTP/1.1" 200 159
127.0.0.1 - - [15/Apr/2026:14:55:59 +0200] "POST /back/games/7/start?joueurId=18 HTTP/1.1" 200 176
0:0:0:0:0:0:0:1 - - [15/Apr/2026:14:55:59 +0200] "POST /front/api/games/7/start?joueurId=18 HTTP/1.1" 200 165
127.0.0.1 - - [15/Apr/2026:14:56:00 +0200] "GET /back/games HTTP/1.1" 200 1080
0:0:0:0:0:0:0:1 - - [15/Apr/2026:14:56:00 +0200] "GET /front/api/games HTTP/1.1" 200 1068
127.0.0.1 - - [15/Apr/2026:14:56:00 +0200] "GET /back/games HTTP/1.1" 200 1080
0:0:0:0:0:0:0:1 - - [15/Apr/2026:14:56:00 +0200] "GET /front/api/games HTTP/1.1" 200 1068
127.0.0.1 - - [15/Apr/2026:14:56:00 +0200] "GET /back/games/7 HTTP/1.1" 200 176
0:0:0:0:0:0:0:1 - - [15/Apr/2026:14:56:00 +0200] "GET /front/api/games/7 HTTP/1.1" 200 165
0:0:0:0:0:0:0:1 - - [15/Apr/2026:14:56:00 +0200] "GET /front/game.html?gameId=7&joueurId=17&pseudo=teo HTTP/1.1" 200 3598
0:0:0:0:0:0:0:1 - - [15/Apr/2026:14:56:00 +0200] "GET /front/styles.css HTTP/1.1" 200 8091
0:0:0:0:0:0:0:1 - - [15/Apr/2026:14:56:00 +0200] "GET /front/game.css HTTP/1.1" 200 4849
0:0:0:0:0:0:0:1 - - [15/Apr/2026:14:56:00 +0200] "GET /front/assets/sons/background.mp3 HTTP/1.1" 206 5572814
0:0:0:0:0:0:0:1 - - [15/Apr/2026:14:56:00 +0200] "GET /front/game.js HTTP/1.1" 200 10233
127.0.0.1 - - [15/Apr/2026:14:56:00 +0200] "GET /back/games/7/state?joueurId=17 HTTP/1.1" 200 894
0:0:0:0:0:0:0:1 - - [15/Apr/2026:14:56:00 +0200] "GET /front/api/games/7/state?joueurId=17 HTTP/1.1" 200 882
127.0.0.1 - - [15/Apr/2026:14:56:00 +0200] "GET /back/games/7 HTTP/1.1" 200 176
0:0:0:0:0:0:0:1 - - [15/Apr/2026:14:56:00 +0200] "GET /front/api/games/7 HTTP/1.1" 200 165
0:0:0:0:0:0:0:1 - - [15/Apr/2026:14:56:00 +0200] "GET /front/game.html?gameId=7&joueurId=18&pseudo=lilooo HTTP/1.1" 200 3598
0:0:0:0:0:0:0:1 - - [15/Apr/2026:14:56:00 +0200] "GET /front/assets/sons/background.mp3 HTTP/1.1" 206 5572814
127.0.0.1 - - [15/Apr/2026:14:56:00 +0200] "GET /back/games/7/state?joueurId=18 HTTP/1.1" 200 893
0:0:0:0:0:0:0:1 - - [15/Apr/2026:14:56:00 +0200] "GET /front/api/games/7/state?joueurId=18 HTTP/1.1" 200 881
127.0.0.1 - - [15/Apr/2026:14:56:01 +0200] "GET /back/games/7 HTTP/1.1" 200 176
0:0:0:0:0:0:0:1 - - [15/Apr/2026:14:56:01 +0200] "GET /front/api/games/7 HTTP/1.1" 200 165
0:0:0:0:0:0:0:1 - - [15/Apr/2026:14:56:01 +0200] "GET /front/game.html?gameId=7&joueurId=16&pseudo=martouch HTTP/1.1" 200 3598
0:0:0:0:0:0:0:1 - - [15/Apr/2026:14:56:01 +0200] "GET /front/assets/sons/background.mp3 HTTP/1.1" 206 5572814
127.0.0.1 - - [15/Apr/2026:14:56:01 +0200] "GET /back/games/7/state?joueurId=16 HTTP/1.1" 200 880
0:0:0:0:0:0:0:1 - - [15/Apr/2026:14:56:01 +0200] "GET /front/api/games/7/state?joueurId=16 HTTP/1.1" 200 868
127.0.0.1 - - [15/Apr/2026:14:56:02 +0200] "GET /back/games/7/state?joueurId=17 HTTP/1.1" 200 894
0:0:0:0:0:0:0:1 - - [15/Apr/2026:14:56:02 +0200] "GET /front/api/games/7/state?joueurId=17 HTTP/1.1" 200 882
127.0.0.1 - - [15/Apr/2026:14:56:02 +0200] "GET /back/games/7/state?joueurId=18 HTTP/1.1" 200 893
0:0:0:0:0:0:0:1 - - [15/Apr/2026:14:56:02 +0200] "GET /front/api/games/7/state?joueurId=18 HTTP/1.1" 200 881
127.0.0.1 - - [15/Apr/2026:14:56:03 +0200] "GET /back/games/7/state?joueurId=16 HTTP/1.1" 200 880
0:0:0:0:0:0:0:1 - - [15/Apr/2026:14:56:03 +0200] "GET /front/api/games/7/state?joueurId=16 HTTP/1.1" 200 868
127.0.0.1 - - [15/Apr/2026:14:56:04 +0200] "GET /back/games/7/state?joueurId=17 HTTP/1.1" 200 894
0:0:0:0:0:0:0:1 - - [15/Apr/2026:14:56:04 +0200] "GET /front/api/games/7/state?joueurId=17 HTTP/1.1" 200 882
127.0.0.1 - - [15/Apr/2026:14:56:04 +0200] "GET /back/games/7/state?joueurId=18 HTTP/1.1" 200 893
0:0:0:0:0:0:0:1 - - [15/Apr/2026:14:56:04 +0200] "GET /front/api/games/7/state?joueurId=18 HTTP/1.1" 200 881
127.0.0.1 - - [15/Apr/2026:14:56:05 +0200] "GET /back/games/7/state?joueurId=16 HTTP/1.1" 200 880
0:0:0:0:0:0:0:1 - - [15/Apr/2026:14:56:05 +0200] "GET /front/api/games/7/state?joueurId=16 HTTP/1.1" 200 868
127.0.0.1 - - [15/Apr/2026:14:56:06 +0200] "GET /back/games/7/state?joueurId=17 HTTP/1.1" 200 894
0:0:0:0:0:0:0:1 - - [15/Apr/2026:14:56:06 +0200] "GET /front/api/games/7/state?joueurId=17 HTTP/1.1" 200 882
127.0.0.1 - - [15/Apr/2026:14:56:06 +0200] "GET /back/games/7/state?joueurId=18 HTTP/1.1" 200 893
0:0:0:0:0:0:0:1 - - [15/Apr/2026:14:56:06 +0200] "GET /front/api/games/7/state?joueurId=18 HTTP/1.1" 200 881
127.0.0.1 - - [15/Apr/2026:14:56:07 +0200] "GET /back/games/7/state?joueurId=16 HTTP/1.1" 200 880
0:0:0:0:0:0:0:1 - - [15/Apr/2026:14:56:07 +0200] "GET /front/api/games/7/state?joueurId=16 HTTP/1.1" 200 868
127.0.0.1 - - [15/Apr/2026:14:56:08 +0200] "GET /back/games/7/state?joueurId=17 HTTP/1.1" 200 894
0:0:0:0:0:0:0:1 - - [15/Apr/2026:14:56:08 +0200] "GET /front/api/games/7/state?joueurId=17 HTTP/1.1" 200 882
127.0.0.1 - - [15/Apr/2026:14:56:08 +0200] "GET /back/games/7/state?joueurId=18 HTTP/1.1" 200 893
0:0:0:0:0:0:0:1 - - [15/Apr/2026:14:56:08 +0200] "GET /front/api/games/7/state?joueurId=18 HTTP/1.1" 200 881
127.0.0.1 - - [15/Apr/2026:14:56:09 +0200] "GET /back/games/7/state?joueurId=16 HTTP/1.1" 200 880
0:0:0:0:0:0:0:1 - - [15/Apr/2026:14:56:09 +0200] "GET /front/api/games/7/state?joueurId=16 HTTP/1.1" 200 868
127.0.0.1 - - [15/Apr/2026:14:56:10 +0200] "GET /back/games/7/state?joueurId=17 HTTP/1.1" 200 894
0:0:0:0:0:0:0:1 - - [15/Apr/2026:14:56:10 +0200] "GET /front/api/games/7/state?joueurId=17 HTTP/1.1" 200 882
127.0.0.1 - - [15/Apr/2026:14:56:10 +0200] "GET /back/games/7/state?joueurId=18 HTTP/1.1" 200 893
0:0:0:0:0:0:0:1 - - [15/Apr/2026:14:56:10 +0200] "GET /front/api/games/7/state?joueurId=18 HTTP/1.1" 200 881
127.0.0.1 - - [15/Apr/2026:14:56:11 +0200] "GET /back/games/7/state?joueurId=16 HTTP/1.1" 200 880
0:0:0:0:0:0:0:1 - - [15/Apr/2026:14:56:11 +0200] "GET /front/api/games/7/state?joueurId=16 HTTP/1.1" 200 868
127.0.0.1 - - [15/Apr/2026:14:56:12 +0200] "GET /back/games/7/state?joueurId=17 HTTP/1.1" 200 894
0:0:0:0:0:0:0:1 - - [15/Apr/2026:14:56:12 +0200] "GET /front/api/games/7/state?joueurId=17 HTTP/1.1" 200 882
127.0.0.1 - - [15/Apr/2026:14:56:12 +0200] "GET /back/games/7/state?joueurId=18 HTTP/1.1" 200 893
0:0:0:0:0:0:0:1 - - [15/Apr/2026:14:56:12 +0200] "GET /front/api/games/7/state?joueurId=18 HTTP/1.1" 200 881
127.0.0.1 - - [15/Apr/2026:14:56:13 +0200] "GET /back/games/7/state?joueurId=16 HTTP/1.1" 200 880
0:0:0:0:0:0:0:1 - - [15/Apr/2026:14:56:13 +0200] "GET /front/api/games/7/state?joueurId=16 HTTP/1.1" 200 868
127.0.0.1 - - [15/Apr/2026:14:56:14 +0200] "GET /back/games/7/state?joueurId=17 HTTP/1.1" 200 894
0:0:0:0:0:0:0:1 - - [15/Apr/2026:14:56:14 +0200] "GET /front/api/games/7/state?joueurId=17 HTTP/1.1" 200 882
127.0.0.1 - - [15/Apr/2026:14:56:14 +0200] "GET /back/games/7/state?joueurId=18 HTTP/1.1" 200 893
0:0:0:0:0:0:0:1 - - [15/Apr/2026:14:56:14 +0200] "GET /front/api/games/7/state?joueurId=18 HTTP/1.1" 200 881
127.0.0.1 - - [15/Apr/2026:14:56:15 +0200] "GET /back/games/7/state?joueurId=16 HTTP/1.1" 200 880
0:0:0:0:0:0:0:1 - - [15/Apr/2026:14:56:15 +0200] "GET /front/api/games/7/state?joueurId=16 HTTP/1.1" 200 868
127.0.0.1 - - [15/Apr/2026:14:56:16 +0200] "GET /back/games/7/state?joueurId=17 HTTP/1.1" 200 894
0:0:0:0:0:0:0:1 - - [15/Apr/2026:14:56:16 +0200] "GET /front/api/games/7/state?joueurId=17 HTTP/1.1" 200 882
127.0.0.1 - - [15/Apr/2026:14:56:16 +0200] "GET /back/games/7/state?joueurId=18 HTTP/1.1" 200 893
0:0:0:0:0:0:0:1 - - [15/Apr/2026:14:56:16 +0200] "GET /front/api/games/7/state?joueurId=18 HTTP/1.1" 200 881
127.0.0.1 - - [15/Apr/2026:14:56:17 +0200] "POST /back/games/7/draw?joueurId=18 HTTP/1.1" 200 945
0:0:0:0:0:0:0:1 - - [15/Apr/2026:14:56:17 +0200] "POST /front/api/games/7/draw?joueurId=18 HTTP/1.1" 200 933
127.0.0.1 - - [15/Apr/2026:14:56:17 +0200] "GET /back/games/7/state?joueurId=16 HTTP/1.1" 200 877
0:0:0:0:0:0:0:1 - - [15/Apr/2026:14:56:17 +0200] "GET /front/api/games/7/state?joueurId=16 HTTP/1.1" 200 865
127.0.0.1 - - [15/Apr/2026:14:56:18 +0200] "GET /back/games/7/state?joueurId=17 HTTP/1.1" 200 890
0:0:0:0:0:0:0:1 - - [15/Apr/2026:14:56:18 +0200] "GET /front/api/games/7/state?joueurId=17 HTTP/1.1" 200 878
127.0.0.1 - - [15/Apr/2026:14:56:18 +0200] "GET /back/games/7/state?joueurId=18 HTTP/1.1" 200 945
0:0:0:0:0:0:0:1 - - [15/Apr/2026:14:56:18 +0200] "GET /front/api/games/7/state?joueurId=18 HTTP/1.1" 200 933
127.0.0.1 - - [15/Apr/2026:14:56:19 +0200] "GET /back/games/7/state?joueurId=16 HTTP/1.1" 200 877
0:0:0:0:0:0:0:1 - - [15/Apr/2026:14:56:19 +0200] "GET /front/api/games/7/state?joueurId=16 HTTP/1.1" 200 865
127.0.0.1 - - [15/Apr/2026:14:56:20 +0200] "GET /back/games/7/state?joueurId=17 HTTP/1.1" 200 890
0:0:0:0:0:0:0:1 - - [15/Apr/2026:14:56:20 +0200] "GET /front/api/games/7/state?joueurId=17 HTTP/1.1" 200 878
