0:0:0:0:0:0:0:1 - - [15/Apr/2026:14:04:23 +0200] "GET /front/api/games/3/state?joueurId=5 HTTP/1.1" 502 19
127.0.0.1 - - [15/Apr/2026:14:04:23 +0200] "GET /back/games/3/state?joueurId=2 HTTP/1.1" 200 872
0:0:0:0:0:0:0:1 - - [15/Apr/2026:14:04:23 +0200] "GET /front/api/games/3/state?joueurId=2 HTTP/1.1" 200 860
127.0.0.1 - - [15/Apr/2026:14:04:24 +0200] "GET /back/games/3/state?joueurId=6 HTTP/1.1" 200 840
0:0:0:0:0:0:0:1 - - [15/Apr/2026:14:04:24 +0200] "GET /front/api/games/3/state?joueurId=6 HTTP/1.1" 200 828
127.0.0.1 - - [15/Apr/2026:14:04:25 +0200] "GET /back/games/3/state?joueurId=5 HTTP/1.1" 200 887
0:0:0:0:0:0:0:1 - - [15/Apr/2026:14:04:25 +0200] "GET /front/api/games/3/state?joueurId=5 HTTP/1.1" 200 875
127.0.0.1 - - [15/Apr/2026:14:04:25 +0200] "GET /back/games/3/state?joueurId=2 HTTP/1.1" 200 872
0:0:0:0:0:0:0:1 - - [15/Apr/2026:14:04:25 +0200] "GET /front/api/games/3/state?joueurId=2 HTTP/1.1" 200 860
127.0.0.1 - - [15/Apr/2026:14:04:26 +0200] "GET /back/games/3/state?joueurId=6 HTTP/1.1" 200 840
0:0:0:0:0:0:0:1 - - [15/Apr/2026:14:04:26 +0200] "GET /front/api/games/3/state?joueurId=6 HTTP/1.1" 200 828
127.0.0.1 - - [15/Apr/2026:14:04:27 +0200] "GET /back/games/3/state?joueurId=5 HTTP/1.1" 200 887
0:0:0:0:0:0:0:1 - - [15/Apr/2026:14:04:27 +0200] "GET /front/api/games/3/state?joueurId=5 HTTP/1.1" 200 875
127.0.0.1 - - [15/Apr/2026:14:04:27 +0200] "GET /back/games/3/state?joueurId=2 HTTP/1.1" 200 872
0:0:0:0:0:0:0:1 - - [15/Apr/2026:14:04:27 +0200] "GET /front/api/games/3/state?joueurId=2 HTTP/1.1" 200 860
127.0.0.1 - - [15/Apr/2026:14:04:28 +0200] "GET /back/games/3/state?joueurId=6 HTTP/1.1" 200 840
0:0:0:0:0:0:0:1 - - [15/Apr/2026:14:04:28 +0200] "GET /front/api/games/3/state?joueurId=6 HTTP/1.1" 200 828
127.0.0.1 - - [15/Apr/2026:14:04:29 +0200] "GET /back/games/3/state?joueurId=5 HTTP/1.1" 200 887
0:0:0:0:0:0:0:1 - - [15/Apr/2026:14:04:29 +0200] "GET /front/api/games/3/state?joueurId=5 HTTP/1.1" 200 875
127.0.0.1 - - [15/Apr/2026:14:04:29 +0200] "GET /back/games/3/state?joueurId=2 HTTP/1.1" 200 872
0:0:0:0:0:0:0:1 - - [15/Apr/2026:14:04:29 +0200] "GET /front/api/games/3/state?joueurId=2 HTTP/1.1" 200 860
127.0.0.1 - - [15/Apr/2026:14:04:30 +0200] "GET /back/games/3/state?joueurId=6 HTTP/1.1" 200 840
0:0:0:0:0:0:0:1 - - [15/Apr/2026:14:04:30 +0200] "GET /front/api/games/3/state?joueurId=6 HTTP/1.1" 200 828
127.0.0.1 - - [15/Apr/2026:14:04:31 +0200] "GET /back/games/3/state?joueurId=5 HTTP/1.1" 200 887
0:0:0:0:0:0:0:1 - - [15/Apr/2026:14:04:31 +0200] "GET /front/api/games/3/state?joueurId=5 HTTP/1.1" 200 875
127.0.0.1 - - [15/Apr/2026:14:04:31 +0200] "GET /back/games/3/state?joueurId=2 HTTP/1.1" 200 872
0:0:0:0:0:0:0:1 - - [15/Apr/2026:14:04:31 +0200] "GET /front/api/games/3/state?joueurId=2 HTTP/1.1" 200 860
127.0.0.1 - - [15/Apr/2026:14:04:32 +0200] "GET /back/games/3/state?joueurId=6 HTTP/1.1" 200 840
0:0:0:0:0:0:0:1 - - [15/Apr/2026:14:04:32 +0200] "GET /front/api/games/3/state?joueurId=6 HTTP/1.1" 200 828
127.0.0.1 - - [15/Apr/2026:14:04:33 +0200] "GET /back/games/3/state?joueurId=2 HTTP/1.1" 200 872
0:0:0:0:0:0:0:1 - - [15/Apr/2026:14:04:33 +0200] "GET /front/api/games/3/state?joueurId=2 HTTP/1.1" 200 860
0:0:0:0:0:0:0:1 - - [15/Apr/2026:14:05:06 +0200] "GET /front HTTP/1.1" 302 -
0:0:0:0:0:0:0:1 - - [15/Apr/2026:14:05:06 +0200] "GET /front/ HTTP/1.1" 200 5075
0:0:0:0:0:0:0:1 - - [15/Apr/2026:14:05:06 +0200] "GET /front/styles.css?v=2 HTTP/1.1" 200 8091
0:0:0:0:0:0:0:1 - - [15/Apr/2026:14:05:06 +0200] "GET /front/assets/images/Red_Skip.png HTTP/1.1" 200 26495
0:0:0:0:0:0:0:1 - - [15/Apr/2026:14:05:06 +0200] "GET /front/assets/images/Deck.png HTTP/1.1" 200 19276
0:0:0:0:0:0:0:1 - - [15/Apr/2026:14:05:06 +0200] "GET /front/assets/images/Wild_Draw.png HTTP/1.1" 200 25475
0:0:0:0:0:0:0:1 - - [15/Apr/2026:14:05:06 +0200] "GET /front/script.js?v=2 HTTP/1.1" 200 25436
0:0:0:0:0:0:0:1 - - [15/Apr/2026:14:05:06 +0200] "GET /front/assets/sons/background.mp3 HTTP/1.1" 206 5312218
0:0:0:0:0:0:0:1 - - [15/Apr/2026:14:05:06 +0200] "GET /front/assets/sons/background.mp3 HTTP/1.1" 206 5572814
0:0:0:0:0:0:0:1 - - [15/Apr/2026:14:05:10 +0200] "GET /front HTTP/1.1" 302 -
0:0:0:0:0:0:0:1 - - [15/Apr/2026:14:05:10 +0200] "GET /front/ HTTP/1.1" 304 -
0:0:0:0:0:0:0:1 - - [15/Apr/2026:14:05:10 +0200] "GET /front/styles.css?v=2 HTTP/1.1" 304 -
0:0:0:0:0:0:0:1 - - [15/Apr/2026:14:05:10 +0200] "GET /front/assets/images/Red_Skip.png HTTP/1.1" 304 -
0:0:0:0:0:0:0:1 - - [15/Apr/2026:14:05:10 +0200] "GET /front/assets/images/Deck.png HTTP/1.1" 304 -
0:0:0:0:0:0:0:1 - - [15/Apr/2026:14:05:10 +0200] "GET /front/assets/sons/background.mp3 HTTP/1.1" 206 5572814
0:0:0:0:0:0:0:1 - - [15/Apr/2026:14:05:10 +0200] "GET /front/assets/images/Wild_Draw.png HTTP/1.1" 304 -
0:0:0:0:0:0:0:1 - - [15/Apr/2026:14:05:10 +0200] "GET /front/script.js?v=2 HTTP/1.1" 304 -
0:0:0:0:0:0:0:1 - - [15/Apr/2026:14:05:12 +0200] "GET /front HTTP/1.1" 302 -
0:0:0:0:0:0:0:1 - - [15/Apr/2026:14:05:12 +0200] "GET /front/ HTTP/1.1" 304 -
0:0:0:0:0:0:0:1 - - [15/Apr/2026:14:05:12 +0200] "GET /front/styles.css?v=2 HTTP/1.1" 304 -
0:0:0:0:0:0:0:1 - - [15/Apr/2026:14:05:12 +0200] "GET /front/assets/images/Red_Skip.png HTTP/1.1" 304 -
0:0:0:0:0:0:0:1 - - [15/Apr/2026:14:05:12 +0200] "GET /front/assets/sons/background.mp3 HTTP/1.1" 206 5572814
0:0:0:0:0:0:0:1 - - [15/Apr/2026:14:05:12 +0200] "GET /front/assets/images/Deck.png HTTP/1.1" 304 -
0:0:0:0:0:0:0:1 - - [15/Apr/2026:14:05:12 +0200] "GET /front/script.js?v=2 HTTP/1.1" 304 -
0:0:0:0:0:0:0:1 - - [15/Apr/2026:14:05:12 +0200] "GET /front/assets/images/Wild_Draw.png HTTP/1.1" 304 -
127.0.0.1 - - [15/Apr/2026:14:05:21 +0200] "POST /back/joueurs HTTP/1.1" 409 106
0:0:0:0:0:0:0:1 - - [15/Apr/2026:14:05:21 +0200] "POST /front/api/joueurs HTTP/1.1" 409 95
127.0.0.1 - - [15/Apr/2026:14:05:24 +0200] "POST /back/joueurs HTTP/1.1" 201 38
0:0:0:0:0:0:0:1 - - [15/Apr/2026:14:05:24 +0200] "POST /front/api/joueurs HTTP/1.1" 201 27
127.0.0.1 - - [15/Apr/2026:14:05:24 +0200] "GET /back/games HTTP/1.1" 200 466
0:0:0:0:0:0:0:1 - - [15/Apr/2026:14:05:24 +0200] "GET /front/api/games HTTP/1.1" 200 454
127.0.0.1 - - [15/Apr/2026:14:05:36 +0200] "GET /back/joueurs HTTP/1.1" 200 194
0:0:0:0:0:0:0:1 - - [15/Apr/2026:14:05:36 +0200] "GET /front/api/joueurs HTTP/1.1" 200 183
127.0.0.1 - - [15/Apr/2026:14:06:02 +0200] "POST /back/joueurs HTTP/1.1" 201 38
0:0:0:0:0:0:0:1 - - [15/Apr/2026:14:06:02 +0200] "POST /front/api/joueurs HTTP/1.1" 201 27
127.0.0.1 - - [15/Apr/2026:14:06:03 +0200] "GET /back/games HTTP/1.1" 200 466
0:0:0:0:0:0:0:1 - - [15/Apr/2026:14:06:03 +0200] "GET /front/api/games HTTP/1.1" 200 454
127.0.0.1 - - [15/Apr/2026:14:06:21 +0200] "POST /back/joueurs HTTP/1.1" 201 36
0:0:0:0:0:0:0:1 - - [15/Apr/2026:14:06:21 +0200] "POST /front/api/joueurs HTTP/1.1" 201 25
127.0.0.1 - - [15/Apr/2026:14:06:21 +0200] "GET /back/games HTTP/1.1" 200 466
0:0:0:0:0:0:0:1 - - [15/Apr/2026:14:06:21 +0200] "GET /front/api/games HTTP/1.1" 200 454
127.0.0.1 - - [15/Apr/2026:14:06:31 +0200] "POST /back/games HTTP/1.1" 201 150
0:0:0:0:0:0:0:1 - - [15/Apr/2026:14:06:31 +0200] "POST /front/api/games HTTP/1.1" 201 139
0:0:0:0:0:0:0:1 - - [15/Apr/2026:14:06:31 +0200] "GET /front/api/games/4 HTTP/1.1" 502 19
0:0:0:0:0:0:0:1 - - [15/Apr/2026:14:06:31 +0200] "GET /back/games/4 HTTP/1.1" 200 147
127.0.0.1 - - [15/Apr/2026:14:06:31 +0200] "GET /back/games HTTP/1.1" 200 603
0:0:0:0:0:0:0:1 - - [15/Apr/2026:14:06:31 +0200] "GET /front/api/games HTTP/1.1" 200 591
127.0.0.1 - - [15/Apr/2026:14:06:33 +0200] "GET /back/games/4 HTTP/1.1" 200 147
0:0:0:0:0:0:0:1 - - [15/Apr/2026:14:06:33 +0200] "GET /front/api/games/4 HTTP/1.1" 200 136
127.0.0.1 - - [15/Apr/2026:14:06:35 +0200] "GET /back/games/4 HTTP/1.1" 200 147
0:0:0:0:0:0:0:1 - - [15/Apr/2026:14:06:35 +0200] "GET /front/api/games/4 HTTP/1.1" 200 136
127.0.0.1 - - [15/Apr/2026:14:06:37 +0200] "GET /back/games/4 HTTP/1.1" 200 147
0:0:0:0:0:0:0:1 - - [15/Apr/2026:14:06:37 +0200] "GET /front/api/games/4 HTTP/1.1" 200 136
127.0.0.1 - - [15/Apr/2026:14:06:39 +0200] "GET /back/games/4 HTTP/1.1" 200 147
0:0:0:0:0:0:0:1 - - [15/Apr/2026:14:06:39 +0200] "GET /front/api/games/4 HTTP/1.1" 200 136
127.0.0.1 - - [15/Apr/2026:14:06:41 +0200] "GET /back/games/4 HTTP/1.1" 200 147
0:0:0:0:0:0:0:1 - - [15/Apr/2026:14:06:41 +0200] "GET /front/api/games/4 HTTP/1.1" 200 136
0:0:0:0:0:0:0:1 - - [15/Apr/2026:14:06:42 +0200] "GET /front/ HTTP/1.1" 304 -
0:0:0:0:0:0:0:1 - - [15/Apr/2026:14:06:42 +0200] "GET /front/styles.css?v=2 HTTP/1.1" 304 -
0:0:0:0:0:0:0:1 - - [15/Apr/2026:14:06:42 +0200] "GET /front/assets/images/Red_Skip.png HTTP/1.1" 304 -
0:0:0:0:0:0:0:1 - - [15/Apr/2026:14:06:42 +0200] "GET /front/assets/sons/background.mp3 HTTP/1.1" 206 5572814
0:0:0:0:0:0:0:1 - - [15/Apr/2026:14:06:42 +0200] "GET /front/assets/images/Deck.png HTTP/1.1" 304 -
0:0:0:0:0:0:0:1 - - [15/Apr/2026:14:06:42 +0200] "GET /front/assets/images/Wild_Draw.png HTTP/1.1" 304 -
0:0:0:0:0:0:0:1 - - [15/Apr/2026:14:06:42 +0200] "GET /front/script.js?v=2 HTTP/1.1" 304 -
127.0.0.1 - - [15/Apr/2026:14:06:43 +0200] "GET /back/games/4 HTTP/1.1" 200 147
0:0:0:0:0:0:0:1 - - [15/Apr/2026:14:06:43 +0200] "GET /front/api/games/4 HTTP/1.1" 200 136
127.0.0.1 - - [15/Apr/2026:14:06:45 +0200] "GET /back/games/4 HTTP/1.1" 200 147
0:0:0:0:0:0:0:1 - - [15/Apr/2026:14:06:45 +0200] "GET /front/api/games/4 HTTP/1.1" 200 136
127.0.0.1 - - [15/Apr/2026:14:06:47 +0200] "GET /back/games/4 HTTP/1.1" 200 147
0:0:0:0:0:0:0:1 - - [15/Apr/2026:14:06:47 +0200] "GET /front/api/games/4 HTTP/1.1" 200 136
127.0.0.1 - - [15/Apr/2026:14:06:47 +0200] "GET /back/joueurs HTTP/1.1" 200 248
0:0:0:0:0:0:0:1 - - [15/Apr/2026:14:06:47 +0200] "GET /front/api/joueurs HTTP/1.1" 200 237
127.0.0.1 - - [15/Apr/2026:14:06:47 +0200] "GET /back/games HTTP/1.1" 200 603
0:0:0:0:0:0:0:1 - - [15/Apr/2026:14:06:47 +0200] "GET /front/api/games HTTP/1.1" 200 591
127.0.0.1 - - [15/Apr/2026:14:06:49 +0200] "GET /back/games/4 HTTP/1.1" 200 147
0:0:0:0:0:0:0:1 - - [15/Apr/2026:14:06:49 +0200] "GET /front/api/games/4 HTTP/1.1" 200 136
127.0.0.1 - - [15/Apr/2026:14:06:49 +0200] "POST /back/games/4/join?joueurId=7 HTTP/1.1" 201 71
0:0:0:0:0:0:0:1 - - [15/Apr/2026:14:06:49 +0200] "POST /front/api/games/4/join?joueurId=7 HTTP/1.1" 201 60
0:0:0:0:0:0:0:1 - - [15/Apr/2026:14:06:49 +0200] "GET /front/api/games/4 HTTP/1.1" 502 19
0:0:0:0:0:0:0:1 - - [15/Apr/2026:14:06:49 +0200] "GET /back/games/4 HTTP/1.1" 200 157
127.0.0.1 - - [15/Apr/2026:14:06:49 +0200] "GET /back/games HTTP/1.1" 200 613
0:0:0:0:0:0:0:1 - - [15/Apr/2026:14:06:49 +0200] "GET /front/api/games HTTP/1.1" 200 601
127.0.0.1 - - [15/Apr/2026:14:06:51 +0200] "GET /back/games/4 HTTP/1.1" 200 157
0:0:0:0:0:0:0:1 - - [15/Apr/2026:14:06:51 +0200] "GET /front/api/games/4 HTTP/1.1" 200 146
127.0.0.1 - - [15/Apr/2026:14:06:51 +0200] "GET /back/games/4 HTTP/1.1" 200 157
0:0:0:0:0:0:0:1 - - [15/Apr/2026:14:06:51 +0200] "GET /front/api/games/4 HTTP/1.1" 200 146
127.0.0.1 - - [15/Apr/2026:14:06:53 +0200] "GET /back/games/4 HTTP/1.1" 200 157
0:0:0:0:0:0:0:1 - - [15/Apr/2026:14:06:53 +0200] "GET /front/api/games/4 HTTP/1.1" 200 146
127.0.0.1 - - [15/Apr/2026:14:06:53 +0200] "GET /back/games/4 HTTP/1.1" 200 157
0:0:0:0:0:0:0:1 - - [15/Apr/2026:14:06:53 +0200] "GET /front/api/games/4 HTTP/1.1" 200 146
127.0.0.1 - - [15/Apr/2026:14:06:55 +0200] "GET /back/games/4 HTTP/1.1" 200 157
0:0:0:0:0:0:0:1 - - [15/Apr/2026:14:06:55 +0200] "GET /front/api/games/4 HTTP/1.1" 200 146
127.0.0.1 - - [15/Apr/2026:14:06:55 +0200] "GET /back/games/4 HTTP/1.1" 200 157
0:0:0:0:0:0:0:1 - - [15/Apr/2026:14:06:55 +0200] "GET /front/api/games/4 HTTP/1.1" 200 146
127.0.0.1 - - [15/Apr/2026:14:06:57 +0200] "GET /back/games/4 HTTP/1.1" 200 157
0:0:0:0:0:0:0:1 - - [15/Apr/2026:14:06:57 +0200] "GET /front/api/games/4 HTTP/1.1" 200 146
127.0.0.1 - - [15/Apr/2026:14:06:57 +0200] "GET /back/games/4 HTTP/1.1" 200 157
0:0:0:0:0:0:0:1 - - [15/Apr/2026:14:06:57 +0200] "GET /front/api/games/4 HTTP/1.1" 200 146
127.0.0.1 - - [15/Apr/2026:14:06:59 +0200] "GET /back/games/4 HTTP/1.1" 200 157
0:0:0:0:0:0:0:1 - - [15/Apr/2026:14:06:59 +0200] "GET /front/api/games/4 HTTP/1.1" 200 146
127.0.0.1 - - [15/Apr/2026:14:06:59 +0200] "GET /back/games/4 HTTP/1.1" 200 157
0:0:0:0:0:0:0:1 - - [15/Apr/2026:14:06:59 +0200] "GET /front/api/games/4 HTTP/1.1" 200 146
127.0.0.1 - - [15/Apr/2026:14:07:01 +0200] "GET /back/games/4 HTTP/1.1" 200 157
0:0:0:0:0:0:0:1 - - [15/Apr/2026:14:07:01 +0200] "GET /front/api/games/4 HTTP/1.1" 200 146
127.0.0.1 - - [15/Apr/2026:14:07:01 +0200] "GET /back/games/4 HTTP/1.1" 200 157
0:0:0:0:0:0:0:1 - - [15/Apr/2026:14:07:01 +0200] "GET /front/api/games/4 HTTP/1.1" 200 146
127.0.0.1 - - [15/Apr/2026:14:07:03 +0200] "GET /back/games/4 HTTP/1.1" 200 157
0:0:0:0:0:0:0:1 - - [15/Apr/2026:14:07:03 +0200] "GET /front/api/games/4 HTTP/1.1" 200 146
0:0:0:0:0:0:0:1 - - [15/Apr/2026:14:07:03 +0200] "GET /front/ HTTP/1.1" 304 -
0:0:0:0:0:0:0:1 - - [15/Apr/2026:14:07:03 +0200] "GET /front/styles.css?v=2 HTTP/1.1" 304 -
0:0:0:0:0:0:0:1 - - [15/Apr/2026:14:07:03 +0200] "GET /front/assets/images/Deck.png HTTP/1.1" 304 -
0:0:0:0:0:0:0:1 - - [15/Apr/2026:14:07:03 +0200] "GET /front/assets/images/Red_Skip.png HTTP/1.1" 304 -
0:0:0:0:0:0:0:1 - - [15/Apr/2026:14:07:03 +0200] "GET /front/assets/images/Wild_Draw.png HTTP/1.1" 304 -
0:0:0:0:0:0:0:1 - - [15/Apr/2026:14:07:03 +0200] "GET /front/script.js?v=2 HTTP/1.1" 304 -
0:0:0:0:0:0:0:1 - - [15/Apr/2026:14:07:03 +0200] "GET /front/assets/sons/background.mp3 HTTP/1.1" 304 -
127.0.0.1 - - [15/Apr/2026:14:07:03 +0200] "GET /back/games/4 HTTP/1.1" 200 157
0:0:0:0:0:0:0:1 - - [15/Apr/2026:14:07:03 +0200] "GET /front/api/games/4 HTTP/1.1" 200 146
127.0.0.1 - - [15/Apr/2026:14:07:05 +0200] "GET /back/games/4 HTTP/1.1" 200 157
0:0:0:0:0:0:0:1 - - [15/Apr/2026:14:07:05 +0200] "GET /front/api/games/4 HTTP/1.1" 200 146
127.0.0.1 - - [15/Apr/2026:14:07:05 +0200] "GET /back/games/4 HTTP/1.1" 200 157
0:0:0:0:0:0:0:1 - - [15/Apr/2026:14:07:05 +0200] "GET /front/api/games/4 HTTP/1.1" 200 146
127.0.0.1 - - [15/Apr/2026:14:07:07 +0200] "GET /back/games/4 HTTP/1.1" 200 157
0:0:0:0:0:0:0:1 - - [15/Apr/2026:14:07:07 +0200] "GET /front/api/games/4 HTTP/1.1" 200 146
127.0.0.1 - - [15/Apr/2026:14:07:07 +0200] "GET /back/games/4 HTTP/1.1" 200 157
0:0:0:0:0:0:0:1 - - [15/Apr/2026:14:07:07 +0200] "GET /front/api/games/4 HTTP/1.1" 200 146
127.0.0.1 - - [15/Apr/2026:14:07:08 +0200] "GET /back/joueurs HTTP/1.1" 200 248
0:0:0:0:0:0:0:1 - - [15/Apr/2026:14:07:08 +0200] "GET /front/api/joueurs HTTP/1.1" 200 237
127.0.0.1 - - [15/Apr/2026:14:07:08 +0200] "GET /back/games HTTP/1.1" 200 613
0:0:0:0:0:0:0:1 - - [15/Apr/2026:14:07:08 +0200] "GET /front/api/games HTTP/1.1" 200 601
127.0.0.1 - - [15/Apr/2026:14:07:09 +0200] "GET /back/games/4 HTTP/1.1" 200 157
0:0:0:0:0:0:0:1 - - [15/Apr/2026:14:07:09 +0200] "GET /front/api/games/4 HTTP/1.1" 200 146
127.0.0.1 - - [15/Apr/2026:14:07:09 +0200] "GET /back/games/4 HTTP/1.1" 200 157
0:0:0:0:0:0:0:1 - - [15/Apr/2026:14:07:09 +0200] "GET /front/api/games/4 HTTP/1.1" 200 146
127.0.0.1 - - [15/Apr/2026:14:07:11 +0200] "GET /back/games/4 HTTP/1.1" 200 157
0:0:0:0:0:0:0:1 - - [15/Apr/2026:14:07:11 +0200] "GET /front/api/games/4 HTTP/1.1" 200 146
127.0.0.1 - - [15/Apr/2026:14:07:11 +0200] "GET /back/games/4 HTTP/1.1" 200 157
0:0:0:0:0:0:0:1 - - [15/Apr/2026:14:07:11 +0200] "GET /front/api/games/4 HTTP/1.1" 200 146
127.0.0.1 - - [15/Apr/2026:14:07:13 +0200] "GET /back/games/4 HTTP/1.1" 200 157
0:0:0:0:0:0:0:1 - - [15/Apr/2026:14:07:13 +0200] "GET /front/api/games/4 HTTP/1.1" 200 146
127.0.0.1 - - [15/Apr/2026:14:07:13 +0200] "GET /back/games/4 HTTP/1.1" 200 157
0:0:0:0:0:0:0:1 - - [15/Apr/2026:14:07:13 +0200] "GET /front/api/games/4 HTTP/1.1" 200 146
127.0.0.1 - - [15/Apr/2026:14:07:15 +0200] "GET /back/games/4 HTTP/1.1" 200 157
0:0:0:0:0:0:0:1 - - [15/Apr/2026:14:07:15 +0200] "GET /front/api/games/4 HTTP/1.1" 200 146
127.0.0.1 - - [15/Apr/2026:14:07:15 +0200] "GET /back/games/4 HTTP/1.1" 200 157
0:0:0:0:0:0:0:1 - - [15/Apr/2026:14:07:15 +0200] "GET /front/api/games/4 HTTP/1.1" 200 146
127.0.0.1 - - [15/Apr/2026:14:07:17 +0200] "GET /back/games/4 HTTP/1.1" 200 157
0:0:0:0:0:0:0:1 - - [15/Apr/2026:14:07:17 +0200] "GET /front/api/games/4 HTTP/1.1" 200 146
127.0.0.1 - - [15/Apr/2026:14:07:17 +0200] "GET /back/games/4 HTTP/1.1" 200 157
0:0:0:0:0:0:0:1 - - [15/Apr/2026:14:07:17 +0200] "GET /front/api/games/4 HTTP/1.1" 200 146
127.0.0.1 - - [15/Apr/2026:14:07:19 +0200] "POST /back/games/4/join?joueurId=8 HTTP/1.1" 201 71
0:0:0:0:0:0:0:1 - - [15/Apr/2026:14:07:19 +0200] "POST /front/api/games/4/join?joueurId=8 HTTP/1.1" 201 60
0:0:0:0:0:0:0:1 - - [15/Apr/2026:14:07:19 +0200] "GET /front/api/games/4 HTTP/1.1" 502 19
0:0:0:0:0:0:0:1 - - [15/Apr/2026:14:07:19 +0200] "GET /back/games/4 HTTP/1.1" 200 167
127.0.0.1 - - [15/Apr/2026:14:07:19 +0200] "GET /back/games HTTP/1.1" 200 623
0:0:0:0:0:0:0:1 - - [15/Apr/2026:14:07:19 +0200] "GET /front/api/games HTTP/1.1" 200 611
127.0.0.1 - - [15/Apr/2026:14:07:19 +0200] "GET /back/games/4 HTTP/1.1" 200 167
0:0:0:0:0:0:0:1 - - [15/Apr/2026:14:07:19 +0200] "GET /front/api/games/4 HTTP/1.1" 200 156
127.0.0.1 - - [15/Apr/2026:14:07:19 +0200] "GET /back/games/4 HTTP/1.1" 200 167
0:0:0:0:0:0:0:1 - - [15/Apr/2026:14:07:19 +0200] "GET /front/api/games/4 HTTP/1.1" 200 156
127.0.0.1 - - [15/Apr/2026:14:07:21 +0200] "GET /back/games/4 HTTP/1.1" 200 167
0:0:0:0:0:0:0:1 - - [15/Apr/2026:14:07:21 +0200] "GET /front/api/games/4 HTTP/1.1" 200 156
127.0.0.1 - - [15/Apr/2026:14:07:21 +0200] "GET /back/games/4 HTTP/1.1" 200 167
0:0:0:0:0:0:0:1 - - [15/Apr/2026:14:07:21 +0200] "GET /front/api/games/4 HTTP/1.1" 200 156
127.0.0.1 - - [15/Apr/2026:14:07:21 +0200] "GET /back/games/4 HTTP/1.1" 200 167
0:0:0:0:0:0:0:1 - - [15/Apr/2026:14:07:21 +0200] "GET /front/api/games/4 HTTP/1.1" 200 156
127.0.0.1 - - [15/Apr/2026:14:07:23 +0200] "GET /back/games/4 HTTP/1.1" 200 167
0:0:0:0:0:0:0:1 - - [15/Apr/2026:14:07:23 +0200] "GET /front/api/games/4 HTTP/1.1" 200 156
127.0.0.1 - - [15/Apr/2026:14:07:23 +0200] "GET /back/games/4 HTTP/1.1" 200 167
0:0:0:0:0:0:0:1 - - [15/Apr/2026:14:07:23 +0200] "GET /front/api/games/4 HTTP/1.1" 200 156
127.0.0.1 - - [15/Apr/2026:14:07:23 +0200] "GET /back/games/4 HTTP/1.1" 200 167
0:0:0:0:0:0:0:1 - - [15/Apr/2026:14:07:23 +0200] "GET /front/api/games/4 HTTP/1.1" 200 156
127.0.0.1 - - [15/Apr/2026:14:07:25 +0200] "GET /back/games/4 HTTP/1.1" 200 167
0:0:0:0:0:0:0:1 - - [15/Apr/2026:14:07:25 +0200] "GET /front/api/games/4 HTTP/1.1" 200 156
127.0.0.1 - - [15/Apr/2026:14:07:25 +0200] "GET /back/games/4 HTTP/1.1" 200 167
0:0:0:0:0:0:0:1 - - [15/Apr/2026:14:07:25 +0200] "GET /front/api/games/4 HTTP/1.1" 200 156
127.0.0.1 - - [15/Apr/2026:14:07:25 +0200] "GET /back/games/4 HTTP/1.1" 200 167
0:0:0:0:0:0:0:1 - - [15/Apr/2026:14:07:25 +0200] "GET /front/api/games/4 HTTP/1.1" 200 156
127.0.0.1 - - [15/Apr/2026:14:07:27 +0200] "GET /back/games/4 HTTP/1.1" 200 167
0:0:0:0:0:0:0:1 - - [15/Apr/2026:14:07:27 +0200] "GET /front/api/games/4 HTTP/1.1" 200 156
127.0.0.1 - - [15/Apr/2026:14:07:27 +0200] "GET /back/games/4 HTTP/1.1" 200 167
0:0:0:0:0:0:0:1 - - [15/Apr/2026:14:07:27 +0200] "GET /front/api/games/4 HTTP/1.1" 200 156
127.0.0.1 - - [15/Apr/2026:14:07:27 +0200] "GET /back/games/4 HTTP/1.1" 200 167
0:0:0:0:0:0:0:1 - - [15/Apr/2026:14:07:27 +0200] "GET /front/api/games/4 HTTP/1.1" 200 156
127.0.0.1 - - [15/Apr/2026:14:07:29 +0200] "GET /back/games/4 HTTP/1.1" 200 167
0:0:0:0:0:0:0:1 - - [15/Apr/2026:14:07:29 +0200] "GET /front/api/games/4 HTTP/1.1" 200 156
127.0.0.1 - - [15/Apr/2026:14:07:29 +0200] "GET /back/games/4 HTTP/1.1" 200 167
0:0:0:0:0:0:0:1 - - [15/Apr/2026:14:07:29 +0200] "GET /front/api/games/4 HTTP/1.1" 200 156
127.0.0.1 - - [15/Apr/2026:14:07:29 +0200] "GET /back/games/4 HTTP/1.1" 200 167
0:0:0:0:0:0:0:1 - - [15/Apr/2026:14:07:29 +0200] "GET /front/api/games/4 HTTP/1.1" 200 156
127.0.0.1 - - [15/Apr/2026:14:07:31 +0200] "GET /back/games/4 HTTP/1.1" 200 167
0:0:0:0:0:0:0:1 - - [15/Apr/2026:14:07:31 +0200] "GET /front/api/games/4 HTTP/1.1" 200 156
127.0.0.1 - - [15/Apr/2026:14:07:31 +0200] "GET /back/games/4 HTTP/1.1" 200 167
0:0:0:0:0:0:0:1 - - [15/Apr/2026:14:07:31 +0200] "GET /front/api/games/4 HTTP/1.1" 200 156
127.0.0.1 - - [15/Apr/2026:14:07:31 +0200] "GET /back/games/4 HTTP/1.1" 200 167
0:0:0:0:0:0:0:1 - - [15/Apr/2026:14:07:31 +0200] "GET /front/api/games/4 HTTP/1.1" 200 156
127.0.0.1 - - [15/Apr/2026:14:07:33 +0200] "GET /back/games/4 HTTP/1.1" 200 167
0:0:0:0:0:0:0:1 - - [15/Apr/2026:14:07:33 +0200] "GET /front/api/games/4 HTTP/1.1" 200 156
127.0.0.1 - - [15/Apr/2026:14:07:33 +0200] "GET /back/games/4 HTTP/1.1" 200 167
0:0:0:0:0:0:0:1 - - [15/Apr/2026:14:07:33 +0200] "GET /front/api/games/4 HTTP/1.1" 200 156
127.0.0.1 - - [15/Apr/2026:14:07:33 +0200] "GET /back/games/4 HTTP/1.1" 200 167
0:0:0:0:0:0:0:1 - - [15/Apr/2026:14:07:33 +0200] "GET /front/api/games/4 HTTP/1.1" 200 156
127.0.0.1 - - [15/Apr/2026:14:07:34 +0200] "POST /back/games/4/start?joueurId=9 HTTP/1.1" 200 173
0:0:0:0:0:0:0:1 - - [15/Apr/2026:14:07:34 +0200] "POST /front/api/games/4/start?joueurId=9 HTTP/1.1" 200 162
127.0.0.1 - - [15/Apr/2026:14:07:35 +0200] "GET /back/games/4 HTTP/1.1" 200 173
0:0:0:0:0:0:0:1 - - [15/Apr/2026:14:07:35 +0200] "GET /front/api/games/4 HTTP/1.1" 200 162
0:0:0:0:0:0:0:1 - - [15/Apr/2026:14:07:35 +0200] "GET /front/game.html?gameId=4&joueurId=8&pseudo=martin1 HTTP/1.1" 200 3598
0:0:0:0:0:0:0:1 - - [15/Apr/2026:14:07:35 +0200] "GET /front/styles.css HTTP/1.1" 200 8091
0:0:0:0:0:0:0:1 - - [15/Apr/2026:14:07:35 +0200] "GET /front/game.css HTTP/1.1" 200 4849
0:0:0:0:0:0:0:1 - - [15/Apr/2026:14:07:35 +0200] "GET /front/game.js HTTP/1.1" 200 10233
127.0.0.1 - - [15/Apr/2026:14:07:35 +0200] "GET /back/games/4 HTTP/1.1" 200 173
0:0:0:0:0:0:0:1 - - [15/Apr/2026:14:07:35 +0200] "GET /front/api/games/4 HTTP/1.1" 200 162
0:0:0:0:0:0:0:1 - - [15/Apr/2026:14:07:35 +0200] "GET /front/assets/sons/background.mp3 HTTP/1.1" 304 -
0:0:0:0:0:0:0:1 - - [15/Apr/2026:14:07:35 +0200] "GET /front/game.html?gameId=4&joueurId=9&pseudo=theo1 HTTP/1.1" 200 3598
127.0.0.1 - - [15/Apr/2026:14:07:35 +0200] "GET /back/games/4/state?joueurId=8 HTTP/1.1" 200 888
0:0:0:0:0:0:0:1 - - [15/Apr/2026:14:07:35 +0200] "GET /front/api/games/4/state?joueurId=8 HTTP/1.1" 200 876
127.0.0.1 - - [15/Apr/2026:14:07:35 +0200] "GET /back/games/4/state?joueurId=9 HTTP/1.1" 200 891
0:0:0:0:0:0:0:1 - - [15/Apr/2026:14:07:35 +0200] "GET /front/api/games/4/state?joueurId=9 HTTP/1.1" 200 879
127.0.0.1 - - [15/Apr/2026:14:07:35 +0200] "GET /back/games/4 HTTP/1.1" 200 173
0:0:0:0:0:0:0:1 - - [15/Apr/2026:14:07:35 +0200] "GET /front/api/games/4 HTTP/1.1" 200 162
0:0:0:0:0:0:0:1 - - [15/Apr/2026:14:07:35 +0200] "GET /front/game.html?gameId=4&joueurId=7&pseudo=lilian1 HTTP/1.1" 200 3598
127.0.0.1 - - [15/Apr/2026:14:07:35 +0200] "GET /back/games/4/state?joueurId=7 HTTP/1.1" 200 887
0:0:0:0:0:0:0:1 - - [15/Apr/2026:14:07:35 +0200] "GET /front/api/games/4/state?joueurId=7 HTTP/1.1" 200 875
127.0.0.1 - - [15/Apr/2026:14:07:37 +0200] "GET /back/games/4/state?joueurId=8 HTTP/1.1" 200 888
0:0:0:0:0:0:0:1 - - [15/Apr/2026:14:07:37 +0200] "GET /front/api/games/4/state?joueurId=8 HTTP/1.1" 200 876
127.0.0.1 - - [15/Apr/2026:14:07:37 +0200] "GET /back/games/4/state?joueurId=9 HTTP/1.1" 200 891
0:0:0:0:0:0:0:1 - - [15/Apr/2026:14:07:37 +0200] "GET /front/api/games/4/state?joueurId=9 HTTP/1.1" 200 879
127.0.0.1 - - [15/Apr/2026:14:07:38 +0200] "GET /back/games/4/state?joueurId=7 HTTP/1.1" 200 887
0:0:0:0:0:0:0:1 - - [15/Apr/2026:14:07:38 +0200] "GET /front/api/games/4/state?joueurId=7 HTTP/1.1" 200 875
127.0.0.1 - - [15/Apr/2026:14:07:39 +0200] "GET /back/games/4/state?joueurId=8 HTTP/1.1" 200 888
0:0:0:0:0:0:0:1 - - [15/Apr/2026:14:07:39 +0200] "GET /front/api/games/4/state?joueurId=8 HTTP/1.1" 200 876
127.0.0.1 - - [15/Apr/2026:14:07:39 +0200] "GET /back/games/4/state?joueurId=9 HTTP/1.1" 200 891
0:0:0:0:0:0:0:1 - - [15/Apr/2026:14:07:39 +0200] "GET /front/api/games/4/state?joueurId=9 HTTP/1.1" 200 879
127.0.0.1 - - [15/Apr/2026:14:07:39 +0200] "GET /back/games/4/state?joueurId=7 HTTP/1.1" 200 887
0:0:0:0:0:0:0:1 - - [15/Apr/2026:14:07:39 +0200] "GET /front/api/games/4/state?joueurId=7 HTTP/1.1" 200 875
127.0.0.1 - - [15/Apr/2026:14:07:41 +0200] "GET /back/games/4/state?joueurId=8 HTTP/1.1" 200 888
0:0:0:0:0:0:0:1 - - [15/Apr/2026:14:07:41 +0200] "GET /front/api/games/4/state?joueurId=8 HTTP/1.1" 200 876
127.0.0.1 - - [15/Apr/2026:14:07:41 +0200] "GET /back/games/4/state?joueurId=9 HTTP/1.1" 200 891
0:0:0:0:0:0:0:1 - - [15/Apr/2026:14:07:41 +0200] "GET /front/api/games/4/state?joueurId=9 HTTP/1.1" 200 879
127.0.0.1 - - [15/Apr/2026:14:07:42 +0200] "GET /back/games/4/state?joueurId=7 HTTP/1.1" 200 887
0:0:0:0:0:0:0:1 - - [15/Apr/2026:14:07:42 +0200] "GET /front/api/games/4/state?joueurId=7 HTTP/1.1" 200 875
127.0.0.1 - - [15/Apr/2026:14:07:43 +0200] "GET /back/games/4/state?joueurId=8 HTTP/1.1" 200 888
0:0:0:0:0:0:0:1 - - [15/Apr/2026:14:07:43 +0200] "GET /front/api/games/4/state?joueurId=8 HTTP/1.1" 200 876
127.0.0.1 - - [15/Apr/2026:14:07:43 +0200] "GET /back/games/4/state?joueurId=9 HTTP/1.1" 200 891
0:0:0:0:0:0:0:1 - - [15/Apr/2026:14:07:43 +0200] "GET /front/api/games/4/state?joueurId=9 HTTP/1.1" 200 879
127.0.0.1 - - [15/Apr/2026:14:07:43 +0200] "POST /back/games/4/play?joueurId=8&cardId=78 HTTP/1.1" 200 834
0:0:0:0:0:0:0:1 - - [15/Apr/2026:14:07:43 +0200] "POST /front/api/games/4/play?joueurId=8&cardId=78 HTTP/1.1" 200 822
127.0.0.1 - - [15/Apr/2026:14:07:44 +0200] "GET /back/games/4/state?joueurId=7 HTTP/1.1" 200 885
0:0:0:0:0:0:0:1 - - [15/Apr/2026:14:07:44 +0200] "GET /front/api/games/4/state?joueurId=7 HTTP/1.1" 200 873
127.0.0.1 - - [15/Apr/2026:14:07:45 +0200] "GET /back/games/4/state?joueurId=8 HTTP/1.1" 200 834
0:0:0:0:0:0:0:1 - - [15/Apr/2026:14:07:45 +0200] "GET /front/api/games/4/state?joueurId=8 HTTP/1.1" 200 822
127.0.0.1 - - [15/Apr/2026:14:07:45 +0200] "GET /back/games/4/state?joueurId=9 HTTP/1.1" 200 888
0:0:0:0:0:0:0:1 - - [15/Apr/2026:14:07:45 +0200] "GET /front/api/games/4/state?joueurId=9 HTTP/1.1" 200 876
127.0.0.1 - - [15/Apr/2026:14:07:45 +0200] "GET /back/games/4/state?joueurId=7 HTTP/1.1" 200 885
0:0:0:0:0:0:0:1 - - [15/Apr/2026:14:07:45 +0200] "GET /front/api/games/4/state?joueurId=7 HTTP/1.1" 200 873
127.0.0.1 - - [15/Apr/2026:14:07:47 +0200] "GET /back/games/4/state?joueurId=8 HTTP/1.1" 200 834
0:0:0:0:0:0:0:1 - - [15/Apr/2026:14:07:47 +0200] "GET /front/api/games/4/state?joueurId=8 HTTP/1.1" 200 822
127.0.0.1 - - [15/Apr/2026:14:07:47 +0200] "GET /back/games/4/state?joueurId=9 HTTP/1.1" 200 888
0:0:0:0:0:0:0:1 - - [15/Apr/2026:14:07:47 +0200] "GET /front/api/games/4/state?joueurId=9 HTTP/1.1" 200 876
127.0.0.1 - - [15/Apr/2026:14:07:48 +0200] "GET /back/games/4/state?joueurId=7 HTTP/1.1" 200 885
0:0:0:0:0:0:0:1 - - [15/Apr/2026:14:07:48 +0200] "GET /front/api/games/4/state?joueurId=7 HTTP/1.1" 200 873
127.0.0.1 - - [15/Apr/2026:14:07:49 +0200] "GET /back/games/4/state?joueurId=8 HTTP/1.1" 200 834
0:0:0:0:0:0:0:1 - - [15/Apr/2026:14:07:49 +0200] "GET /front/api/games/4/state?joueurId=8 HTTP/1.1" 200 822
127.0.0.1 - - [15/Apr/2026:14:07:49 +0200] "GET /back/games/4/state?joueurId=9 HTTP/1.1" 200 888
0:0:0:0:0:0:0:1 - - [15/Apr/2026:14:07:49 +0200] "GET /front/api/games/4/state?joueurId=9 HTTP/1.1" 200 876
127.0.0.1 - - [15/Apr/2026:14:07:49 +0200] "POST /back/games/4/play?joueurId=9&cardId=88 HTTP/1.1" 200 838
0:0:0:0:0:0:0:1 - - [15/Apr/2026:14:07:49 +0200] "POST /front/api/games/4/play?joueurId=9&cardId=88 HTTP/1.1" 200 826
127.0.0.1 - - [15/Apr/2026:14:07:50 +0200] "GET /back/games/4/state?joueurId=7 HTTP/1.1" 200 886
0:0:0:0:0:0:0:1 - - [15/Apr/2026:14:07:50 +0200] "GET /front/api/games/4/state?joueurId=7 HTTP/1.1" 200 874
127.0.0.1 - - [15/Apr/2026:14:07:51 +0200] "GET /back/games/4/state?joueurId=8 HTTP/1.1" 200 836
0:0:0:0:0:0:0:1 - - [15/Apr/2026:14:07:51 +0200] "GET /front/api/games/4/state?joueurId=8 HTTP/1.1" 200 824
127.0.0.1 - - [15/Apr/2026:14:07:51 +0200] "GET /back/games/4/state?joueurId=9 HTTP/1.1" 200 838
0:0:0:0:0:0:0:1 - - [15/Apr/2026:14:07:51 +0200] "GET /front/api/games/4/state?joueurId=9 HTTP/1.1" 200 826
127.0.0.1 - - [15/Apr/2026:14:07:51 +0200] "GET /back/games/4/state?joueurId=7 HTTP/1.1" 200 886
0:0:0:0:0:0:0:1 - - [15/Apr/2026:14:07:51 +0200] "GET /front/api/games/4/state?joueurId=7 HTTP/1.1" 200 874
127.0.0.1 - - [15/Apr/2026:14:07:53 +0200] "GET /back/games/4/state?joueurId=8 HTTP/1.1" 200 836
0:0:0:0:0:0:0:1 - - [15/Apr/2026:14:07:53 +0200] "GET /front/api/games/4/state?joueurId=8 HTTP/1.1" 200 824
127.0.0.1 - - [15/Apr/2026:14:07:53 +0200] "GET /back/games/4/state?joueurId=9 HTTP/1.1" 200 838
0:0:0:0:0:0:0:1 - - [15/Apr/2026:14:07:53 +0200] "GET /front/api/games/4/state?joueurId=9 HTTP/1.1" 200 826
127.0.0.1 - - [15/Apr/2026:14:07:53 +0200] "POST /back/games/4/play?joueurId=7&cardId=87 HTTP/1.1" 200 834
0:0:0:0:0:0:0:1 - - [15/Apr/2026:14:07:53 +0200] "POST /front/api/games/4/play?joueurId=7&cardId=87 HTTP/1.1" 200 822
127.0.0.1 - - [15/Apr/2026:14:07:53 +0200] "GET /back/games/4/state?joueurId=7 HTTP/1.1" 200 834
0:0:0:0:0:0:0:1 - - [15/Apr/2026:14:07:53 +0200] "GET /front/api/games/4/state?joueurId=7 HTTP/1.1" 200 822
127.0.0.1 - - [15/Apr/2026:14:07:55 +0200] "GET /back/games/4/state?joueurId=8 HTTP/1.1" 200 835
0:0:0:0:0:0:0:1 - - [15/Apr/2026:14:07:55 +0200] "GET /front/api/games/4/state?joueurId=8 HTTP/1.1" 200 823
0:0:0:0:0:0:0:1 - - [15/Apr/2026:14:07:55 +0200] "GET /front/assets/sons/background.mp3 HTTP/1.1" 206 5572814
0:0:0:0:0:0:0:1 - - [15/Apr/2026:14:07:55 +0200] "GET /front/assets/sons/background.mp3 HTTP/1.1" 206 5572814
127.0.0.1 - - [15/Apr/2026:14:07:55 +0200] "GET /back/games/4/state?joueurId=9 HTTP/1.1" 200 838
0:0:0:0:0:0:0:1 - - [15/Apr/2026:14:07:55 +0200] "GET /front/api/games/4/state?joueurId=9 HTTP/1.1" 200 826
127.0.0.1 - - [15/Apr/2026:14:07:55 +0200] "GET /back/games/4/state?joueurId=7 HTTP/1.1" 200 834
0:0:0:0:0:0:0:1 - - [15/Apr/2026:14:07:55 +0200] "GET /front/api/games/4/state?joueurId=7 HTTP/1.1" 200 822
127.0.0.1 - - [15/Apr/2026:14:07:57 +0200] "GET /back/games/4/state?joueurId=8 HTTP/1.1" 200 835
0:0:0:0:0:0:0:1 - - [15/Apr/2026:14:07:57 +0200] "GET /front/api/games/4/state?joueurId=8 HTTP/1.1" 200 823
127.0.0.1 - - [15/Apr/2026:14:07:57 +0200] "GET /back/games/4/state?joueurId=9 HTTP/1.1" 200 838
0:0:0:0:0:0:0:1 - - [15/Apr/2026:14:07:57 +0200] "GET /front/api/games/4/state?joueurId=9 HTTP/1.1" 200 826
127.0.0.1 - - [15/Apr/2026:14:07:57 +0200] "GET /back/games/4/state?joueurId=7 HTTP/1.1" 200 834
0:0:0:0:0:0:0:1 - - [15/Apr/2026:14:07:57 +0200] "GET /front/api/games/4/state?joueurId=7 HTTP/1.1" 200 822
127.0.0.1 - - [15/Apr/2026:14:07:58 +0200] "POST /back/games/4/draw?joueurId=8 HTTP/1.1" 200 895
0:0:0:0:0:0:0:1 - - [15/Apr/2026:14:07:58 +0200] "POST /front/api/games/4/draw?joueurId=8 HTTP/1.1" 200 883
127.0.0.1 - - [15/Apr/2026:14:07:59 +0200] "GET /back/games/4/state?joueurId=8 HTTP/1.1" 200 895
0:0:0:0:0:0:0:1 - - [15/Apr/2026:14:07:59 +0200] "GET /front/api/games/4/state?joueurId=8 HTTP/1.1" 200 883
127.0.0.1 - - [15/Apr/2026:14:07:59 +0200] "GET /back/games/4/state?joueurId=9 HTTP/1.1" 200 835
0:0:0:0:0:0:0:1 - - [15/Apr/2026:14:07:59 +0200] "GET /front/api/games/4/state?joueurId=9 HTTP/1.1" 200 823
127.0.0.1 - - [15/Apr/2026:14:07:59 +0200] "GET /back/games/4/state?joueurId=7 HTTP/1.1" 200 832
0:0:0:0:0:0:0:1 - - [15/Apr/2026:14:07:59 +0200] "GET /front/api/games/4/state?joueurId=7 HTTP/1.1" 200 820
127.0.0.1 - - [15/Apr/2026:14:08:01 +0200] "GET /back/games/4/state?joueurId=8 HTTP/1.1" 200 895
0:0:0:0:0:0:0:1 - - [15/Apr/2026:14:08:01 +0200] "GET /front/api/games/4/state?joueurId=8 HTTP/1.1" 200 883
127.0.0.1 - - [15/Apr/2026:14:08:01 +0200] "GET /back/games/4/state?joueurId=9 HTTP/1.1" 200 835
0:0:0:0:0:0:0:1 - - [15/Apr/2026:14:08:01 +0200] "GET /front/api/games/4/state?joueurId=9 HTTP/1.1" 200 823
127.0.0.1 - - [15/Apr/2026:14:08:01 +0200] "GET /back/games/4/state?joueurId=7 HTTP/1.1" 200 832
0:0:0:0:0:0:0:1 - - [15/Apr/2026:14:08:01 +0200] "GET /front/api/games/4/state?joueurId=7 HTTP/1.1" 200 820
127.0.0.1 - - [15/Apr/2026:14:08:03 +0200] "GET /back/games/4/state?joueurId=8 HTTP/1.1" 200 895
0:0:0:0:0:0:0:1 - - [15/Apr/2026:14:08:03 +0200] "GET /front/api/games/4/state?joueurId=8 HTTP/1.1" 200 883
127.0.0.1 - - [15/Apr/2026:14:08:03 +0200] "GET /back/games/4/state?joueurId=9 HTTP/1.1" 200 835
0:0:0:0:0:0:0:1 - - [15/Apr/2026:14:08:03 +0200] "GET /front/api/games/4/state?joueurId=9 HTTP/1.1" 200 823
127.0.0.1 - - [15/Apr/2026:14:08:03 +0200] "GET /back/games/4/state?joueurId=7 HTTP/1.1" 200 832
0:0:0:0:0:0:0:1 - - [15/Apr/2026:14:08:03 +0200] "GET /front/api/games/4/state?joueurId=7 HTTP/1.1" 200 820
127.0.0.1 - - [15/Apr/2026:14:08:05 +0200] "GET /back/games/4/state?joueurId=8 HTTP/1.1" 200 895
0:0:0:0:0:0:0:1 - - [15/Apr/2026:14:08:05 +0200] "GET /front/api/games/4/state?joueurId=8 HTTP/1.1" 200 883
127.0.0.1 - - [15/Apr/2026:14:08:05 +0200] "GET /back/games/4/state?joueurId=9 HTTP/1.1" 200 835
0:0:0:0:0:0:0:1 - - [15/Apr/2026:14:08:05 +0200] "GET /front/api/games/4/state?joueurId=9 HTTP/1.1" 200 823
127.0.0.1 - - [15/Apr/2026:14:08:05 +0200] "GET /back/games/4/state?joueurId=7 HTTP/1.1" 200 832
0:0:0:0:0:0:0:1 - - [15/Apr/2026:14:08:05 +0200] "GET /front/api/games/4/state?joueurId=7 HTTP/1.1" 200 820
127.0.0.1 - - [15/Apr/2026:14:08:07 +0200] "GET /back/games/4/state?joueurId=8 HTTP/1.1" 200 895
0:0:0:0:0:0:0:1 - - [15/Apr/2026:14:08:07 +0200] "GET /front/api/games/4/state?joueurId=8 HTTP/1.1" 200 883
127.0.0.1 - - [15/Apr/2026:14:08:07 +0200] "GET /back/games/4/state?joueurId=9 HTTP/1.1" 200 835
0:0:0:0:0:0:0:1 - - [15/Apr/2026:14:08:07 +0200] "GET /front/api/games/4/state?joueurId=9 HTTP/1.1" 200 823
127.0.0.1 - - [15/Apr/2026:14:08:07 +0200] "GET /back/games/4/state?joueurId=7 HTTP/1.1" 200 832
0:0:0:0:0:0:0:1 - - [15/Apr/2026:14:08:07 +0200] "GET /front/api/games/4/state?joueurId=7 HTTP/1.1" 200 820
127.0.0.1 - - [15/Apr/2026:14:08:09 +0200] "GET /back/games/4/state?joueurId=8 HTTP/1.1" 200 895
0:0:0:0:0:0:0:1 - - [15/Apr/2026:14:08:09 +0200] "GET /front/api/games/4/state?joueurId=8 HTTP/1.1" 200 883
127.0.0.1 - - [15/Apr/2026:14:08:09 +0200] "GET /back/games/4/state?joueurId=9 HTTP/1.1" 200 835
0:0:0:0:0:0:0:1 - - [15/Apr/2026:14:08:09 +0200] "GET /front/api/games/4/state?joueurId=9 HTTP/1.1" 200 823
127.0.0.1 - - [15/Apr/2026:14:08:09 +0200] "GET /back/games/4/state?joueurId=7 HTTP/1.1" 200 832
0:0:0:0:0:0:0:1 - - [15/Apr/2026:14:08:09 +0200] "GET /front/api/games/4/state?joueurId=7 HTTP/1.1" 200 820
127.0.0.1 - - [15/Apr/2026:14:08:11 +0200] "GET /back/games/4/state?joueurId=8 HTTP/1.1" 200 895
0:0:0:0:0:0:0:1 - - [15/Apr/2026:14:08:11 +0200] "GET /front/api/games/4/state?joueurId=8 HTTP/1.1" 200 883
127.0.0.1 - - [15/Apr/2026:14:08:11 +0200] "GET /back/games/4/state?joueurId=9 HTTP/1.1" 200 835
0:0:0:0:0:0:0:1 - - [15/Apr/2026:14:08:11 +0200] "GET /front/api/games/4/state?joueurId=9 HTTP/1.1" 200 823
127.0.0.1 - - [15/Apr/2026:14:08:11 +0200] "GET /back/games/4/state?joueurId=7 HTTP/1.1" 200 832
0:0:0:0:0:0:0:1 - - [15/Apr/2026:14:08:11 +0200] "GET /front/api/games/4/state?joueurId=7 HTTP/1.1" 200 820
127.0.0.1 - - [15/Apr/2026:14:08:13 +0200] "GET /back/games/4/state?joueurId=8 HTTP/1.1" 200 895
0:0:0:0:0:0:0:1 - - [15/Apr/2026:14:08:13 +0200] "GET /front/api/games/4/state?joueurId=8 HTTP/1.1" 200 883
127.0.0.1 - - [15/Apr/2026:14:08:13 +0200] "GET /back/games/4/state?joueurId=9 HTTP/1.1" 200 835
0:0:0:0:0:0:0:1 - - [15/Apr/2026:14:08:13 +0200] "GET /front/api/games/4/state?joueurId=9 HTTP/1.1" 200 823
127.0.0.1 - - [15/Apr/2026:14:08:13 +0200] "GET /back/games/4/state?joueurId=7 HTTP/1.1" 200 832
0:0:0:0:0:0:0:1 - - [15/Apr/2026:14:08:13 +0200] "GET /front/api/games/4/state?joueurId=7 HTTP/1.1" 200 820
127.0.0.1 - - [15/Apr/2026:14:08:15 +0200] "GET /back/games/4/state?joueurId=8 HTTP/1.1" 200 895
0:0:0:0:0:0:0:1 - - [15/Apr/2026:14:08:15 +0200] "GET /front/api/games/4/state?joueurId=8 HTTP/1.1" 200 883
127.0.0.1 - - [15/Apr/2026:14:08:15 +0200] "GET /back/games/4/state?joueurId=9 HTTP/1.1" 200 835
0:0:0:0:0:0:0:1 - - [15/Apr/2026:14:08:15 +0200] "GET /front/api/games/4/state?joueurId=9 HTTP/1.1" 200 823
127.0.0.1 - - [15/Apr/2026:14:08:15 +0200] "GET /back/games/4/state?joueurId=7 HTTP/1.1" 200 832
0:0:0:0:0:0:0:1 - - [15/Apr/2026:14:08:15 +0200] "GET /front/api/games/4/state?joueurId=7 HTTP/1.1" 200 820
127.0.0.1 - - [15/Apr/2026:14:08:17 +0200] "GET /back/games/4/state?joueurId=8 HTTP/1.1" 200 895
0:0:0:0:0:0:0:1 - - [15/Apr/2026:14:08:17 +0200] "GET /front/api/games/4/state?joueurId=8 HTTP/1.1" 200 883
127.0.0.1 - - [15/Apr/2026:14:08:17 +0200] "GET /back/games/4/state?joueurId=9 HTTP/1.1" 200 835
0:0:0:0:0:0:0:1 - - [15/Apr/2026:14:08:17 +0200] "GET /front/api/games/4/state?joueurId=9 HTTP/1.1" 200 823
127.0.0.1 - - [15/Apr/2026:14:08:17 +0200] "GET /back/games/4/state?joueurId=7 HTTP/1.1" 200 832
0:0:0:0:0:0:0:1 - - [15/Apr/2026:14:08:17 +0200] "GET /front/api/games/4/state?joueurId=7 HTTP/1.1" 200 820
127.0.0.1 - - [15/Apr/2026:14:08:19 +0200] "GET /back/games/4/state?joueurId=8 HTTP/1.1" 200 895
0:0:0:0:0:0:0:1 - - [15/Apr/2026:14:08:19 +0200] "GET /front/api/games/4/state?joueurId=8 HTTP/1.1" 200 883
127.0.0.1 - - [15/Apr/2026:14:08:19 +0200] "GET /back/games/4/state?joueurId=9 HTTP/1.1" 200 835
0:0:0:0:0:0:0:1 - - [15/Apr/2026:14:08:19 +0200] "GET /front/api/games/4/state?joueurId=9 HTTP/1.1" 200 823
127.0.0.1 - - [15/Apr/2026:14:08:19 +0200] "GET /back/games/4/state?joueurId=7 HTTP/1.1" 200 832
0:0:0:0:0:0:0:1 - - [15/Apr/2026:14:08:19 +0200] "GET /front/api/games/4/state?joueurId=7 HTTP/1.1" 200 820
127.0.0.1 - - [15/Apr/2026:14:08:21 +0200] "GET /back/games/4/state?joueurId=8 HTTP/1.1" 200 895
0:0:0:0:0:0:0:1 - - [15/Apr/2026:14:08:21 +0200] "GET /front/api/games/4/state?joueurId=8 HTTP/1.1" 200 883
127.0.0.1 - - [15/Apr/2026:14:08:21 +0200] "GET /back/games/4/state?joueurId=9 HTTP/1.1" 200 835
0:0:0:0:0:0:0:1 - - [15/Apr/2026:14:08:21 +0200] "GET /front/api/games/4/state?joueurId=9 HTTP/1.1" 200 823
127.0.0.1 - - [15/Apr/2026:14:08:21 +0200] "GET /back/games/4/state?joueurId=7 HTTP/1.1" 200 832
0:0:0:0:0:0:0:1 - - [15/Apr/2026:14:08:21 +0200] "GET /front/api/games/4/state?joueurId=7 HTTP/1.1" 200 820
127.0.0.1 - - [15/Apr/2026:14:08:23 +0200] "GET /back/games/4/state?joueurId=8 HTTP/1.1" 200 895
0:0:0:0:0:0:0:1 - - [15/Apr/2026:14:08:23 +0200] "GET /front/api/games/4/state?joueurId=8 HTTP/1.1" 200 883
127.0.0.1 - - [15/Apr/2026:14:08:23 +0200] "GET /back/games/4/state?joueurId=9 HTTP/1.1" 200 835
0:0:0:0:0:0:0:1 - - [15/Apr/2026:14:08:23 +0200] "GET /front/api/games/4/state?joueurId=9 HTTP/1.1" 200 823
127.0.0.1 - - [15/Apr/2026:14:08:23 +0200] "GET /back/games/4/state?joueurId=7 HTTP/1.1" 200 832
0:0:0:0:0:0:0:1 - - [15/Apr/2026:14:08:23 +0200] "GET /front/api/games/4/state?joueurId=7 HTTP/1.1" 200 820
127.0.0.1 - - [15/Apr/2026:14:08:25 +0200] "GET /back/games/4/state?joueurId=8 HTTP/1.1" 200 895
0:0:0:0:0:0:0:1 - - [15/Apr/2026:14:08:25 +0200] "GET /front/api/games/4/state?joueurId=8 HTTP/1.1" 200 883
127.0.0.1 - - [15/Apr/2026:14:08:25 +0200] "GET /back/games/4/state?joueurId=9 HTTP/1.1" 200 835
0:0:0:0:0:0:0:1 - - [15/Apr/2026:14:08:25 +0200] "GET /front/api/games/4/state?joueurId=9 HTTP/1.1" 200 823
127.0.0.1 - - [15/Apr/2026:14:08:25 +0200] "GET /back/games/4/state?joueurId=7 HTTP/1.1" 200 832
0:0:0:0:0:0:0:1 - - [15/Apr/2026:14:08:25 +0200] "GET /front/api/games/4/state?joueurId=7 HTTP/1.1" 200 820
127.0.0.1 - - [15/Apr/2026:14:08:27 +0200] "GET /back/games/4/state?joueurId=8 HTTP/1.1" 200 895
0:0:0:0:0:0:0:1 - - [15/Apr/2026:14:08:27 +0200] "GET /front/api/games/4/state?joueurId=8 HTTP/1.1" 200 883
127.0.0.1 - - [15/Apr/2026:14:08:27 +0200] "GET /back/games/4/state?joueurId=9 HTTP/1.1" 200 835
0:0:0:0:0:0:0:1 - - [15/Apr/2026:14:08:27 +0200] "GET /front/api/games/4/state?joueurId=9 HTTP/1.1" 200 823
127.0.0.1 - - [15/Apr/2026:14:08:27 +0200] "GET /back/games/4/state?joueurId=7 HTTP/1.1" 200 832
0:0:0:0:0:0:0:1 - - [15/Apr/2026:14:08:27 +0200] "GET /front/api/games/4/state?joueurId=7 HTTP/1.1" 200 820
127.0.0.1 - - [15/Apr/2026:14:08:28 +0200] "POST /back/games/4/play?joueurId=9&cardId=79 HTTP/1.1" 200 785
0:0:0:0:0:0:0:1 - - [15/Apr/2026:14:08:28 +0200] "POST /front/api/games/4/play?joueurId=9&cardId=79 HTTP/1.1" 200 773
127.0.0.1 - - [15/Apr/2026:14:08:29 +0200] "GET /back/games/4/state?joueurId=8 HTTP/1.1" 200 897
0:0:0:0:0:0:0:1 - - [15/Apr/2026:14:08:29 +0200] "GET /front/api/games/4/state?joueurId=8 HTTP/1.1" 200 885
127.0.0.1 - - [15/Apr/2026:14:08:29 +0200] "GET /back/games/4/state?joueurId=9 HTTP/1.1" 200 785
0:0:0:0:0:0:0:1 - - [15/Apr/2026:14:08:29 +0200] "GET /front/api/games/4/state?joueurId=9 HTTP/1.1" 200 773
127.0.0.1 - - [15/Apr/2026:14:08:29 +0200] "GET /back/games/4/state?joueurId=7 HTTP/1.1" 200 833
0:0:0:0:0:0:0:1 - - [15/Apr/2026:14:08:29 +0200] "GET /front/api/games/4/state?joueurId=7 HTTP/1.1" 200 821
127.0.0.1 - - [15/Apr/2026:14:08:31 +0200] "POST /back/games/4/play?joueurId=7&cardId=96 HTTP/1.1" 200 779
0:0:0:0:0:0:0:1 - - [15/Apr/2026:14:08:31 +0200] "POST /front/api/games/4/play?joueurId=7&cardId=96 HTTP/1.1" 200 767
127.0.0.1 - - [15/Apr/2026:14:08:31 +0200] "GET /back/games/4/state?joueurId=8 HTTP/1.1" 200 894
0:0:0:0:0:0:0:1 - - [15/Apr/2026:14:08:31 +0200] "GET /front/api/games/4/state?joueurId=8 HTTP/1.1" 200 882
127.0.0.1 - - [15/Apr/2026:14:08:31 +0200] "GET /back/games/4/state?joueurId=9 HTTP/1.1" 200 781
0:0:0:0:0:0:0:1 - - [15/Apr/2026:14:08:31 +0200] "GET /front/api/games/4/state?joueurId=9 HTTP/1.1" 200 769
127.0.0.1 - - [15/Apr/2026:14:08:31 +0200] "GET /back/games/4/state?joueurId=7 HTTP/1.1" 200 779
0:0:0:0:0:0:0:1 - - [15/Apr/2026:14:08:31 +0200] "GET /front/api/games/4/state?joueurId=7 HTTP/1.1" 200 767
127.0.0.1 - - [15/Apr/2026:14:08:33 +0200] "GET /back/games/4/state?joueurId=8 HTTP/1.1" 200 894
0:0:0:0:0:0:0:1 - - [15/Apr/2026:14:08:33 +0200] "GET /front/api/games/4/state?joueurId=8 HTTP/1.1" 200 882
127.0.0.1 - - [15/Apr/2026:14:08:33 +0200] "GET /back/games/4/state?joueurId=9 HTTP/1.1" 200 781
0:0:0:0:0:0:0:1 - - [15/Apr/2026:14:08:33 +0200] "GET /front/api/games/4/state?joueurId=9 HTTP/1.1" 200 769
127.0.0.1 - - [15/Apr/2026:14:08:33 +0200] "GET /back/games/4/state?joueurId=7 HTTP/1.1" 200 779
0:0:0:0:0:0:0:1 - - [15/Apr/2026:14:08:33 +0200] "GET /front/api/games/4/state?joueurId=7 HTTP/1.1" 200 767
127.0.0.1 - - [15/Apr/2026:14:08:33 +0200] "POST /back/games/4/play?joueurId=9&cardId=95 HTTP/1.1" 200 732
0:0:0:0:0:0:0:1 - - [15/Apr/2026:14:08:33 +0200] "POST /front/api/games/4/play?joueurId=9&cardId=95 HTTP/1.1" 200 720
127.0.0.1 - - [15/Apr/2026:14:08:35 +0200] "GET /back/games/4/state?joueurId=8 HTTP/1.1" 200 895
0:0:0:0:0:0:0:1 - - [15/Apr/2026:14:08:35 +0200] "GET /front/api/games/4/state?joueurId=8 HTTP/1.1" 200 883
127.0.0.1 - - [15/Apr/2026:14:08:35 +0200] "GET /back/games/4/state?joueurId=9 HTTP/1.1" 200 732
0:0:0:0:0:0:0:1 - - [15/Apr/2026:14:08:35 +0200] "GET /front/api/games/4/state?joueurId=9 HTTP/1.1" 200 720
127.0.0.1 - - [15/Apr/2026:14:08:35 +0200] "GET /back/games/4/state?joueurId=7 HTTP/1.1" 200 781
0:0:0:0:0:0:0:1 - - [15/Apr/2026:14:08:35 +0200] "GET /front/api/games/4/state?joueurId=7 HTTP/1.1" 200 769
127.0.0.1 - - [15/Apr/2026:14:08:37 +0200] "GET /back/games/4/state?joueurId=8 HTTP/1.1" 200 895
0:0:0:0:0:0:0:1 - - [15/Apr/2026:14:08:37 +0200] "GET /front/api/games/4/state?joueurId=8 HTTP/1.1" 200 883
127.0.0.1 - - [15/Apr/2026:14:08:37 +0200] "GET /back/games/4/state?joueurId=9 HTTP/1.1" 200 732
0:0:0:0:0:0:0:1 - - [15/Apr/2026:14:08:37 +0200] "GET /front/api/games/4/state?joueurId=9 HTTP/1.1" 200 720
127.0.0.1 - - [15/Apr/2026:14:08:37 +0200] "POST /back/games/4/play?joueurId=8&cardId=106&chosenColor=BLUE HTTP/1.1" 200 842
0:0:0:0:0:0:0:1 - - [15/Apr/2026:14:08:37 +0200] "POST /front/api/games/4/play?joueurId=8&cardId=106&chosenColor=BLUE HTTP/1.1" 200 830
127.0.0.1 - - [15/Apr/2026:14:08:37 +0200] "GET /back/games/4/state?joueurId=7 HTTP/1.1" 200 787
0:0:0:0:0:0:0:1 - - [15/Apr/2026:14:08:37 +0200] "GET /front/api/games/4/state?joueurId=7 HTTP/1.1" 200 775
127.0.0.1 - - [15/Apr/2026:14:08:39 +0200] "GET /back/games/4/state?joueurId=8 HTTP/1.1" 200 842
0:0:0:0:0:0:0:1 - - [15/Apr/2026:14:08:39 +0200] "GET /front/api/games/4/state?joueurId=8 HTTP/1.1" 200 830
127.0.0.1 - - [15/Apr/2026:14:08:39 +0200] "GET /back/games/4/state?joueurId=9 HTTP/1.1" 200 948
0:0:0:0:0:0:0:1 - - [15/Apr/2026:14:08:39 +0200] "GET /front/api/games/4/state?joueurId=9 HTTP/1.1" 200 936
127.0.0.1 - - [15/Apr/2026:14:08:39 +0200] "GET /back/games/4/state?joueurId=7 HTTP/1.1" 200 787
0:0:0:0:0:0:0:1 - - [15/Apr/2026:14:08:39 +0200] "GET /front/api/games/4/state?joueurId=7 HTTP/1.1" 200 775
127.0.0.1 - - [15/Apr/2026:14:08:41 +0200] "GET /back/games/4/state?joueurId=8 HTTP/1.1" 200 842
0:0:0:0:0:0:0:1 - - [15/Apr/2026:14:08:41 +0200] "GET /front/api/games/4/state?joueurId=8 HTTP/1.1" 200 830
127.0.0.1 - - [15/Apr/2026:14:08:41 +0200] "GET /back/games/4/state?joueurId=9 HTTP/1.1" 200 948
0:0:0:0:0:0:0:1 - - [15/Apr/2026:14:08:41 +0200] "GET /front/api/games/4/state?joueurId=9 HTTP/1.1" 200 936
127.0.0.1 - - [15/Apr/2026:14:08:41 +0200] "GET /back/games/4/state?joueurId=7 HTTP/1.1" 200 787
0:0:0:0:0:0:0:1 - - [15/Apr/2026:14:08:41 +0200] "GET /front/api/games/4/state?joueurId=7 HTTP/1.1" 200 775
127.0.0.1 - - [15/Apr/2026:14:08:43 +0200] "GET /back/games/4/state?joueurId=8 HTTP/1.1" 200 842
0:0:0:0:0:0:0:1 - - [15/Apr/2026:14:08:43 +0200] "GET /front/api/games/4/state?joueurId=8 HTTP/1.1" 200 830
127.0.0.1 - - [15/Apr/2026:14:08:43 +0200] "GET /back/games/4/state?joueurId=9 HTTP/1.1" 200 948
0:0:0:0:0:0:0:1 - - [15/Apr/2026:14:08:43 +0200] "GET /front/api/games/4/state?joueurId=9 HTTP/1.1" 200 936
127.0.0.1 - - [15/Apr/2026:14:08:43 +0200] "GET /back/games/4/state?joueurId=7 HTTP/1.1" 200 787
0:0:0:0:0:0:0:1 - - [15/Apr/2026:14:08:43 +0200] "GET /front/api/games/4/state?joueurId=7 HTTP/1.1" 200 775
127.0.0.1 - - [15/Apr/2026:14:08:45 +0200] "GET /back/games/4/state?joueurId=8 HTTP/1.1" 200 842
0:0:0:0:0:0:0:1 - - [15/Apr/2026:14:08:45 +0200] "GET /front/api/games/4/state?joueurId=8 HTTP/1.1" 200 830
127.0.0.1 - - [15/Apr/2026:14:08:45 +0200] "GET /back/games/4/state?joueurId=9 HTTP/1.1" 200 948
0:0:0:0:0:0:0:1 - - [15/Apr/2026:14:08:45 +0200] "GET /front/api/games/4/state?joueurId=9 HTTP/1.1" 200 936
127.0.0.1 - - [15/Apr/2026:14:08:45 +0200] "GET /back/games/4/state?joueurId=7 HTTP/1.1" 200 787
0:0:0:0:0:0:0:1 - - [15/Apr/2026:14:08:45 +0200] "GET /front/api/games/4/state?joueurId=7 HTTP/1.1" 200 775
127.0.0.1 - - [15/Apr/2026:14:08:47 +0200] "GET /back/games/4/state?joueurId=8 HTTP/1.1" 200 842
0:0:0:0:0:0:0:1 - - [15/Apr/2026:14:08:47 +0200] "GET /front/api/games/4/state?joueurId=8 HTTP/1.1" 200 830
127.0.0.1 - - [15/Apr/2026:14:08:47 +0200] "GET /back/games/4/state?joueurId=9 HTTP/1.1" 200 948
0:0:0:0:0:0:0:1 - - [15/Apr/2026:14:08:47 +0200] "GET /front/api/games/4/state?joueurId=9 HTTP/1.1" 200 936
127.0.0.1 - - [15/Apr/2026:14:08:47 +0200] "GET /back/games/4/state?joueurId=7 HTTP/1.1" 200 787
0:0:0:0:0:0:0:1 - - [15/Apr/2026:14:08:47 +0200] "GET /front/api/games/4/state?joueurId=7 HTTP/1.1" 200 775
127.0.0.1 - - [15/Apr/2026:14:08:49 +0200] "GET /back/games/4/state?joueurId=8 HTTP/1.1" 200 842
0:0:0:0:0:0:0:1 - - [15/Apr/2026:14:08:49 +0200] "GET /front/api/games/4/state?joueurId=8 HTTP/1.1" 200 830
127.0.0.1 - - [15/Apr/2026:14:08:49 +0200] "GET /back/games/4/state?joueurId=9 HTTP/1.1" 200 948
0:0:0:0:0:0:0:1 - - [15/Apr/2026:14:08:49 +0200] "GET /front/api/games/4/state?joueurId=9 HTTP/1.1" 200 936
127.0.0.1 - - [15/Apr/2026:14:08:49 +0200] "GET /back/games/4/state?joueurId=7 HTTP/1.1" 200 787
0:0:0:0:0:0:0:1 - - [15/Apr/2026:14:08:49 +0200] "GET /front/api/games/4/state?joueurId=7 HTTP/1.1" 200 775
127.0.0.1 - - [15/Apr/2026:14:08:51 +0200] "GET /back/games/4/state?joueurId=8 HTTP/1.1" 200 842
0:0:0:0:0:0:0:1 - - [15/Apr/2026:14:08:51 +0200] "GET /front/api/games/4/state?joueurId=8 HTTP/1.1" 200 830
127.0.0.1 - - [15/Apr/2026:14:08:51 +0200] "GET /back/games/4/state?joueurId=9 HTTP/1.1" 200 948
0:0:0:0:0:0:0:1 - - [15/Apr/2026:14:08:51 +0200] "GET /front/api/games/4/state?joueurId=9 HTTP/1.1" 200 936
127.0.0.1 - - [15/Apr/2026:14:08:51 +0200] "GET /back/games/4/state?joueurId=7 HTTP/1.1" 200 787
0:0:0:0:0:0:0:1 - - [15/Apr/2026:14:08:51 +0200] "GET /front/api/games/4/state?joueurId=7 HTTP/1.1" 200 775
127.0.0.1 - - [15/Apr/2026:14:08:53 +0200] "GET /back/games/4/state?joueurId=8 HTTP/1.1" 200 842
0:0:0:0:0:0:0:1 - - [15/Apr/2026:14:08:53 +0200] "GET /front/api/games/4/state?joueurId=8 HTTP/1.1" 200 830
127.0.0.1 - - [15/Apr/2026:14:08:53 +0200] "GET /back/games/4/state?joueurId=9 HTTP/1.1" 200 948
0:0:0:0:0:0:0:1 - - [15/Apr/2026:14:08:53 +0200] "GET /front/api/games/4/state?joueurId=9 HTTP/1.1" 200 936
127.0.0.1 - - [15/Apr/2026:14:08:53 +0200] "GET /back/games/4/state?joueurId=7 HTTP/1.1" 200 787
0:0:0:0:0:0:0:1 - - [15/Apr/2026:14:08:53 +0200] "GET /front/api/games/4/state?joueurId=7 HTTP/1.1" 200 775
127.0.0.1 - - [15/Apr/2026:14:08:55 +0200] "GET /back/games/4/state?joueurId=8 HTTP/1.1" 200 842
0:0:0:0:0:0:0:1 - - [15/Apr/2026:14:08:55 +0200] "GET /front/api/games/4/state?joueurId=8 HTTP/1.1" 200 830
127.0.0.1 - - [15/Apr/2026:14:08:55 +0200] "GET /back/games/4/state?joueurId=9 HTTP/1.1" 200 948
0:0:0:0:0:0:0:1 - - [15/Apr/2026:14:08:55 +0200] "GET /front/api/games/4/state?joueurId=9 HTTP/1.1" 200 936
127.0.0.1 - - [15/Apr/2026:14:08:55 +0200] "GET /back/games/4/state?joueurId=7 HTTP/1.1" 200 787
0:0:0:0:0:0:0:1 - - [15/Apr/2026:14:08:55 +0200] "GET /front/api/games/4/state?joueurId=7 HTTP/1.1" 200 775
127.0.0.1 - - [15/Apr/2026:14:08:57 +0200] "GET /back/games/4/state?joueurId=8 HTTP/1.1" 200 842
0:0:0:0:0:0:0:1 - - [15/Apr/2026:14:08:57 +0200] "GET /front/api/games/4/state?joueurId=8 HTTP/1.1" 200 830
127.0.0.1 - - [15/Apr/2026:14:08:57 +0200] "GET /back/games/4/state?joueurId=9 HTTP/1.1" 200 948
0:0:0:0:0:0:0:1 - - [15/Apr/2026:14:08:57 +0200] "GET /front/api/games/4/state?joueurId=9 HTTP/1.1" 200 936
