0:0:0:0:0:0:0:1 - - [14/Apr/2026:15:34:12 +0200] "GET /front HTTP/1.1" 302 -
0:0:0:0:0:0:0:1 - - [14/Apr/2026:15:34:12 +0200] "GET /front/ HTTP/1.1" 200 5009
0:0:0:0:0:0:0:1 - - [14/Apr/2026:15:34:12 +0200] "GET /front/styles.css HTTP/1.1" 200 6556
0:0:0:0:0:0:0:1 - - [14/Apr/2026:15:34:12 +0200] "GET /front/assets/images/Deck.png HTTP/1.1" 200 19276
0:0:0:0:0:0:0:1 - - [14/Apr/2026:15:34:12 +0200] "GET /front/assets/images/Red_Skip.png HTTP/1.1" 200 26495
0:0:0:0:0:0:0:1 - - [14/Apr/2026:15:34:12 +0200] "GET /front/script.js HTTP/1.1" 200 20414
0:0:0:0:0:0:0:1 - - [14/Apr/2026:15:34:12 +0200] "GET /front/assets/images/Wild_Draw.png HTTP/1.1" 200 25475
0:0:0:0:0:0:0:1 - - [14/Apr/2026:15:34:12 +0200] "GET /front/assets/sons/background.mp3 HTTP/1.1" 206 5572814
0:0:0:0:0:0:0:1 - - [14/Apr/2026:15:34:17 +0200] "POST /back/joueurs HTTP/1.1" 201 37
0:0:0:0:0:0:0:1 - - [14/Apr/2026:15:34:23 +0200] "POST /back/games HTTP/1.1" 201 151
0:0:0:0:0:0:0:1 - - [14/Apr/2026:15:34:24 +0200] "GET /back/games/1 HTTP/1.1" 200 148
0:0:0:0:0:0:0:1 - - [14/Apr/2026:15:34:26 +0200] "GET /back/games/1 HTTP/1.1" 200 148
0:0:0:0:0:0:0:1 - - [14/Apr/2026:15:34:29 +0200] "GET /back/joueurs HTTP/1.1" 200 39
0:0:0:0:0:0:0:1 - - [14/Apr/2026:15:38:44 +0200] "GET /front HTTP/1.1" 302 -
0:0:0:0:0:0:0:1 - - [14/Apr/2026:15:38:44 +0200] "GET /front/ HTTP/1.1" 304 -
0:0:0:0:0:0:0:1 - - [14/Apr/2026:15:38:44 +0200] "GET /front/styles.css HTTP/1.1" 304 -
0:0:0:0:0:0:0:1 - - [14/Apr/2026:15:38:44 +0200] "GET /front/assets/images/Red_Skip.png HTTP/1.1" 304 -
0:0:0:0:0:0:0:1 - - [14/Apr/2026:15:38:44 +0200] "GET /front/assets/images/Deck.png HTTP/1.1" 304 -
0:0:0:0:0:0:0:1 - - [14/Apr/2026:15:38:44 +0200] "GET /front/assets/sons/background.mp3 HTTP/1.1" 206 5572814
0:0:0:0:0:0:0:1 - - [14/Apr/2026:15:38:44 +0200] "GET /front/script.js HTTP/1.1" 304 -
0:0:0:0:0:0:0:1 - - [14/Apr/2026:15:38:44 +0200] "GET /front/assets/images/Wild_Draw.png HTTP/1.1" 304 -
0:0:0:0:0:0:0:1 - - [14/Apr/2026:15:38:48 +0200] "GET /front/assets/sons/background.mp3 HTTP/1.1" 206 5572814
0:0:0:0:0:0:0:1 - - [14/Apr/2026:15:38:49 +0200] "GET /front/assets/sons/background.mp3 HTTP/1.1" 206 5572814
0:0:0:0:0:0:0:1 - - [14/Apr/2026:15:38:54 +0200] "POST /back/joueurs HTTP/1.1" 201 35
0:0:0:0:0:0:0:1 - - [14/Apr/2026:15:38:58 +0200] "POST /back/joueurs HTTP/1.1" 201 35
0:0:0:0:0:0:0:1 - - [14/Apr/2026:15:39:03 +0200] "POST /back/joueurs HTTP/1.1" 201 36
0:0:0:0:0:0:0:1 - - [14/Apr/2026:15:39:07 +0200] "POST /back/games HTTP/1.1" 201 150
0:0:0:0:0:0:0:1 - - [14/Apr/2026:15:39:07 +0200] "GET /back/games/2 HTTP/1.1" 200 147
0:0:0:0:0:0:0:1 - - [14/Apr/2026:15:39:09 +0200] "GET /back/games/2 HTTP/1.1" 200 147
0:0:0:0:0:0:0:1 - - [14/Apr/2026:15:39:11 +0200] "GET /back/games/2 HTTP/1.1" 200 147
0:0:0:0:0:0:0:1 - - [14/Apr/2026:15:39:12 +0200] "GET /back/games HTTP/1.1" 200 288
0:0:0:0:0:0:0:1 - - [14/Apr/2026:15:39:13 +0200] "GET /back/games/2 HTTP/1.1" 200 147
0:0:0:0:0:0:0:1 - - [14/Apr/2026:15:39:15 +0200] "GET /back/games/2 HTTP/1.1" 200 147
0:0:0:0:0:0:0:1 - - [14/Apr/2026:15:39:17 +0200] "POST /back/games/2/join?joueurId=3 HTTP/1.1" 201 70
0:0:0:0:0:0:0:1 - - [14/Apr/2026:15:39:17 +0200] "GET /back/games/2 HTTP/1.1" 200 154
0:0:0:0:0:0:0:1 - - [14/Apr/2026:15:39:17 +0200] "GET /back/games/2 HTTP/1.1" 200 154
0:0:0:0:0:0:0:1 - - [14/Apr/2026:15:39:19 +0200] "GET /back/games/2 HTTP/1.1" 200 154
0:0:0:0:0:0:0:1 - - [14/Apr/2026:15:39:19 +0200] "GET /back/games/2 HTTP/1.1" 200 154
0:0:0:0:0:0:0:1 - - [14/Apr/2026:15:39:21 +0200] "GET /back/games/2 HTTP/1.1" 200 154
0:0:0:0:0:0:0:1 - - [14/Apr/2026:15:39:21 +0200] "GET /back/games/2 HTTP/1.1" 200 154
0:0:0:0:0:0:0:1 - - [14/Apr/2026:15:39:21 +0200] "GET /back/games HTTP/1.1" 200 295
0:0:0:0:0:0:0:1 - - [14/Apr/2026:15:39:23 +0200] "GET /back/games/2 HTTP/1.1" 200 154
0:0:0:0:0:0:0:1 - - [14/Apr/2026:15:39:23 +0200] "GET /back/games/2 HTTP/1.1" 200 154
0:0:0:0:0:0:0:1 - - [14/Apr/2026:15:39:24 +0200] "POST /back/games/2/join?joueurId=2 HTTP/1.1" 201 70
0:0:0:0:0:0:0:1 - - [14/Apr/2026:15:39:24 +0200] "GET /back/games/2 HTTP/1.1" 200 161
0:0:0:0:0:0:0:1 - - [14/Apr/2026:15:39:25 +0200] "GET /back/games/2 HTTP/1.1" 200 161
0:0:0:0:0:0:0:1 - - [14/Apr/2026:15:39:25 +0200] "GET /back/games/2 HTTP/1.1" 200 161
0:0:0:0:0:0:0:1 - - [14/Apr/2026:15:39:26 +0200] "GET /back/games/2 HTTP/1.1" 200 161
0:0:0:0:0:0:0:1 - - [14/Apr/2026:15:39:27 +0200] "GET /back/games/2 HTTP/1.1" 200 161
0:0:0:0:0:0:0:1 - - [14/Apr/2026:15:39:27 +0200] "GET /back/games/2 HTTP/1.1" 200 161
0:0:0:0:0:0:0:1 - - [14/Apr/2026:15:39:28 +0200] "GET /back/games/2 HTTP/1.1" 200 161
0:0:0:0:0:0:0:1 - - [14/Apr/2026:15:39:28 +0200] "POST /back/games/2/start?joueurId=4 HTTP/1.1" 200 167
0:0:0:0:0:0:0:1 - - [14/Apr/2026:15:39:29 +0200] "GET /back/games/2 HTTP/1.1" 200 167
0:0:0:0:0:0:0:1 - - [14/Apr/2026:15:39:29 +0200] "GET /back/games/2 HTTP/1.1" 200 167
0:0:0:0:0:0:0:1 - - [14/Apr/2026:15:39:30 +0200] "GET /back/games/2 HTTP/1.1" 200 167
0:0:0:0:0:0:0:1 - - [14/Apr/2026:15:45:51 +0200] "GET /front HTTP/1.1" 404 686
0:0:0:0:0:0:0:1 - - [14/Apr/2026:15:45:53 +0200] "GET /front HTTP/1.1" 404 686
0:0:0:0:0:0:0:1 - - [14/Apr/2026:15:45:54 +0200] "GET /front HTTP/1.1" 404 686
0:0:0:0:0:0:0:1 - - [14/Apr/2026:15:45:54 +0200] "GET /front HTTP/1.1" 404 686
0:0:0:0:0:0:0:1 - - [14/Apr/2026:15:45:54 +0200] "GET /front HTTP/1.1" 404 686
0:0:0:0:0:0:0:1 - - [14/Apr/2026:15:45:55 +0200] "GET /front HTTP/1.1" 404 686
0:0:0:0:0:0:0:1 - - [14/Apr/2026:15:45:55 +0200] "GET /front HTTP/1.1" 404 686
0:0:0:0:0:0:0:1 - - [14/Apr/2026:15:45:55 +0200] "GET /front HTTP/1.1" 404 686
0:0:0:0:0:0:0:1 - - [14/Apr/2026:15:45:59 +0200] "GET / HTTP/1.1" 200 11235
0:0:0:0:0:0:0:1 - - [14/Apr/2026:15:46:04 +0200] "GET /front HTTP/1.1" 302 -
0:0:0:0:0:0:0:1 - - [14/Apr/2026:15:46:04 +0200] "GET /front/ HTTP/1.1" 200 5075
0:0:0:0:0:0:0:1 - - [14/Apr/2026:15:46:04 +0200] "GET /front/styles.css?v=2 HTTP/1.1" 200 8091
0:0:0:0:0:0:0:1 - - [14/Apr/2026:15:46:04 +0200] "GET /front/script.js?v=2 HTTP/1.1" 200 25436
0:0:0:0:0:0:0:1 - - [14/Apr/2026:15:46:04 +0200] "GET /front/assets/images/Deck.png HTTP/1.1" 200 19276
0:0:0:0:0:0:0:1 - - [14/Apr/2026:15:46:04 +0200] "GET /front/assets/images/Wild_Draw.png HTTP/1.1" 200 25475
0:0:0:0:0:0:0:1 - - [14/Apr/2026:15:46:04 +0200] "GET /front/assets/images/Red_Skip.png HTTP/1.1" 200 26495
0:0:0:0:0:0:0:1 - - [14/Apr/2026:15:46:04 +0200] "GET /front/assets/sons/background.mp3 HTTP/1.1" 206 5572814
0:0:0:0:0:0:0:1 - - [14/Apr/2026:15:46:10 +0200] "GET /front/ HTTP/1.1" 304 -
0:0:0:0:0:0:0:1 - - [14/Apr/2026:15:46:10 +0200] "GET /front/styles.css?v=2 HTTP/1.1" 304 -
0:0:0:0:0:0:0:1 - - [14/Apr/2026:15:46:10 +0200] "GET /front/assets/images/Red_Skip.png HTTP/1.1" 304 -
0:0:0:0:0:0:0:1 - - [14/Apr/2026:15:46:10 +0200] "GET /front/assets/images/Deck.png HTTP/1.1" 304 -
0:0:0:0:0:0:0:1 - - [14/Apr/2026:15:46:10 +0200] "GET /front/assets/sons/background.mp3 HTTP/1.1" 206 5572814
0:0:0:0:0:0:0:1 - - [14/Apr/2026:15:46:10 +0200] "GET /front/assets/images/Wild_Draw.png HTTP/1.1" 304 -
0:0:0:0:0:0:0:1 - - [14/Apr/2026:15:46:10 +0200] "GET /front/script.js?v=2 HTTP/1.1" 304 -
0:0:0:0:0:0:0:1 - - [14/Apr/2026:15:46:11 +0200] "GET /front/assets/sons/background.mp3 HTTP/1.1" 206 5572814
0:0:0:0:0:0:0:1 - - [14/Apr/2026:15:46:16 +0200] "POST /front/api/joueurs HTTP/1.1" 500 3839
0:0:0:0:0:0:0:1 - - [14/Apr/2026:15:46:22 +0200] "POST /front/api/joueurs HTTP/1.1" 404 604
0:0:0:0:0:0:0:1 - - [14/Apr/2026:15:46:29 +0200] "POST /front/api/joueurs HTTP/1.1" 404 604
0:0:0:0:0:0:0:1 - - [14/Apr/2026:15:48:05 +0200] "GET /front/ HTTP/1.1" 404 691
0:0:0:0:0:0:0:1 - - [14/Apr/2026:15:48:06 +0200] "GET /front/ HTTP/1.1" 404 691
0:0:0:0:0:0:0:1 - - [14/Apr/2026:15:48:06 +0200] "GET /front/ HTTP/1.1" 404 691
0:0:0:0:0:0:0:1 - - [14/Apr/2026:15:48:06 +0200] "GET /front/ HTTP/1.1" 404 691
0:0:0:0:0:0:0:1 - - [14/Apr/2026:15:48:07 +0200] "GET /front/ HTTP/1.1" 404 691
0:0:0:0:0:0:0:1 - - [14/Apr/2026:15:48:07 +0200] "GET /front/ HTTP/1.1" 404 691
0:0:0:0:0:0:0:1 - - [14/Apr/2026:15:48:07 +0200] "GET /front/ HTTP/1.1" 404 691
0:0:0:0:0:0:0:1 - - [14/Apr/2026:15:48:07 +0200] "GET /front/ HTTP/1.1" 404 691
0:0:0:0:0:0:0:1 - - [14/Apr/2026:15:48:08 +0200] "GET /front/ HTTP/1.1" 404 691
0:0:0:0:0:0:0:1 - - [14/Apr/2026:15:48:09 +0200] "GET /front/ HTTP/1.1" 404 691
0:0:0:0:0:0:0:1 - - [14/Apr/2026:15:48:09 +0200] "GET /front/ HTTP/1.1" 404 691
0:0:0:0:0:0:0:1 - - [14/Apr/2026:15:48:09 +0200] "GET /front/ HTTP/1.1" 404 691
0:0:0:0:0:0:0:1 - - [14/Apr/2026:15:48:10 +0200] "GET /front/ HTTP/1.1" 404 691
0:0:0:0:0:0:0:1 - - [14/Apr/2026:15:48:10 +0200] "GET /front/ HTTP/1.1" 404 691
0:0:0:0:0:0:0:1 - - [14/Apr/2026:15:48:10 +0200] "GET /front/ HTTP/1.1" 404 691
0:0:0:0:0:0:0:1 - - [14/Apr/2026:15:48:10 +0200] "GET /front/ HTTP/1.1" 404 691
0:0:0:0:0:0:0:1 - - [14/Apr/2026:15:48:11 +0200] "GET /front/ HTTP/1.1" 404 691
0:0:0:0:0:0:0:1 - - [14/Apr/2026:15:48:11 +0200] "GET /front/ HTTP/1.1" 404 691
0:0:0:0:0:0:0:1 - - [14/Apr/2026:15:48:11 +0200] "GET /front/ HTTP/1.1" 404 691
0:0:0:0:0:0:0:1 - - [14/Apr/2026:15:48:11 +0200] "GET /front/ HTTP/1.1" 404 691
0:0:0:0:0:0:0:1 - - [14/Apr/2026:15:48:12 +0200] "GET /front/ HTTP/1.1" 404 691
0:0:0:0:0:0:0:1 - - [14/Apr/2026:15:48:12 +0200] "GET /front/ HTTP/1.1" 404 691
0:0:0:0:0:0:0:1 - - [14/Apr/2026:15:48:12 +0200] "GET /front/ HTTP/1.1" 404 691
0:0:0:0:0:0:0:1 - - [14/Apr/2026:15:48:12 +0200] "GET /front/ HTTP/1.1" 404 691
0:0:0:0:0:0:0:1 - - [14/Apr/2026:15:48:13 +0200] "GET /front/ HTTP/1.1" 404 691
0:0:0:0:0:0:0:1 - - [14/Apr/2026:15:48:13 +0200] "GET /front/ HTTP/1.1" 404 691
0:0:0:0:0:0:0:1 - - [14/Apr/2026:15:48:13 +0200] "GET /front/ HTTP/1.1" 404 691
0:0:0:0:0:0:0:1 - - [14/Apr/2026:15:48:14 +0200] "GET /front/ HTTP/1.1" 404 691
0:0:0:0:0:0:0:1 - - [14/Apr/2026:15:48:14 +0200] "GET /front/ HTTP/1.1" 404 691
0:0:0:0:0:0:0:1 - - [14/Apr/2026:15:48:15 +0200] "GET /front/ HTTP/1.1" 404 691
0:0:0:0:0:0:0:1 - - [14/Apr/2026:15:48:15 +0200] "GET /front/ HTTP/1.1" 404 691
0:0:0:0:0:0:0:1 - - [14/Apr/2026:15:48:15 +0200] "GET /front/ HTTP/1.1" 404 691
0:0:0:0:0:0:0:1 - - [14/Apr/2026:15:48:15 +0200] "GET /front/ HTTP/1.1" 404 691
0:0:0:0:0:0:0:1 - - [14/Apr/2026:15:48:16 +0200] "GET /front/ HTTP/1.1" 200 5075
0:0:0:0:0:0:0:1 - - [14/Apr/2026:15:48:16 +0200] "GET /front/styles.css?v=2 HTTP/1.1" 200 8091
0:0:0:0:0:0:0:1 - - [14/Apr/2026:15:48:16 +0200] "GET /front/assets/sons/background.mp3 HTTP/1.1" 206 5572814
0:0:0:0:0:0:0:1 - - [14/Apr/2026:15:48:16 +0200] "GET /front/assets/images/Red_Skip.png HTTP/1.1" 200 26495
0:0:0:0:0:0:0:1 - - [14/Apr/2026:15:48:16 +0200] "GET /front/assets/images/Deck.png HTTP/1.1" 200 19276
0:0:0:0:0:0:0:1 - - [14/Apr/2026:15:48:16 +0200] "GET /front/script.js?v=2 HTTP/1.1" 200 25436
0:0:0:0:0:0:0:1 - - [14/Apr/2026:15:48:16 +0200] "GET /front/assets/images/Wild_Draw.png HTTP/1.1" 200 25475
0:0:0:0:0:0:0:1 - - [14/Apr/2026:15:48:16 +0200] "GET /front/ HTTP/1.1" 304 -
0:0:0:0:0:0:0:1 - - [14/Apr/2026:15:48:16 +0200] "GET /front/assets/sons/background.mp3 HTTP/1.1" 206 5572814
0:0:0:0:0:0:0:1 - - [14/Apr/2026:15:48:17 +0200] "GET /front/ HTTP/1.1" 304 -
0:0:0:0:0:0:0:1 - - [14/Apr/2026:15:48:17 +0200] "GET /front/assets/sons/background.mp3 HTTP/1.1" 206 5572814
0:0:0:0:0:0:0:1 - - [14/Apr/2026:15:48:23 +0200] "POST /front/api/joueurs HTTP/1.1" 500 3839
0:0:0:0:0:0:0:1 - - [14/Apr/2026:15:54:43 +0200] "GET /front/ HTTP/1.1" 200 5075
0:0:0:0:0:0:0:1 - - [14/Apr/2026:15:54:43 +0200] "GET /front/styles.css?v=2 HTTP/1.1" 200 8091
0:0:0:0:0:0:0:1 - - [14/Apr/2026:15:54:43 +0200] "GET /front/assets/images/Red_Skip.png HTTP/1.1" 200 26495
0:0:0:0:0:0:0:1 - - [14/Apr/2026:15:54:43 +0200] "GET /front/assets/sons/background.mp3 HTTP/1.1" 206 5572814
0:0:0:0:0:0:0:1 - - [14/Apr/2026:15:54:43 +0200] "GET /front/script.js?v=2 HTTP/1.1" 200 25436
0:0:0:0:0:0:0:1 - - [14/Apr/2026:15:54:43 +0200] "GET /front/assets/images/Deck.png HTTP/1.1" 200 19276
0:0:0:0:0:0:0:1 - - [14/Apr/2026:15:54:43 +0200] "GET /front/assets/images/Wild_Draw.png HTTP/1.1" 200 25475
0:0:0:0:0:0:0:1 - - [14/Apr/2026:15:54:44 +0200] "GET /front/ HTTP/1.1" 304 -
0:0:0:0:0:0:0:1 - - [14/Apr/2026:15:54:44 +0200] "GET /front/assets/sons/background.mp3 HTTP/1.1" 206 5572814
0:0:0:0:0:0:0:1 - - [14/Apr/2026:15:54:44 +0200] "GET /front/ HTTP/1.1" 304 -
0:0:0:0:0:0:0:1 - - [14/Apr/2026:15:54:44 +0200] "GET /front/assets/sons/background.mp3 HTTP/1.1" 206 5572814
0:0:0:0:0:0:0:1 - - [14/Apr/2026:15:54:45 +0200] "GET /front/ HTTP/1.1" 304 -
0:0:0:0:0:0:0:1 - - [14/Apr/2026:15:54:45 +0200] "GET /front/script.js?v=2 HTTP/1.1" 304 -
0:0:0:0:0:0:0:1 - - [14/Apr/2026:15:54:45 +0200] "GET /front/assets/sons/background.mp3 HTTP/1.1" 206 5572814
0:0:0:0:0:0:0:1 - - [14/Apr/2026:15:54:45 +0200] "GET /front/styles.css?v=2 HTTP/1.1" 304 -
0:0:0:0:0:0:0:1 - - [14/Apr/2026:15:54:45 +0200] "GET /front/assets/images/Deck.png HTTP/1.1" 304 -
0:0:0:0:0:0:0:1 - - [14/Apr/2026:15:54:45 +0200] "GET /front/assets/images/Red_Skip.png HTTP/1.1" 304 -
0:0:0:0:0:0:0:1 - - [14/Apr/2026:15:54:45 +0200] "GET /front/assets/images/Wild_Draw.png HTTP/1.1" 304 -
0:0:0:0:0:0:0:1 - - [14/Apr/2026:15:54:45 +0200] "GET /front/ HTTP/1.1" 304 -
0:0:0:0:0:0:0:1 - - [14/Apr/2026:15:54:45 +0200] "GET /front/assets/sons/background.mp3 HTTP/1.1" 206 5572814
0:0:0:0:0:0:0:1 - - [14/Apr/2026:15:54:46 +0200] "GET /front/ HTTP/1.1" 304 -
0:0:0:0:0:0:0:1 - - [14/Apr/2026:15:54:46 +0200] "GET /front/assets/sons/background.mp3 HTTP/1.1" 206 5572814
0:0:0:0:0:0:0:1 - - [14/Apr/2026:15:54:46 +0200] "GET /front/ HTTP/1.1" 304 -
0:0:0:0:0:0:0:1 - - [14/Apr/2026:15:54:46 +0200] "GET /front/assets/sons/background.mp3 HTTP/1.1" 206 5572814
0:0:0:0:0:0:0:1 - - [14/Apr/2026:15:54:46 +0200] "GET /front/ HTTP/1.1" 304 -
0:0:0:0:0:0:0:1 - - [14/Apr/2026:15:54:46 +0200] "GET /front/assets/sons/background.mp3 HTTP/1.1" 206 5572814
0:0:0:0:0:0:0:1 - - [14/Apr/2026:15:54:46 +0200] "GET /front/ HTTP/1.1" 304 -
0:0:0:0:0:0:0:1 - - [14/Apr/2026:15:54:46 +0200] "GET /front/assets/sons/background.mp3 HTTP/1.1" 206 5572814
0:0:0:0:0:0:0:1 - - [14/Apr/2026:15:54:46 +0200] "GET /front/ HTTP/1.1" 304 -
0:0:0:0:0:0:0:1 - - [14/Apr/2026:15:54:46 +0200] "GET /front/assets/sons/background.mp3 HTTP/1.1" 206 5572814
0:0:0:0:0:0:0:1 - - [14/Apr/2026:15:54:47 +0200] "GET /front/ HTTP/1.1" 304 -
0:0:0:0:0:0:0:1 - - [14/Apr/2026:15:54:47 +0200] "GET /front/assets/sons/background.mp3 HTTP/1.1" 206 5572814
0:0:0:0:0:0:0:1 - - [14/Apr/2026:15:54:47 +0200] "GET /front/ HTTP/1.1" 304 -
0:0:0:0:0:0:0:1 - - [14/Apr/2026:15:54:47 +0200] "GET /front/assets/sons/background.mp3 HTTP/1.1" 206 5572814
0:0:0:0:0:0:0:1 - - [14/Apr/2026:15:54:47 +0200] "GET /front/ HTTP/1.1" 304 -
0:0:0:0:0:0:0:1 - - [14/Apr/2026:15:54:47 +0200] "GET /front/styles.css?v=2 HTTP/1.1" 304 -
0:0:0:0:0:0:0:1 - - [14/Apr/2026:15:54:47 +0200] "GET /front/assets/sons/background.mp3 HTTP/1.1" 206 5572814
0:0:0:0:0:0:0:1 - - [14/Apr/2026:15:54:47 +0200] "GET /front/assets/images/Deck.png HTTP/1.1" 304 -
0:0:0:0:0:0:0:1 - - [14/Apr/2026:15:54:47 +0200] "GET /front/assets/images/Red_Skip.png HTTP/1.1" 304 -
0:0:0:0:0:0:0:1 - - [14/Apr/2026:15:54:47 +0200] "GET /front/assets/images/Wild_Draw.png HTTP/1.1" 304 -
0:0:0:0:0:0:0:1 - - [14/Apr/2026:15:54:47 +0200] "GET /front/script.js?v=2 HTTP/1.1" 304 -
0:0:0:0:0:0:0:1 - - [14/Apr/2026:15:54:47 +0200] "GET /front/ HTTP/1.1" 304 -
0:0:0:0:0:0:0:1 - - [14/Apr/2026:15:54:47 +0200] "GET /front/assets/sons/background.mp3 HTTP/1.1" 206 5572814
0:0:0:0:0:0:0:1 - - [14/Apr/2026:15:54:48 +0200] "GET /front/ HTTP/1.1" 304 -
0:0:0:0:0:0:0:1 - - [14/Apr/2026:15:54:48 +0200] "GET /front/assets/sons/background.mp3 HTTP/1.1" 206 5572814
0:0:0:0:0:0:0:1 - - [14/Apr/2026:15:54:48 +0200] "GET /front/ HTTP/1.1" 304 -
0:0:0:0:0:0:0:1 - - [14/Apr/2026:15:54:48 +0200] "GET /front/assets/sons/background.mp3 HTTP/1.1" 206 5572814
0:0:0:0:0:0:0:1 - - [14/Apr/2026:15:54:48 +0200] "GET /front/ HTTP/1.1" 304 -
0:0:0:0:0:0:0:1 - - [14/Apr/2026:15:54:48 +0200] "GET /front/assets/sons/background.mp3 HTTP/1.1" 206 5572814
0:0:0:0:0:0:0:1 - - [14/Apr/2026:15:54:48 +0200] "GET /front/ HTTP/1.1" 304 -
0:0:0:0:0:0:0:1 - - [14/Apr/2026:15:54:48 +0200] "GET /front/assets/sons/background.mp3 HTTP/1.1" 206 5572814
0:0:0:0:0:0:0:1 - - [14/Apr/2026:15:54:49 +0200] "GET /front/ HTTP/1.1" 304 -
0:0:0:0:0:0:0:1 - - [14/Apr/2026:15:54:49 +0200] "GET /front/assets/sons/background.mp3 HTTP/1.1" 206 5572814
0:0:0:0:0:0:0:1 - - [14/Apr/2026:15:54:49 +0200] "GET /front/ HTTP/1.1" 304 -
0:0:0:0:0:0:0:1 - - [14/Apr/2026:15:54:49 +0200] "GET /front/assets/sons/background.mp3 HTTP/1.1" 206 5572814
0:0:0:0:0:0:0:1 - - [14/Apr/2026:15:54:49 +0200] "GET /front/ HTTP/1.1" 304 -
0:0:0:0:0:0:0:1 - - [14/Apr/2026:15:54:49 +0200] "GET /front/assets/sons/background.mp3 HTTP/1.1" 206 5572814
0:0:0:0:0:0:0:1 - - [14/Apr/2026:15:54:49 +0200] "GET /front/ HTTP/1.1" 304 -
0:0:0:0:0:0:0:1 - - [14/Apr/2026:15:54:49 +0200] "GET /front/styles.css?v=2 HTTP/1.1" 304 -
0:0:0:0:0:0:0:1 - - [14/Apr/2026:15:54:49 +0200] "GET /front/assets/images/Red_Skip.png HTTP/1.1" 304 -
0:0:0:0:0:0:0:1 - - [14/Apr/2026:15:54:49 +0200] "GET /front/assets/images/Deck.png HTTP/1.1" 304 -
0:0:0:0:0:0:0:1 - - [14/Apr/2026:15:54:49 +0200] "GET /front/assets/images/Wild_Draw.png HTTP/1.1" 304 -
0:0:0:0:0:0:0:1 - - [14/Apr/2026:15:54:49 +0200] "GET /front/script.js?v=2 HTTP/1.1" 304 -
0:0:0:0:0:0:0:1 - - [14/Apr/2026:15:54:49 +0200] "GET /front/assets/sons/background.mp3 HTTP/1.1" 206 5572814
0:0:0:0:0:0:0:1 - - [14/Apr/2026:15:54:50 +0200] "GET /front/ HTTP/1.1" 304 -
0:0:0:0:0:0:0:1 - - [14/Apr/2026:15:54:50 +0200] "GET /front/assets/sons/background.mp3 HTTP/1.1" 206 5572814
0:0:0:0:0:0:0:1 - - [14/Apr/2026:15:54:50 +0200] "GET /front/ HTTP/1.1" 304 -
0:0:0:0:0:0:0:1 - - [14/Apr/2026:15:54:50 +0200] "GET /front/assets/sons/background.mp3 HTTP/1.1" 206 5572814
0:0:0:0:0:0:0:1 - - [14/Apr/2026:15:54:50 +0200] "GET /front/ HTTP/1.1" 304 -
0:0:0:0:0:0:0:1 - - [14/Apr/2026:15:54:50 +0200] "GET /front/assets/sons/background.mp3 HTTP/1.1" 206 5572814
0:0:0:0:0:0:0:1 - - [14/Apr/2026:15:54:51 +0200] "GET /front/ HTTP/1.1" 304 -
0:0:0:0:0:0:0:1 - - [14/Apr/2026:15:54:51 +0200] "GET /front/assets/sons/background.mp3 HTTP/1.1" 206 5572814
0:0:0:0:0:0:0:1 - - [14/Apr/2026:15:54:51 +0200] "GET /front/ HTTP/1.1" 304 -
0:0:0:0:0:0:0:1 - - [14/Apr/2026:15:54:51 +0200] "GET /front/assets/sons/background.mp3 HTTP/1.1" 206 5572814
0:0:0:0:0:0:0:1 - - [14/Apr/2026:15:54:51 +0200] "GET /front/ HTTP/1.1" 304 -
0:0:0:0:0:0:0:1 - - [14/Apr/2026:15:54:51 +0200] "GET /front/assets/sons/background.mp3 HTTP/1.1" 206 5572814
0:0:0:0:0:0:0:1 - - [14/Apr/2026:15:54:51 +0200] "GET /front/ HTTP/1.1" 304 -
0:0:0:0:0:0:0:1 - - [14/Apr/2026:15:54:51 +0200] "GET /front/assets/sons/background.mp3 HTTP/1.1" 206 5572814
0:0:0:0:0:0:0:1 - - [14/Apr/2026:15:54:51 +0200] "GET /front/ HTTP/1.1" 304 -
0:0:0:0:0:0:0:1 - - [14/Apr/2026:15:54:51 +0200] "GET /front/assets/sons/background.mp3 HTTP/1.1" 206 5572814
0:0:0:0:0:0:0:1 - - [14/Apr/2026:15:54:51 +0200] "GET /front/ HTTP/1.1" 304 -
0:0:0:0:0:0:0:1 - - [14/Apr/2026:15:54:51 +0200] "GET /front/assets/sons/background.mp3 HTTP/1.1" 206 5572814
0:0:0:0:0:0:0:1 - - [14/Apr/2026:15:54:51 +0200] "GET /front/ HTTP/1.1" 304 -
0:0:0:0:0:0:0:1 - - [14/Apr/2026:15:54:51 +0200] "GET /front/assets/sons/background.mp3 HTTP/1.1" 206 5572814
0:0:0:0:0:0:0:1 - - [14/Apr/2026:15:54:51 +0200] "GET /front/ HTTP/1.1" 304 -
0:0:0:0:0:0:0:1 - - [14/Apr/2026:15:54:51 +0200] "GET /front/assets/sons/background.mp3 HTTP/1.1" 206 5572814
0:0:0:0:0:0:0:1 - - [14/Apr/2026:15:54:51 +0200] "GET /front/ HTTP/1.1" 304 -
0:0:0:0:0:0:0:1 - - [14/Apr/2026:15:54:51 +0200] "GET /front/assets/images/Red_Skip.png HTTP/1.1" 304 -
0:0:0:0:0:0:0:1 - - [14/Apr/2026:15:54:51 +0200] "GET /front/styles.css?v=2 HTTP/1.1" 304 -
0:0:0:0:0:0:0:1 - - [14/Apr/2026:15:54:51 +0200] "GET /front/assets/images/Deck.png HTTP/1.1" 304 -
0:0:0:0:0:0:0:1 - - [14/Apr/2026:15:54:51 +0200] "GET /front/assets/images/Wild_Draw.png HTTP/1.1" 304 -
0:0:0:0:0:0:0:1 - - [14/Apr/2026:15:54:51 +0200] "GET /front/assets/sons/background.mp3 HTTP/1.1" 206 5572814
0:0:0:0:0:0:0:1 - - [14/Apr/2026:15:54:51 +0200] "GET /front/script.js?v=2 HTTP/1.1" 304 -
0:0:0:0:0:0:0:1 - - [14/Apr/2026:15:54:52 +0200] "GET /front/ HTTP/1.1" 304 -
0:0:0:0:0:0:0:1 - - [14/Apr/2026:15:54:52 +0200] "GET /front/assets/sons/background.mp3 HTTP/1.1" 206 5572814
0:0:0:0:0:0:0:1 - - [14/Apr/2026:15:54:52 +0200] "GET /front/ HTTP/1.1" 304 -
0:0:0:0:0:0:0:1 - - [14/Apr/2026:15:54:52 +0200] "GET /front/assets/sons/background.mp3 HTTP/1.1" 206 5572814
0:0:0:0:0:0:0:1 - - [14/Apr/2026:15:54:52 +0200] "GET /front/ HTTP/1.1" 304 -
0:0:0:0:0:0:0:1 - - [14/Apr/2026:15:54:52 +0200] "GET /front/assets/sons/background.mp3 HTTP/1.1" 206 5572814
0:0:0:0:0:0:0:1 - - [14/Apr/2026:15:54:52 +0200] "GET /front/ HTTP/1.1" 304 -
0:0:0:0:0:0:0:1 - - [14/Apr/2026:15:54:52 +0200] "GET /front/assets/sons/background.mp3 HTTP/1.1" 206 5572814
0:0:0:0:0:0:0:1 - - [14/Apr/2026:15:54:52 +0200] "GET /front/ HTTP/1.1" 304 -
0:0:0:0:0:0:0:1 - - [14/Apr/2026:15:54:52 +0200] "GET /front/assets/sons/background.mp3 HTTP/1.1" 206 5572814
0:0:0:0:0:0:0:1 - - [14/Apr/2026:15:54:52 +0200] "GET /front/ HTTP/1.1" 304 -
0:0:0:0:0:0:0:1 - - [14/Apr/2026:15:54:52 +0200] "GET /front/assets/sons/background.mp3 HTTP/1.1" 206 5572814
0:0:0:0:0:0:0:1 - - [14/Apr/2026:15:54:52 +0200] "GET /front/ HTTP/1.1" 304 -
0:0:0:0:0:0:0:1 - - [14/Apr/2026:15:54:52 +0200] "GET /front/assets/sons/background.mp3 HTTP/1.1" 206 5572814
127.0.0.1 - - [14/Apr/2026:15:54:56 +0200] "POST /back/joueurs HTTP/1.1" 201 34
0:0:0:0:0:0:0:1 - - [14/Apr/2026:15:54:56 +0200] "POST /front/api/joueurs HTTP/1.1" 201 23
127.0.0.1 - - [14/Apr/2026:15:54:56 +0200] "GET /back/games HTTP/1.1" 200 308
0:0:0:0:0:0:0:1 - - [14/Apr/2026:15:54:56 +0200] "GET /front/api/games HTTP/1.1" 200 296
127.0.0.1 - - [14/Apr/2026:15:55:07 +0200] "GET /back/joueurs HTTP/1.1" 200 139
0:0:0:0:0:0:0:1 - - [14/Apr/2026:15:55:07 +0200] "GET /front/api/joueurs HTTP/1.1" 200 128
127.0.0.1 - - [14/Apr/2026:15:55:08 +0200] "GET /back/games HTTP/1.1" 200 308
0:0:0:0:0:0:0:1 - - [14/Apr/2026:15:55:08 +0200] "GET /front/api/games HTTP/1.1" 200 296
127.0.0.1 - - [14/Apr/2026:15:55:15 +0200] "POST /back/joueurs HTTP/1.1" 201 37
0:0:0:0:0:0:0:1 - - [14/Apr/2026:15:55:15 +0200] "POST /front/api/joueurs HTTP/1.1" 201 26
127.0.0.1 - - [14/Apr/2026:15:55:15 +0200] "GET /back/games HTTP/1.1" 200 308
0:0:0:0:0:0:0:1 - - [14/Apr/2026:15:55:15 +0200] "GET /front/api/games HTTP/1.1" 200 296
127.0.0.1 - - [14/Apr/2026:15:55:19 +0200] "POST /back/games/1/join?joueurId=6 HTTP/1.1" 201 70
0:0:0:0:0:0:0:1 - - [14/Apr/2026:15:55:19 +0200] "POST /front/api/games/1/join?joueurId=6 HTTP/1.1" 201 59
0:0:0:0:0:0:0:1 - - [14/Apr/2026:15:55:19 +0200] "GET /front/api/games/1 HTTP/1.1" 502 19
0:0:0:0:0:0:0:1 - - [14/Apr/2026:15:55:19 +0200] "GET /back/games/1 HTTP/1.1" 200 157
127.0.0.1 - - [14/Apr/2026:15:55:19 +0200] "GET /back/games HTTP/1.1" 200 317
0:0:0:0:0:0:0:1 - - [14/Apr/2026:15:55:19 +0200] "GET /front/api/games HTTP/1.1" 200 305
127.0.0.1 - - [14/Apr/2026:15:55:21 +0200] "GET /back/games/1 HTTP/1.1" 200 157
0:0:0:0:0:0:0:1 - - [14/Apr/2026:15:55:21 +0200] "GET /front/api/games/1 HTTP/1.1" 200 146
127.0.0.1 - - [14/Apr/2026:15:55:22 +0200] "POST /back/games/1/join?joueurId=5 HTTP/1.1" 201 70
0:0:0:0:0:0:0:1 - - [14/Apr/2026:15:55:22 +0200] "POST /front/api/games/1/join?joueurId=5 HTTP/1.1" 201 59
0:0:0:0:0:0:0:1 - - [14/Apr/2026:15:55:22 +0200] "GET /front/api/games HTTP/1.1" 502 19
127.0.0.1 - - [14/Apr/2026:15:55:22 +0200] "GET /back/games/1 HTTP/1.1" 200 163
0:0:0:0:0:0:0:1 - - [14/Apr/2026:15:55:22 +0200] "GET /front/api/games/1 HTTP/1.1" 200 152
127.0.0.1 - - [14/Apr/2026:15:55:23 +0200] "GET /back/games/1 HTTP/1.1" 200 163
0:0:0:0:0:0:0:1 - - [14/Apr/2026:15:55:23 +0200] "GET /front/api/games/1 HTTP/1.1" 200 152
127.0.0.1 - - [14/Apr/2026:15:55:24 +0200] "GET /back/games/1 HTTP/1.1" 200 163
0:0:0:0:0:0:0:1 - - [14/Apr/2026:15:55:24 +0200] "GET /front/api/games/1 HTTP/1.1" 200 152
127.0.0.1 - - [14/Apr/2026:15:55:25 +0200] "GET /back/games/1 HTTP/1.1" 200 163
0:0:0:0:0:0:0:1 - - [14/Apr/2026:15:55:25 +0200] "GET /front/api/games/1 HTTP/1.1" 200 152
127.0.0.1 - - [14/Apr/2026:15:55:26 +0200] "GET /back/games/1 HTTP/1.1" 200 163
0:0:0:0:0:0:0:1 - - [14/Apr/2026:15:55:26 +0200] "GET /front/api/games/1 HTTP/1.1" 200 152
127.0.0.1 - - [14/Apr/2026:15:55:27 +0200] "GET /back/games/1 HTTP/1.1" 200 163
0:0:0:0:0:0:0:1 - - [14/Apr/2026:15:55:27 +0200] "GET /front/api/games/1 HTTP/1.1" 200 152
127.0.0.1 - - [14/Apr/2026:15:55:28 +0200] "GET /back/games/1 HTTP/1.1" 200 163
0:0:0:0:0:0:0:1 - - [14/Apr/2026:15:55:28 +0200] "GET /front/api/games/1 HTTP/1.1" 200 152
127.0.0.1 - - [14/Apr/2026:15:55:29 +0200] "GET /back/games/1 HTTP/1.1" 200 163
0:0:0:0:0:0:0:1 - - [14/Apr/2026:15:55:29 +0200] "GET /front/api/games/1 HTTP/1.1" 200 152
127.0.0.1 - - [14/Apr/2026:15:55:30 +0200] "POST /back/games/1/join?joueurId=2 HTTP/1.1" 201 70
0:0:0:0:0:0:0:1 - - [14/Apr/2026:15:55:30 +0200] "POST /front/api/games/1/join?joueurId=2 HTTP/1.1" 201 59
0:0:0:0:0:0:0:1 - - [14/Apr/2026:15:55:30 +0200] "GET /front/api/games HTTP/1.1" 502 19
127.0.0.1 - - [14/Apr/2026:15:55:30 +0200] "GET /back/games/1 HTTP/1.1" 200 170
0:0:0:0:0:0:0:1 - - [14/Apr/2026:15:55:30 +0200] "GET /front/api/games/1 HTTP/1.1" 200 159
127.0.0.1 - - [14/Apr/2026:15:55:30 +0200] "GET /back/games/1 HTTP/1.1" 200 170
0:0:0:0:0:0:0:1 - - [14/Apr/2026:15:55:30 +0200] "GET /front/api/games/1 HTTP/1.1" 200 159
127.0.0.1 - - [14/Apr/2026:15:55:31 +0200] "GET /back/games/1 HTTP/1.1" 200 170
0:0:0:0:0:0:0:1 - - [14/Apr/2026:15:55:31 +0200] "GET /front/api/games/1 HTTP/1.1" 200 159
127.0.0.1 - - [14/Apr/2026:15:55:32 +0200] "GET /back/games/1 HTTP/1.1" 200 170
0:0:0:0:0:0:0:1 - - [14/Apr/2026:15:55:32 +0200] "GET /front/api/games/1 HTTP/1.1" 200 159
127.0.0.1 - - [14/Apr/2026:15:55:32 +0200] "POST /back/games/1/leave?joueurId=2 HTTP/1.1" 200 163
0:0:0:0:0:0:0:1 - - [14/Apr/2026:15:55:32 +0200] "POST /front/api/games/1/leave?joueurId=2 HTTP/1.1" 200 152
0:0:0:0:0:0:0:1 - - [14/Apr/2026:15:55:32 +0200] "GET /front/api/games/1 HTTP/1.1" 502 19
127.0.0.1 - - [14/Apr/2026:15:55:32 +0200] "GET /back/games HTTP/1.1" 200 323
0:0:0:0:0:0:0:1 - - [14/Apr/2026:15:55:32 +0200] "GET /front/api/games HTTP/1.1" 200 311
0:0:0:0:0:0:0:1 - - [14/Apr/2026:15:55:32 +0200] "GET /back/games/1 HTTP/1.1" 200 163
127.0.0.1 - - [14/Apr/2026:15:55:33 +0200] "GET /back/games/1 HTTP/1.1" 200 163
0:0:0:0:0:0:0:1 - - [14/Apr/2026:15:55:33 +0200] "GET /front/api/games/1 HTTP/1.1" 200 152
127.0.0.1 - - [14/Apr/2026:15:55:34 +0200] "GET /back/games/1 HTTP/1.1" 200 163
0:0:0:0:0:0:0:1 - - [14/Apr/2026:15:55:34 +0200] "GET /front/api/games/1 HTTP/1.1" 200 152
127.0.0.1 - - [14/Apr/2026:15:55:35 +0200] "GET /back/games/1 HTTP/1.1" 200 163
0:0:0:0:0:0:0:1 - - [14/Apr/2026:15:55:35 +0200] "GET /front/api/games/1 HTTP/1.1" 200 152
127.0.0.1 - - [14/Apr/2026:15:55:36 +0200] "GET /back/games/1 HTTP/1.1" 200 163
0:0:0:0:0:0:0:1 - - [14/Apr/2026:15:55:36 +0200] "GET /front/api/games/1 HTTP/1.1" 200 152
127.0.0.1 - - [14/Apr/2026:15:55:37 +0200] "GET /back/games/1 HTTP/1.1" 200 163
0:0:0:0:0:0:0:1 - - [14/Apr/2026:15:55:37 +0200] "GET /front/api/games/1 HTTP/1.1" 200 152
127.0.0.1 - - [14/Apr/2026:15:55:38 +0200] "GET /back/games/1 HTTP/1.1" 200 163
0:0:0:0:0:0:0:1 - - [14/Apr/2026:15:55:38 +0200] "GET /front/api/games/1 HTTP/1.1" 200 152
127.0.0.1 - - [14/Apr/2026:15:55:39 +0200] "GET /back/games/1 HTTP/1.1" 200 163
0:0:0:0:0:0:0:1 - - [14/Apr/2026:15:55:39 +0200] "GET /front/api/games/1 HTTP/1.1" 200 152
127.0.0.1 - - [14/Apr/2026:15:55:40 +0200] "GET /back/games/1 HTTP/1.1" 200 163
0:0:0:0:0:0:0:1 - - [14/Apr/2026:15:55:40 +0200] "GET /front/api/games/1 HTTP/1.1" 200 152
127.0.0.1 - - [14/Apr/2026:15:55:41 +0200] "POST /back/games HTTP/1.1" 201 150
0:0:0:0:0:0:0:1 - - [14/Apr/2026:15:55:41 +0200] "POST /front/api/games HTTP/1.1" 201 139
0:0:0:0:0:0:0:1 - - [14/Apr/2026:15:55:41 +0200] "GET /front/api/games HTTP/1.1" 502 19
127.0.0.1 - - [14/Apr/2026:15:55:41 +0200] "GET /back/games/3 HTTP/1.1" 200 147
0:0:0:0:0:0:0:1 - - [14/Apr/2026:15:55:41 +0200] "GET /front/api/games/3 HTTP/1.1" 200 136
127.0.0.1 - - [14/Apr/2026:15:55:41 +0200] "GET /back/games/1 HTTP/1.1" 200 163
0:0:0:0:0:0:0:1 - - [14/Apr/2026:15:55:41 +0200] "GET /front/api/games/1 HTTP/1.1" 200 152
127.0.0.1 - - [14/Apr/2026:15:55:42 +0200] "GET /back/games/1 HTTP/1.1" 200 163
0:0:0:0:0:0:0:1 - - [14/Apr/2026:15:55:42 +0200] "GET /front/api/games/1 HTTP/1.1" 200 152
127.0.0.1 - - [14/Apr/2026:15:55:43 +0200] "GET /back/games/3 HTTP/1.1" 200 147
0:0:0:0:0:0:0:1 - - [14/Apr/2026:15:55:43 +0200] "GET /front/api/games/3 HTTP/1.1" 200 136
127.0.0.1 - - [14/Apr/2026:15:55:43 +0200] "GET /back/games/1 HTTP/1.1" 200 163
0:0:0:0:0:0:0:1 - - [14/Apr/2026:15:55:43 +0200] "GET /front/api/games/1 HTTP/1.1" 200 152
127.0.0.1 - - [14/Apr/2026:15:55:44 +0200] "GET /back/games/1 HTTP/1.1" 200 163
0:0:0:0:0:0:0:1 - - [14/Apr/2026:15:55:44 +0200] "GET /front/api/games/1 HTTP/1.1" 200 152
127.0.0.1 - - [14/Apr/2026:15:55:45 +0200] "POST /back/games/1/leave?joueurId=6 HTTP/1.1" 200 154
0:0:0:0:0:0:0:1 - - [14/Apr/2026:15:55:45 +0200] "POST /front/api/games/1/leave?joueurId=6 HTTP/1.1" 200 143
127.0.0.1 - - [14/Apr/2026:15:55:45 +0200] "GET /back/games HTTP/1.1" 200 451
0:0:0:0:0:0:0:1 - - [14/Apr/2026:15:55:45 +0200] "GET /front/api/games HTTP/1.1" 200 439
127.0.0.1 - - [14/Apr/2026:15:55:45 +0200] "GET /back/games/3 HTTP/1.1" 200 147
0:0:0:0:0:0:0:1 - - [14/Apr/2026:15:55:45 +0200] "GET /front/api/games/3 HTTP/1.1" 200 136
127.0.0.1 - - [14/Apr/2026:15:55:46 +0200] "POST /back/games/3/join?joueurId=6 HTTP/1.1" 201 70
0:0:0:0:0:0:0:1 - - [14/Apr/2026:15:55:46 +0200] "POST /front/api/games/3/join?joueurId=6 HTTP/1.1" 201 59
0:0:0:0:0:0:0:1 - - [14/Apr/2026:15:55:46 +0200] "GET /front/api/games/3 HTTP/1.1" 502 19
0:0:0:0:0:0:0:1 - - [14/Apr/2026:15:55:46 +0200] "GET /back/games/3 HTTP/1.1" 200 156
127.0.0.1 - - [14/Apr/2026:15:55:46 +0200] "GET /back/games HTTP/1.1" 200 460
0:0:0:0:0:0:0:1 - - [14/Apr/2026:15:55:46 +0200] "GET /front/api/games HTTP/1.1" 200 448
127.0.0.1 - - [14/Apr/2026:15:55:46 +0200] "GET /back/games/1 HTTP/1.1" 200 154
0:0:0:0:0:0:0:1 - - [14/Apr/2026:15:55:46 +0200] "GET /front/api/games/1 HTTP/1.1" 200 143
127.0.0.1 - - [14/Apr/2026:15:55:47 +0200] "GET /back/games/3 HTTP/1.1" 200 156
0:0:0:0:0:0:0:1 - - [14/Apr/2026:15:55:47 +0200] "GET /front/api/games/3 HTTP/1.1" 200 145
127.0.0.1 - - [14/Apr/2026:15:55:48 +0200] "GET /back/games/3 HTTP/1.1" 200 156
0:0:0:0:0:0:0:1 - - [14/Apr/2026:15:55:48 +0200] "GET /front/api/games/3 HTTP/1.1" 200 145
127.0.0.1 - - [14/Apr/2026:15:55:48 +0200] "GET /back/games/1 HTTP/1.1" 200 154
0:0:0:0:0:0:0:1 - - [14/Apr/2026:15:55:48 +0200] "GET /front/api/games/1 HTTP/1.1" 200 143
127.0.0.1 - - [14/Apr/2026:15:55:49 +0200] "GET /back/games/3 HTTP/1.1" 200 156
0:0:0:0:0:0:0:1 - - [14/Apr/2026:15:55:49 +0200] "GET /front/api/games/3 HTTP/1.1" 200 145
127.0.0.1 - - [14/Apr/2026:15:55:49 +0200] "POST /back/games/1/leave?joueurId=5 HTTP/1.1" 200 148
0:0:0:0:0:0:0:1 - - [14/Apr/2026:15:55:49 +0200] "POST /front/api/games/1/leave?joueurId=5 HTTP/1.1" 200 137
127.0.0.1 - - [14/Apr/2026:15:55:49 +0200] "GET /back/games HTTP/1.1" 200 454
0:0:0:0:0:0:0:1 - - [14/Apr/2026:15:55:49 +0200] "GET /front/api/games HTTP/1.1" 200 442
127.0.0.1 - - [14/Apr/2026:15:55:50 +0200] "GET /back/games/3 HTTP/1.1" 200 156
0:0:0:0:0:0:0:1 - - [14/Apr/2026:15:55:50 +0200] "GET /front/api/games/3 HTTP/1.1" 200 145
127.0.0.1 - - [14/Apr/2026:15:55:51 +0200] "POST /back/games/3/join?joueurId=5 HTTP/1.1" 201 71
0:0:0:0:0:0:0:1 - - [14/Apr/2026:15:55:51 +0200] "POST /front/api/games/3/join?joueurId=5 HTTP/1.1" 201 60
0:0:0:0:0:0:0:1 - - [14/Apr/2026:15:55:51 +0200] "GET /front/api/games HTTP/1.1" 502 19
127.0.0.1 - - [14/Apr/2026:15:55:51 +0200] "GET /back/games/3 HTTP/1.1" 200 162
0:0:0:0:0:0:0:1 - - [14/Apr/2026:15:55:51 +0200] "GET /front/api/games/3 HTTP/1.1" 200 151
127.0.0.1 - - [14/Apr/2026:15:55:51 +0200] "GET /back/games/3 HTTP/1.1" 200 162
0:0:0:0:0:0:0:1 - - [14/Apr/2026:15:55:51 +0200] "GET /front/api/games/3 HTTP/1.1" 200 151
127.0.0.1 - - [14/Apr/2026:15:55:52 +0200] "GET /back/games/3 HTTP/1.1" 200 162
0:0:0:0:0:0:0:1 - - [14/Apr/2026:15:55:52 +0200] "GET /front/api/games/3 HTTP/1.1" 200 151
127.0.0.1 - - [14/Apr/2026:15:55:53 +0200] "GET /back/games/3 HTTP/1.1" 200 162
0:0:0:0:0:0:0:1 - - [14/Apr/2026:15:55:53 +0200] "GET /front/api/games/3 HTTP/1.1" 200 151
127.0.0.1 - - [14/Apr/2026:15:55:53 +0200] "GET /back/games/3 HTTP/1.1" 200 162
0:0:0:0:0:0:0:1 - - [14/Apr/2026:15:55:53 +0200] "GET /front/api/games/3 HTTP/1.1" 200 151
0:0:0:0:0:0:0:1 - - [14/Apr/2026:15:55:54 +0200] "GET /front/api/games/3 HTTP/1.1" 502 19
0:0:0:0:0:0:0:1 - - [14/Apr/2026:15:55:54 +0200] "GET /back/games/3 HTTP/1.1" 200 162
127.0.0.1 - - [14/Apr/2026:15:55:54 +0200] "POST /back/games/3/start?joueurId=2 HTTP/1.1" 200 168
0:0:0:0:0:0:0:1 - - [14/Apr/2026:15:55:54 +0200] "POST /front/api/games/3/start?joueurId=2 HTTP/1.1" 200 157
127.0.0.1 - - [14/Apr/2026:15:55:55 +0200] "GET /back/games/3 HTTP/1.1" 200 168
0:0:0:0:0:0:0:1 - - [14/Apr/2026:15:55:55 +0200] "GET /front/api/games/3 HTTP/1.1" 200 157
0:0:0:0:0:0:0:1 - - [14/Apr/2026:15:55:55 +0200] "GET /front/game.html?gameId=3&joueurId=5&pseudo=ilo HTTP/1.1" 200 3598
127.0.0.1 - - [14/Apr/2026:15:55:55 +0200] "GET /back/games/3 HTTP/1.1" 200 168
0:0:0:0:0:0:0:1 - - [14/Apr/2026:15:55:55 +0200] "GET /front/api/games/3 HTTP/1.1" 200 157
0:0:0:0:0:0:0:1 - - [14/Apr/2026:15:55:55 +0200] "GET /front/styles.css HTTP/1.1" 200 8091
0:0:0:0:0:0:0:1 - - [14/Apr/2026:15:55:55 +0200] "GET /front/game.css HTTP/1.1" 200 4849
0:0:0:0:0:0:0:1 - - [14/Apr/2026:15:55:55 +0200] "GET /front/game.js HTTP/1.1" 200 10233
0:0:0:0:0:0:0:1 - - [14/Apr/2026:15:55:55 +0200] "GET /front/assets/sons/background.mp3 HTTP/1.1" 206 5572814
0:0:0:0:0:0:0:1 - - [14/Apr/2026:15:55:55 +0200] "GET /front/game.html?gameId=3&joueurId=2&pseudo=theo HTTP/1.1" 200 3598
127.0.0.1 - - [14/Apr/2026:15:55:55 +0200] "GET /back/games/3/state?joueurId=5 HTTP/1.1" 200 890
0:0:0:0:0:0:0:1 - - [14/Apr/2026:15:55:55 +0200] "GET /front/api/games/3/state?joueurId=5 HTTP/1.1" 200 878
0:0:0:0:0:0:0:1 - - [14/Apr/2026:15:55:55 +0200] "GET /front/assets/sons/background.mp3 HTTP/1.1" 206 5572814
127.0.0.1 - - [14/Apr/2026:15:55:55 +0200] "GET /back/games/3/state?joueurId=2 HTTP/1.1" 200 874
0:0:0:0:0:0:0:1 - - [14/Apr/2026:15:55:55 +0200] "GET /front/api/games/3/state?joueurId=2 HTTP/1.1" 200 862
127.0.0.1 - - [14/Apr/2026:15:55:56 +0200] "GET /back/games/3 HTTP/1.1" 200 168
0:0:0:0:0:0:0:1 - - [14/Apr/2026:15:55:56 +0200] "GET /front/api/games/3 HTTP/1.1" 200 157
0:0:0:0:0:0:0:1 - - [14/Apr/2026:15:55:56 +0200] "GET /front/game.html?gameId=3&joueurId=6&pseudo=martin HTTP/1.1" 200 3598
0:0:0:0:0:0:0:1 - - [14/Apr/2026:15:55:56 +0200] "GET /front/assets/sons/background.mp3 HTTP/1.1" 206 5572814
127.0.0.1 - - [14/Apr/2026:15:55:56 +0200] "GET /back/games/3/state?joueurId=6 HTTP/1.1" 200 892
0:0:0:0:0:0:0:1 - - [14/Apr/2026:15:55:56 +0200] "GET /front/api/games/3/state?joueurId=6 HTTP/1.1" 200 880
127.0.0.1 - - [14/Apr/2026:15:55:57 +0200] "GET /back/games/3/state?joueurId=5 HTTP/1.1" 200 890
0:0:0:0:0:0:0:1 - - [14/Apr/2026:15:55:57 +0200] "GET /front/api/games/3/state?joueurId=5 HTTP/1.1" 200 878
127.0.0.1 - - [14/Apr/2026:15:55:57 +0200] "GET /back/games/3/state?joueurId=2 HTTP/1.1" 200 874
0:0:0:0:0:0:0:1 - - [14/Apr/2026:15:55:57 +0200] "GET /front/api/games/3/state?joueurId=2 HTTP/1.1" 200 862
127.0.0.1 - - [14/Apr/2026:15:55:58 +0200] "GET /back/games/3/state?joueurId=6 HTTP/1.1" 200 892
0:0:0:0:0:0:0:1 - - [14/Apr/2026:15:55:58 +0200] "GET /front/api/games/3/state?joueurId=6 HTTP/1.1" 200 880
127.0.0.1 - - [14/Apr/2026:15:55:59 +0200] "GET /back/games/3/state?joueurId=5 HTTP/1.1" 200 890
0:0:0:0:0:0:0:1 - - [14/Apr/2026:15:55:59 +0200] "GET /front/api/games/3/state?joueurId=5 HTTP/1.1" 200 878
127.0.0.1 - - [14/Apr/2026:15:55:59 +0200] "GET /back/games/3/state?joueurId=2 HTTP/1.1" 200 874
0:0:0:0:0:0:0:1 - - [14/Apr/2026:15:55:59 +0200] "GET /front/api/games/3/state?joueurId=2 HTTP/1.1" 200 862
127.0.0.1 - - [14/Apr/2026:15:56:00 +0200] "GET /back/games/3/state?joueurId=6 HTTP/1.1" 200 892
0:0:0:0:0:0:0:1 - - [14/Apr/2026:15:56:00 +0200] "GET /front/api/games/3/state?joueurId=6 HTTP/1.1" 200 880
127.0.0.1 - - [14/Apr/2026:15:56:01 +0200] "GET /back/games/3/state?joueurId=5 HTTP/1.1" 200 890
0:0:0:0:0:0:0:1 - - [14/Apr/2026:15:56:01 +0200] "GET /front/api/games/3/state?joueurId=5 HTTP/1.1" 200 878
127.0.0.1 - - [14/Apr/2026:15:56:01 +0200] "GET /back/games/3/state?joueurId=2 HTTP/1.1" 200 874
0:0:0:0:0:0:0:1 - - [14/Apr/2026:15:56:01 +0200] "GET /front/api/games/3/state?joueurId=2 HTTP/1.1" 200 862
127.0.0.1 - - [14/Apr/2026:15:56:02 +0200] "GET /back/games/3/state?joueurId=6 HTTP/1.1" 200 892
0:0:0:0:0:0:0:1 - - [14/Apr/2026:15:56:02 +0200] "GET /front/api/games/3/state?joueurId=6 HTTP/1.1" 200 880
127.0.0.1 - - [14/Apr/2026:15:56:03 +0200] "GET /back/games/3/state?joueurId=5 HTTP/1.1" 200 890
0:0:0:0:0:0:0:1 - - [14/Apr/2026:15:56:03 +0200] "GET /front/api/games/3/state?joueurId=5 HTTP/1.1" 200 878
127.0.0.1 - - [14/Apr/2026:15:56:03 +0200] "GET /back/games/3/state?joueurId=2 HTTP/1.1" 200 874
0:0:0:0:0:0:0:1 - - [14/Apr/2026:15:56:03 +0200] "GET /front/api/games/3/state?joueurId=2 HTTP/1.1" 200 862
127.0.0.1 - - [14/Apr/2026:15:56:04 +0200] "GET /back/games/3/state?joueurId=6 HTTP/1.1" 200 892
0:0:0:0:0:0:0:1 - - [14/Apr/2026:15:56:04 +0200] "GET /front/api/games/3/state?joueurId=6 HTTP/1.1" 200 880
127.0.0.1 - - [14/Apr/2026:15:56:05 +0200] "GET /back/games/3/state?joueurId=5 HTTP/1.1" 200 890
0:0:0:0:0:0:0:1 - - [14/Apr/2026:15:56:05 +0200] "GET /front/api/games/3/state?joueurId=5 HTTP/1.1" 200 878
127.0.0.1 - - [14/Apr/2026:15:56:05 +0200] "GET /back/games/3/state?joueurId=2 HTTP/1.1" 200 874
0:0:0:0:0:0:0:1 - - [14/Apr/2026:15:56:05 +0200] "GET /front/api/games/3/state?joueurId=2 HTTP/1.1" 200 862
127.0.0.1 - - [14/Apr/2026:15:56:06 +0200] "GET /back/games/3/state?joueurId=6 HTTP/1.1" 200 892
0:0:0:0:0:0:0:1 - - [14/Apr/2026:15:56:06 +0200] "GET /front/api/games/3/state?joueurId=6 HTTP/1.1" 200 880
127.0.0.1 - - [14/Apr/2026:15:56:07 +0200] "POST /back/games/3/play?joueurId=6&cardId=38 HTTP/1.1" 200 840
0:0:0:0:0:0:0:1 - - [14/Apr/2026:15:56:07 +0200] "POST /front/api/games/3/play?joueurId=6&cardId=38 HTTP/1.1" 200 828
127.0.0.1 - - [14/Apr/2026:15:56:07 +0200] "GET /back/games/3/state?joueurId=5 HTTP/1.1" 200 887
0:0:0:0:0:0:0:1 - - [14/Apr/2026:15:56:07 +0200] "GET /front/api/games/3/state?joueurId=5 HTTP/1.1" 200 875
127.0.0.1 - - [14/Apr/2026:15:56:07 +0200] "GET /back/games/3/state?joueurId=2 HTTP/1.1" 200 872
0:0:0:0:0:0:0:1 - - [14/Apr/2026:15:56:07 +0200] "GET /front/api/games/3/state?joueurId=2 HTTP/1.1" 200 860
127.0.0.1 - - [14/Apr/2026:15:56:08 +0200] "GET /back/games/3/state?joueurId=6 HTTP/1.1" 200 840
0:0:0:0:0:0:0:1 - - [14/Apr/2026:15:56:08 +0200] "GET /front/api/games/3/state?joueurId=6 HTTP/1.1" 200 828
127.0.0.1 - - [14/Apr/2026:15:56:09 +0200] "GET /back/games/3/state?joueurId=5 HTTP/1.1" 200 887
0:0:0:0:0:0:0:1 - - [14/Apr/2026:15:56:09 +0200] "GET /front/api/games/3/state?joueurId=5 HTTP/1.1" 200 875
127.0.0.1 - - [14/Apr/2026:15:56:09 +0200] "GET /back/games/3/state?joueurId=2 HTTP/1.1" 200 872
0:0:0:0:0:0:0:1 - - [14/Apr/2026:15:56:09 +0200] "GET /front/api/games/3/state?joueurId=2 HTTP/1.1" 200 860
127.0.0.1 - - [14/Apr/2026:15:56:10 +0200] "GET /back/games/3/state?joueurId=6 HTTP/1.1" 200 840
0:0:0:0:0:0:0:1 - - [14/Apr/2026:15:56:10 +0200] "GET /front/api/games/3/state?joueurId=6 HTTP/1.1" 200 828
127.0.0.1 - - [14/Apr/2026:15:56:11 +0200] "GET /back/games/3/state?joueurId=5 HTTP/1.1" 200 887
0:0:0:0:0:0:0:1 - - [14/Apr/2026:15:56:11 +0200] "GET /front/api/games/3/state?joueurId=5 HTTP/1.1" 200 875
127.0.0.1 - - [14/Apr/2026:15:56:11 +0200] "GET /back/games/3/state?joueurId=2 HTTP/1.1" 200 872
0:0:0:0:0:0:0:1 - - [14/Apr/2026:15:56:11 +0200] "GET /front/api/games/3/state?joueurId=2 HTTP/1.1" 200 860
0:0:0:0:0:0:0:1 - - [14/Apr/2026:15:56:42 +0200] "GET /front/api/games/3/state?joueurId=6 HTTP/1.1" 502 19
0:0:0:0:0:0:0:1 - - [14/Apr/2026:15:56:42 +0200] "GET /front/api/games/3/state?joueurId=5 HTTP/1.1" 502 19
0:0:0:0:0:0:0:1 - - [14/Apr/2026:15:56:42 +0200] "GET /front/api/games/3/state?joueurId=5 HTTP/1.1" 502 19
127.0.0.1 - - [14/Apr/2026:15:56:42 +0200] "GET /back/games/3/state?joueurId=2 HTTP/1.1" 200 872
0:0:0:0:0:0:0:1 - - [14/Apr/2026:15:56:42 +0200] "GET /front/api/games/3/state?joueurId=2 HTTP/1.1" 200 860
127.0.0.1 - - [14/Apr/2026:15:56:42 +0200] "GET /back/games/3/state?joueurId=2 HTTP/1.1" 200 872
0:0:0:0:0:0:0:1 - - [14/Apr/2026:15:56:42 +0200] "GET /front/api/games/3/state?joueurId=2 HTTP/1.1" 200 860
127.0.0.1 - - [14/Apr/2026:15:56:42 +0200] "GET /back/games/3/state?joueurId=6 HTTP/1.1" 200 840
0:0:0:0:0:0:0:1 - - [14/Apr/2026:15:56:42 +0200] "GET /front/api/games/3/state?joueurId=6 HTTP/1.1" 200 828
127.0.0.1 - - [14/Apr/2026:15:56:43 +0200] "GET /back/games/3/state?joueurId=5 HTTP/1.1" 200 887
0:0:0:0:0:0:0:1 - - [14/Apr/2026:15:56:43 +0200] "GET /front/api/games/3/state?joueurId=5 HTTP/1.1" 200 875
127.0.0.1 - - [14/Apr/2026:15:56:43 +0200] "GET /back/games/3/state?joueurId=2 HTTP/1.1" 200 872
0:0:0:0:0:0:0:1 - - [14/Apr/2026:15:56:43 +0200] "GET /front/api/games/3/state?joueurId=2 HTTP/1.1" 200 860
127.0.0.1 - - [14/Apr/2026:15:56:44 +0200] "GET /back/games/3/state?joueurId=6 HTTP/1.1" 200 840
0:0:0:0:0:0:0:1 - - [14/Apr/2026:15:56:44 +0200] "GET /front/api/games/3/state?joueurId=6 HTTP/1.1" 200 828
127.0.0.1 - - [14/Apr/2026:15:56:45 +0200] "GET /back/games/3/state?joueurId=5 HTTP/1.1" 200 887
0:0:0:0:0:0:0:1 - - [14/Apr/2026:15:56:45 +0200] "GET /front/api/games/3/state?joueurId=5 HTTP/1.1" 200 875
127.0.0.1 - - [14/Apr/2026:15:56:45 +0200] "GET /back/games/3/state?joueurId=2 HTTP/1.1" 200 872
0:0:0:0:0:0:0:1 - - [14/Apr/2026:15:56:45 +0200] "GET /front/api/games/3/state?joueurId=2 HTTP/1.1" 200 860
127.0.0.1 - - [14/Apr/2026:15:56:46 +0200] "GET /back/games/3/state?joueurId=6 HTTP/1.1" 200 840
0:0:0:0:0:0:0:1 - - [14/Apr/2026:15:56:46 +0200] "GET /front/api/games/3/state?joueurId=6 HTTP/1.1" 200 828
